2025-04-22 11:50:44,840 INFO Loaded Anthropic configuration from environment variables
2025-04-22 11:50:44,840 INFO Loaded OpenAI configuration from environment variables
2025-04-22 11:50:44,840 INFO Loaded Gemini configuration from environment variables
2025-04-22 11:50:44,840 INFO LLMService initialized with default provider: gemini
2025-04-22 11:50:45,140 DEBUG complete_json() -> provider=gemini, temp=0.4, extended=True
2025-04-22 11:50:45,140 DEBUG Model: gemini-2.5-pro-exp-03-25
2025-04-22 11:50:45,140 DEBUG System prompt:
You are a Tight-Passive (Rock/Nit) poker player. You embody the following characteristics:

Core Identity:
- Extremely risk-averse and conservative
- Focused on capital preservation
- Only plays premium hands and strong holdings
- Avoids confrontation and difficult decisions

Playing Style:
- Play a very narrow range of premium hands (8-12% of starting hands)
- Strong preference for high pairs and big cards
- Rarely bluff, and when you do, only in very favorable situations
- Call rather than raise, even with strong holdings
- Fold to significant aggression unless holding the nuts or near-nuts
- Avoid marginal situations
- Predictable betting patterns but difficult to extract value from
- Extremely patient, waiting for premium situations

You have high intelligence but are extremely risk-averse. Track tendencies of other players and fold to aggressive opponents. Calculate pot odds, equity, and expected value, but require a significant edge before committing chips.

Your decisions should reflect the Tight-Passive approach. Provide clear reasoning that demonstrates why your action aligns with Tight-Passive principles. Be extremely cautious and fold any time you face significant uncertainty or aggression.

2025-04-22 11:50:45,140 DEBUG User prompt:


GAME STATE:
Your Hand: 6C 10D
Community Cards: None
Position: 3
Pot Size: 7
Action History: No actions yet.
Stack Sizes: You: 1000, Alice: 998, Bob: 995, Charlie: 1000, Dan: 1000, Ernesto: 1000, Francis: 1000, Gemma: 1000, Hector: 1000


FULL GAME STATE JSON:
{
  "game_id": "f575ec34-4aa0-4e96-9c8d-4f118c9daa14",
  "players": [
    {
      "player_id": "95d63460-8738-4f3d-b943-f0f22aeed6c5",
      "name": "You",
      "chips": 1000,
      "position": 0,
      "status": "ACTIVE",
      "current_bet": 0,
      "total_bet": 0,
      "cards": null
    },
    {
      "player_id": "c6000a9a-9c39-4809-accc-64db7a1eca1a",
      "name": "Alice",
      "chips": 998,
      "position": 1,
      "status": "ACTIVE",
      "current_bet": 2,
      "total_bet": 2,
      "cards": null
    },
    {
      "player_id": "d2c9c3ca-8b89-4999-ac32-acc6ad9730cd",
      "name": "Bob",
      "chips": 995,
      "position": 2,
      "status": "ACTIVE",
      "current_bet": 5,
      "total_bet": 5,
      "cards": null
    },
    {
      "player_id": "f38bd785-ae95-47f3-976b-0c78b767d581",
      "name": "Charlie",
      "chips": 1000,
      "position": 3,
      "status": "ACTIVE",
      "current_bet": 0,
      "total_bet": 0,
      "cards": [
        {
          "rank": "6",
          "suit": "C"
        },
        {
          "rank": "10",
          "suit": "D"
        }
      ]
    },
    {
      "player_id": "363d066c-0799-426a-8e37-1be8b4d84b50",
      "name": "Dan",
      "chips": 1000,
      "position": 4,
      "status": "ACTIVE",
      "current_bet": 0,
      "total_bet": 0,
      "cards": null
    },
    {
      "player_id": "f943a000-f49d-48b6-a907-3ebab3d88991",
      "name": "Ernesto",
      "chips": 1000,
      "position": 5,
      "status": "ACTIVE",
      "current_bet": 0,
      "total_bet": 0,
      "cards": null
    },
    {
      "player_id": "f7282e1b-fd40-4793-a7df-c61370fbafa0",
      "name": "Francis",
      "chips": 1000,
      "position": 6,
      "status": "ACTIVE",
      "current_bet": 0,
      "total_bet": 0,
      "cards": null
    },
    {
      "player_id": "5bbe2a90-5dad-435f-b0c1-4c6fce5eb445",
      "name": "Gemma",
      "chips": 1000,
      "position": 7,
      "status": "ACTIVE",
      "current_bet": 0,
      "total_bet": 0,
      "cards": null
    },
    {
      "player_id": "3d0a06b2-95e6-42a3-9276-a6021097de19",
      "name": "Hector",
      "chips": 1000,
      "position": 8,
      "status": "ACTIVE",
      "current_bet": 0,
      "total_bet": 0,
      "cards": null
    }
  ],
  "community_cards": [],
  "pots": [
    {
      "name": "Main Pot",
      "amount": 7,
      "eligible_player_names": [
        "Alice",
        "Bob"
      ]
    }
  ],
  "total_pot": 7,
  "current_round": "PREFLOP",
  "button_position": 0,
  "current_player_idx": 3,
  "small_blind": 2,
  "big_blind": 5,
  "ante": 0,
  "max_buy_in": null,
  "min_buy_in": null,
  "action_history": [],
  "to_call": 5
}

OPPONENT PROFILES:
No opponent data available yet.

GAME CONTEXT:
Game Type: cash
Stage: Unknown
Blinds: [2, 5]

Based on the current situation, what action will you take? Analyze the hand, consider pot odds, evaluate opponent tendencies, and make a decision that aligns with your playing style.

2025-04-22 11:50:45,140 DEBUG JSON schema:
{
  "type": "object",
  "required": [
    "thinking",
    "action",
    "amount",
    "reasoning"
  ],
  "properties": {
    "thinking": {
      "type": "string",
      "description": "Your internal thought process analyzing the situation"
    },
    "action": {
      "type": "string",
      "enum": [
        "fold",
        "check",
        "call",
        "bet",
        "raise",
        "all-in"
      ],
      "description": "The poker action to take"
    },
    "amount": {
      "type": [
        "number",
        "null"
      ],
      "description": "The amount to bet or raise relative to the current bet (incremental amount over the current bet), or null for fold/check/call actions"
    },
    "reasoning": {
      "type": "object",
      "required": [
        "hand_assessment",
        "positional_considerations",
        "opponent_reads",
        "archetype_alignment"
      ],
      "properties": {
        "hand_assessment": {
          "type": "string",
          "description": "Assessment of current hand strength and potential"
        },
        "positional_considerations": {
          "type": "string",
          "description": "How position influenced this decision"
        },
        "opponent_reads": {
          "type": "string",
          "description": "What you've observed about opponents' tendencies"
        },
        "archetype_alignment": {
          "type": "string",
          "description": "How this decision aligns with your player archetype"
        }
      }
    },
    "calculations": {
      "type": "object",
      "properties": {
        "pot_odds": {
          "type": "string",
          "description": "Calculated pot odds if relevant"
        },
        "estimated_equity": {
          "type": "string",
          "description": "Estimated equity against opponent ranges"
        }
      }
    }
  }
}
2025-04-22 11:50:45,140 DEBUG Successfully configured Gemini for JSON mode
2025-04-22 11:50:45,140 DEBUG Sending JSON reasoning prompt: 

GAME STATE:
Your Hand: 6C 10D
Community Cards: N...
2025-04-22 11:50:58,618 DEBUG JSON standard response type: <class 'google.generativeai.types.generation_types.GenerateContentResponse'>
2025-04-22 11:50:58,618 DEBUG Successfully accessed JSON response.text
2025-04-22 11:50:58,618 DEBUG JSON prompt processed successfully
2025-04-22 11:50:58,618 DEBUG Raw response type: <class 'google.generativeai.types.generation_types.GenerateContentResponse'>
2025-04-22 11:50:58,619 DEBUG Raw response structure: response:
GenerateContentResponse(
    done=True,
    iterator=None,
    result=protos.GenerateContentResponse({
      "candidates": [
        {
          "content": {
            "parts": [
              {
                "text": ""
              }
            ],
            "role": "model"
          },
          "finish_reason": "MAX_TOKENS",
          "index": 0
        }
      ],
      "usage_metadata": {
        "prompt_token_count": 2070,
        "total_token_count": 2070
      },
      "model_version": "gemini-2.5-pro-exp-03-25"
    }),
)
2025-04-22 11:50:58,619 DEBUG Response has direct 'text' property
2025-04-22 11:50:58,619 ERROR Could not extract valid JSON from response: ...
2025-04-22 11:50:58,619 ERROR Error generating JSON with Gemini API: Could not extract valid JSON from response: ...
2025-04-22 11:50:58,619 ERROR Error making agent decision: Could not extract valid JSON from response: ...
2025-04-22 11:50:58,621 ERROR Traceback (most recent call last):
  File "/home/therealpananon/cscpt/ai/providers/gemini_provider.py", line 860, in complete_json
    return json.loads(cleaned_text)
           ^^^^^^^^^^^^^^^^^^^^^^^^
  File "/usr/lib/python3.12/json/__init__.py", line 346, in loads
    return _default_decoder.decode(s)
           ^^^^^^^^^^^^^^^^^^^^^^^^^^
  File "/usr/lib/python3.12/json/decoder.py", line 337, in decode
    obj, end = self.raw_decode(s, idx=_w(s, 0).end())
               ^^^^^^^^^^^^^^^^^^^^^^^^^^^^^^^^^^^^^^
  File "/usr/lib/python3.12/json/decoder.py", line 355, in raw_decode
    raise JSONDecodeError("Expecting value", s, err.value) from None
json.decoder.JSONDecodeError: Expecting value: line 1 column 1 (char 0)

During handling of the above exception, another exception occurred:

Traceback (most recent call last):
  File "/home/therealpananon/cscpt/ai/agents/base_agent.py", line 474, in make_decision
    response = await self.llm_service.complete_json(
               ^^^^^^^^^^^^^^^^^^^^^^^^^^^^^^^^^^^^^
  File "/home/therealpananon/cscpt/ai/llm_service.py", line 161, in complete_json
    resp = await prov.complete_json(
           ^^^^^^^^^^^^^^^^^^^^^^^^^
  File "/home/therealpananon/cscpt/ai/providers/gemini_provider.py", line 863, in complete_json
    raise ValueError(f"Could not extract valid JSON from response: {response_text[:50]}...")
ValueError: Could not extract valid JSON from response: ...

2025-04-22 11:50:58,621 INFO Applying game rules for action: fold, amount: None
2025-04-22 11:50:58,621 INFO Player stack: 1000, Current bet: 5, Min raise: 10
2025-04-22 11:50:59,126 INFO Loaded Anthropic configuration from environment variables
2025-04-22 11:50:59,126 INFO Loaded OpenAI configuration from environment variables
2025-04-22 11:50:59,126 INFO Loaded Gemini configuration from environment variables
2025-04-22 11:50:59,126 INFO LLMService initialized with default provider: gemini
2025-04-22 11:50:59,127 DEBUG complete_json() -> provider=gemini, temp=0.5, extended=True
2025-04-22 11:50:59,127 DEBUG Model: gemini-2.5-pro-exp-03-25
2025-04-22 11:50:59,127 DEBUG System prompt:
You are a Calling Station poker player. You embody the following characteristics:

Core Identity:
- Passive and call-oriented
- Overly optimistic about hand strength and drawing odds
- Reluctant to fold once invested in a hand
- Difficulty assessing relative hand strength

Playing Style:
- Call frequently with a wide range of marginal hands
- Rarely raise, even with strong holdings
- Almost never bluff
- Continue with draws regardless of pot odds
- Overvalue middle pairs, weak top pairs, and drawing hands
- Fold pre-flop to large raises unless holding premium hands
- Call down with weak holdings hoping to catch bluffs
- Predictable and exploitable but occasionally frustrating when hitting unlikely draws

You have basic intelligence and limited opponent modeling capabilities. You focus primarily on your own cards rather than what opponents might have. You frequently misinterpret or ignore pot odds.

Your decisions should reflect the Calling Station approach. Provide reasoning that demonstrates why your action aligns with Calling Station principles. Be overly optimistic about your hand's chances and willing to call "to see what happens."

2025-04-22 11:50:59,127 DEBUG User prompt:


GAME STATE:
Your Hand: 6H 7C
Community Cards: None
Position: 4
Pot Size: 7
Action History: [PREFLOP] → Charlie fold
Stack Sizes: You: 1000, Alice: 998, Bob: 995, Charlie: 1000, Dan: 1000, Ernesto: 1000, Francis: 1000, Gemma: 1000, Hector: 1000


FULL GAME STATE JSON:
{
  "game_id": "f575ec34-4aa0-4e96-9c8d-4f118c9daa14",
  "players": [
    {
      "player_id": "95d63460-8738-4f3d-b943-f0f22aeed6c5",
      "name": "You",
      "chips": 1000,
      "position": 0,
      "status": "ACTIVE",
      "current_bet": 0,
      "total_bet": 0,
      "cards": null
    },
    {
      "player_id": "c6000a9a-9c39-4809-accc-64db7a1eca1a",
      "name": "Alice",
      "chips": 998,
      "position": 1,
      "status": "ACTIVE",
      "current_bet": 2,
      "total_bet": 2,
      "cards": null
    },
    {
      "player_id": "d2c9c3ca-8b89-4999-ac32-acc6ad9730cd",
      "name": "Bob",
      "chips": 995,
      "position": 2,
      "status": "ACTIVE",
      "current_bet": 5,
      "total_bet": 5,
      "cards": null
    },
    {
      "player_id": "f38bd785-ae95-47f3-976b-0c78b767d581",
      "name": "Charlie",
      "chips": 1000,
      "position": 3,
      "status": "FOLDED",
      "current_bet": 0,
      "total_bet": 0,
      "cards": null
    },
    {
      "player_id": "363d066c-0799-426a-8e37-1be8b4d84b50",
      "name": "Dan",
      "chips": 1000,
      "position": 4,
      "status": "ACTIVE",
      "current_bet": 0,
      "total_bet": 0,
      "cards": [
        {
          "rank": "6",
          "suit": "H"
        },
        {
          "rank": "7",
          "suit": "C"
        }
      ]
    },
    {
      "player_id": "f943a000-f49d-48b6-a907-3ebab3d88991",
      "name": "Ernesto",
      "chips": 1000,
      "position": 5,
      "status": "ACTIVE",
      "current_bet": 0,
      "total_bet": 0,
      "cards": null
    },
    {
      "player_id": "f7282e1b-fd40-4793-a7df-c61370fbafa0",
      "name": "Francis",
      "chips": 1000,
      "position": 6,
      "status": "ACTIVE",
      "current_bet": 0,
      "total_bet": 0,
      "cards": null
    },
    {
      "player_id": "5bbe2a90-5dad-435f-b0c1-4c6fce5eb445",
      "name": "Gemma",
      "chips": 1000,
      "position": 7,
      "status": "ACTIVE",
      "current_bet": 0,
      "total_bet": 0,
      "cards": null
    },
    {
      "player_id": "3d0a06b2-95e6-42a3-9276-a6021097de19",
      "name": "Hector",
      "chips": 1000,
      "position": 8,
      "status": "ACTIVE",
      "current_bet": 0,
      "total_bet": 0,
      "cards": null
    }
  ],
  "community_cards": [],
  "pots": [
    {
      "name": "Main Pot",
      "amount": 7,
      "eligible_player_names": [
        "Alice",
        "Bob"
      ]
    }
  ],
  "total_pot": 7,
  "current_round": "PREFLOP",
  "button_position": 0,
  "current_player_idx": 4,
  "small_blind": 2,
  "big_blind": 5,
  "ante": 0,
  "max_buy_in": null,
  "min_buy_in": null,
  "action_history": [
    {
      "action": "fold",
      "amount": null,
      "round": "preflop",
      "timestamp": "2025-04-22T11:50:58.622409",
      "name": "Charlie"
    }
  ],
  "to_call": 5
}

OPPONENT PROFILES:
No opponent data available yet.

GAME CONTEXT:
Game Type: cash
Stage: Unknown
Blinds: [2, 5]

Based on the current situation, what action will you take? Analyze the hand, consider pot odds, evaluate opponent tendencies, and make a decision that aligns with your playing style.

2025-04-22 11:50:59,127 DEBUG JSON schema:
{
  "type": "object",
  "required": [
    "thinking",
    "action",
    "amount",
    "reasoning"
  ],
  "properties": {
    "thinking": {
      "type": "string",
      "description": "Your internal thought process analyzing the situation"
    },
    "action": {
      "type": "string",
      "enum": [
        "fold",
        "check",
        "call",
        "bet",
        "raise",
        "all-in"
      ],
      "description": "The poker action to take"
    },
    "amount": {
      "type": [
        "number",
        "null"
      ],
      "description": "The amount to bet or raise relative to the current bet (incremental amount over the current bet), or null for fold/check/call actions"
    },
    "reasoning": {
      "type": "object",
      "required": [
        "hand_assessment",
        "positional_considerations",
        "opponent_reads",
        "archetype_alignment"
      ],
      "properties": {
        "hand_assessment": {
          "type": "string",
          "description": "Assessment of current hand strength and potential"
        },
        "positional_considerations": {
          "type": "string",
          "description": "How position influenced this decision"
        },
        "opponent_reads": {
          "type": "string",
          "description": "What you've observed about opponents' tendencies"
        },
        "archetype_alignment": {
          "type": "string",
          "description": "How this decision aligns with your player archetype"
        }
      }
    },
    "calculations": {
      "type": "object",
      "properties": {
        "pot_odds": {
          "type": "string",
          "description": "Calculated pot odds if relevant"
        },
        "estimated_equity": {
          "type": "string",
          "description": "Estimated equity against opponent ranges"
        }
      }
    }
  }
}
2025-04-22 11:50:59,127 DEBUG Successfully configured Gemini for JSON mode
2025-04-22 11:50:59,127 DEBUG Sending JSON reasoning prompt: 

GAME STATE:
Your Hand: 6H 7C
Community Cards: No...
2025-04-22 11:51:13,676 DEBUG JSON standard response type: <class 'google.generativeai.types.generation_types.GenerateContentResponse'>
2025-04-22 11:51:13,676 DEBUG Successfully accessed JSON response.text
2025-04-22 11:51:13,677 DEBUG JSON prompt processed successfully
2025-04-22 11:51:13,677 DEBUG Raw response type: <class 'google.generativeai.types.generation_types.GenerateContentResponse'>
2025-04-22 11:51:13,677 DEBUG Raw response structure: response:
GenerateContentResponse(
    done=True,
    iterator=None,
    result=protos.GenerateContentResponse({
      "candidates": [
        {
          "content": {
            "parts": [
              {
                "text": ""
              }
            ],
            "role": "model"
          },
          "finish_reason": "MAX_TOKENS",
          "index": 0
        }
      ],
      "usage_metadata": {
        "prompt_token_count": 2130,
        "total_token_count": 2130
      },
      "model_version": "gemini-2.5-pro-exp-03-25"
    }),
)
2025-04-22 11:51:13,677 DEBUG Response has direct 'text' property
2025-04-22 11:51:13,677 ERROR Could not extract valid JSON from response: ...
2025-04-22 11:51:13,677 ERROR Error generating JSON with Gemini API: Could not extract valid JSON from response: ...
2025-04-22 11:51:13,677 ERROR Error making agent decision: Could not extract valid JSON from response: ...
2025-04-22 11:51:13,678 ERROR Traceback (most recent call last):
  File "/home/therealpananon/cscpt/ai/providers/gemini_provider.py", line 860, in complete_json
    return json.loads(cleaned_text)
           ^^^^^^^^^^^^^^^^^^^^^^^^
  File "/usr/lib/python3.12/json/__init__.py", line 346, in loads
    return _default_decoder.decode(s)
           ^^^^^^^^^^^^^^^^^^^^^^^^^^
  File "/usr/lib/python3.12/json/decoder.py", line 337, in decode
    obj, end = self.raw_decode(s, idx=_w(s, 0).end())
               ^^^^^^^^^^^^^^^^^^^^^^^^^^^^^^^^^^^^^^
  File "/usr/lib/python3.12/json/decoder.py", line 355, in raw_decode
    raise JSONDecodeError("Expecting value", s, err.value) from None
json.decoder.JSONDecodeError: Expecting value: line 1 column 1 (char 0)

During handling of the above exception, another exception occurred:

Traceback (most recent call last):
  File "/home/therealpananon/cscpt/ai/agents/base_agent.py", line 474, in make_decision
    response = await self.llm_service.complete_json(
               ^^^^^^^^^^^^^^^^^^^^^^^^^^^^^^^^^^^^^
  File "/home/therealpananon/cscpt/ai/llm_service.py", line 161, in complete_json
    resp = await prov.complete_json(
           ^^^^^^^^^^^^^^^^^^^^^^^^^
  File "/home/therealpananon/cscpt/ai/providers/gemini_provider.py", line 863, in complete_json
    raise ValueError(f"Could not extract valid JSON from response: {response_text[:50]}...")
ValueError: Could not extract valid JSON from response: ...

2025-04-22 11:51:13,678 INFO Applying game rules for action: fold, amount: None
2025-04-22 11:51:13,678 INFO Player stack: 1000, Current bet: 5, Min raise: 10
2025-04-22 11:51:14,183 INFO Loaded Anthropic configuration from environment variables
2025-04-22 11:51:14,183 INFO Loaded OpenAI configuration from environment variables
2025-04-22 11:51:14,183 INFO Loaded Gemini configuration from environment variables
2025-04-22 11:51:14,183 INFO LLMService initialized with default provider: gemini
2025-04-22 11:51:14,184 DEBUG complete_json() -> provider=gemini, temp=0.6, extended=True
2025-04-22 11:51:14,184 DEBUG Model: gemini-2.5-pro-exp-03-25
2025-04-22 11:51:14,184 DEBUG System prompt:
You are a Loose-Passive (Fish) poker player. You embody the following characteristics:

Core Identity:
- Recreational and entertainment-focused
- Enjoys seeing many flops and playing hands
- Avoids aggression and confrontation
- Often makes fundamental strategic errors

Playing Style:
- Play many hands pre-flop (40-60% of starting hands)
- Likes to see flops cheaply with any suited cards, connected cards, or face cards
- Rarely raises pre-flop, preferring to limp or call
- Continues with hands that have minimal equity
- Calls too frequently with drawing hands regardless of pot odds
- Doesn't extract value with strong hands
- Predictable post-flop patterns based primarily on absolute hand strength
- Makes fundamental errors in bet sizing and hand reading

You have basic intelligence and limited opponent modeling capabilities. You focus primarily on your own cards and how they connect with the board. You frequently make mathematical errors when calculating odds.

Your decisions should reflect the Loose-Passive approach. Provide reasoning that demonstrates why your action aligns with Loose-Passive principles. Be drawn to playing hands that seem "fun" or have a chance to make something interesting.

2025-04-22 11:51:14,184 DEBUG User prompt:


GAME STATE:
Your Hand: KS 10H
Community Cards: None
Position: 5
Pot Size: 7
Action History: [PREFLOP] → Charlie fold → Dan fold
Stack Sizes: You: 1000, Alice: 998, Bob: 995, Charlie: 1000, Dan: 1000, Ernesto: 1000, Francis: 1000, Gemma: 1000, Hector: 1000


FULL GAME STATE JSON:
{
  "game_id": "f575ec34-4aa0-4e96-9c8d-4f118c9daa14",
  "players": [
    {
      "player_id": "95d63460-8738-4f3d-b943-f0f22aeed6c5",
      "name": "You",
      "chips": 1000,
      "position": 0,
      "status": "ACTIVE",
      "current_bet": 0,
      "total_bet": 0,
      "cards": null
    },
    {
      "player_id": "c6000a9a-9c39-4809-accc-64db7a1eca1a",
      "name": "Alice",
      "chips": 998,
      "position": 1,
      "status": "ACTIVE",
      "current_bet": 2,
      "total_bet": 2,
      "cards": null
    },
    {
      "player_id": "d2c9c3ca-8b89-4999-ac32-acc6ad9730cd",
      "name": "Bob",
      "chips": 995,
      "position": 2,
      "status": "ACTIVE",
      "current_bet": 5,
      "total_bet": 5,
      "cards": null
    },
    {
      "player_id": "f38bd785-ae95-47f3-976b-0c78b767d581",
      "name": "Charlie",
      "chips": 1000,
      "position": 3,
      "status": "FOLDED",
      "current_bet": 0,
      "total_bet": 0,
      "cards": null
    },
    {
      "player_id": "363d066c-0799-426a-8e37-1be8b4d84b50",
      "name": "Dan",
      "chips": 1000,
      "position": 4,
      "status": "FOLDED",
      "current_bet": 0,
      "total_bet": 0,
      "cards": null
    },
    {
      "player_id": "f943a000-f49d-48b6-a907-3ebab3d88991",
      "name": "Ernesto",
      "chips": 1000,
      "position": 5,
      "status": "ACTIVE",
      "current_bet": 0,
      "total_bet": 0,
      "cards": [
        {
          "rank": "K",
          "suit": "S"
        },
        {
          "rank": "10",
          "suit": "H"
        }
      ]
    },
    {
      "player_id": "f7282e1b-fd40-4793-a7df-c61370fbafa0",
      "name": "Francis",
      "chips": 1000,
      "position": 6,
      "status": "ACTIVE",
      "current_bet": 0,
      "total_bet": 0,
      "cards": null
    },
    {
      "player_id": "5bbe2a90-5dad-435f-b0c1-4c6fce5eb445",
      "name": "Gemma",
      "chips": 1000,
      "position": 7,
      "status": "ACTIVE",
      "current_bet": 0,
      "total_bet": 0,
      "cards": null
    },
    {
      "player_id": "3d0a06b2-95e6-42a3-9276-a6021097de19",
      "name": "Hector",
      "chips": 1000,
      "position": 8,
      "status": "ACTIVE",
      "current_bet": 0,
      "total_bet": 0,
      "cards": null
    }
  ],
  "community_cards": [],
  "pots": [
    {
      "name": "Main Pot",
      "amount": 7,
      "eligible_player_names": [
        "Alice",
        "Bob"
      ]
    }
  ],
  "total_pot": 7,
  "current_round": "PREFLOP",
  "button_position": 0,
  "current_player_idx": 5,
  "small_blind": 2,
  "big_blind": 5,
  "ante": 0,
  "max_buy_in": null,
  "min_buy_in": null,
  "action_history": [
    {
      "action": "fold",
      "amount": null,
      "round": "preflop",
      "timestamp": "2025-04-22T11:50:58.622409",
      "name": "Charlie"
    },
    {
      "action": "fold",
      "amount": null,
      "round": "preflop",
      "timestamp": "2025-04-22T11:51:13.679612",
      "name": "Dan"
    }
  ],
  "to_call": 5
}

OPPONENT PROFILES:
No opponent data available yet.

GAME CONTEXT:
Game Type: cash
Stage: Unknown
Blinds: [2, 5]

Based on the current situation, what action will you take? Analyze the hand, consider pot odds, evaluate opponent tendencies, and make a decision that aligns with your playing style.

2025-04-22 11:51:14,184 DEBUG JSON schema:
{
  "type": "object",
  "required": [
    "thinking",
    "action",
    "amount",
    "reasoning"
  ],
  "properties": {
    "thinking": {
      "type": "string",
      "description": "Your internal thought process analyzing the situation"
    },
    "action": {
      "type": "string",
      "enum": [
        "fold",
        "check",
        "call",
        "bet",
        "raise",
        "all-in"
      ],
      "description": "The poker action to take"
    },
    "amount": {
      "type": [
        "number",
        "null"
      ],
      "description": "The amount to bet or raise relative to the current bet (incremental amount over the current bet), or null for fold/check/call actions"
    },
    "reasoning": {
      "type": "object",
      "required": [
        "hand_assessment",
        "positional_considerations",
        "opponent_reads",
        "archetype_alignment"
      ],
      "properties": {
        "hand_assessment": {
          "type": "string",
          "description": "Assessment of current hand strength and potential"
        },
        "positional_considerations": {
          "type": "string",
          "description": "How position influenced this decision"
        },
        "opponent_reads": {
          "type": "string",
          "description": "What you've observed about opponents' tendencies"
        },
        "archetype_alignment": {
          "type": "string",
          "description": "How this decision aligns with your player archetype"
        }
      }
    },
    "calculations": {
      "type": "object",
      "properties": {
        "pot_odds": {
          "type": "string",
          "description": "Calculated pot odds if relevant"
        },
        "estimated_equity": {
          "type": "string",
          "description": "Estimated equity against opponent ranges"
        }
      }
    }
  }
}
2025-04-22 11:51:14,184 DEBUG Successfully configured Gemini for JSON mode
2025-04-22 11:51:14,184 DEBUG Sending JSON reasoning prompt: 

GAME STATE:
Your Hand: KS 10H
Community Cards: N...
2025-04-22 11:51:28,100 DEBUG JSON standard response type: <class 'google.generativeai.types.generation_types.GenerateContentResponse'>
2025-04-22 11:51:28,101 DEBUG Successfully accessed JSON response.text
2025-04-22 11:51:28,101 DEBUG JSON prompt processed successfully
2025-04-22 11:51:28,101 DEBUG Raw response type: <class 'google.generativeai.types.generation_types.GenerateContentResponse'>
2025-04-22 11:51:28,101 DEBUG Raw response structure: response:
GenerateContentResponse(
    done=True,
    iterator=None,
    result=protos.GenerateContentResponse({
      "candidates": [
        {
          "content": {
            "parts": [
              {
                "text": "{\n  \"thinking\": \"Okay,"
              }
            ],
            "role": "model"
          },
          "finish_reason": "MAX_TOKENS",
          "index": 0
        }
      ],
      "usage_metadata": {
        "prompt_token_count": 2227,
        "candidates_token_count": 1011,
        "total_token_count": 3238
      },
      "model_version": "gemini-2.5-pro-exp-03-25"
    }),
)
2025-04-22 11:51:28,101 DEBUG Response has direct 'text' property
2025-04-22 11:51:28,101 ERROR Could not extract valid JSON from response: {
  "thinking": "Okay,...
2025-04-22 11:51:28,101 ERROR Error generating JSON with Gemini API: Could not extract valid JSON from response: {
  "thinking": "Okay,...
2025-04-22 11:51:28,101 ERROR Error making agent decision: Could not extract valid JSON from response: {
  "thinking": "Okay,...
2025-04-22 11:51:28,102 ERROR Traceback (most recent call last):
  File "/home/therealpananon/cscpt/ai/providers/gemini_provider.py", line 860, in complete_json
    return json.loads(cleaned_text)
           ^^^^^^^^^^^^^^^^^^^^^^^^
  File "/usr/lib/python3.12/json/__init__.py", line 346, in loads
    return _default_decoder.decode(s)
           ^^^^^^^^^^^^^^^^^^^^^^^^^^
  File "/usr/lib/python3.12/json/decoder.py", line 337, in decode
    obj, end = self.raw_decode(s, idx=_w(s, 0).end())
               ^^^^^^^^^^^^^^^^^^^^^^^^^^^^^^^^^^^^^^
  File "/usr/lib/python3.12/json/decoder.py", line 353, in raw_decode
    obj, end = self.scan_once(s, idx)
               ^^^^^^^^^^^^^^^^^^^^^^
json.decoder.JSONDecodeError: Unterminated string starting at: line 2 column 15 (char 16)

During handling of the above exception, another exception occurred:

Traceback (most recent call last):
  File "/home/therealpananon/cscpt/ai/agents/base_agent.py", line 474, in make_decision
    response = await self.llm_service.complete_json(
               ^^^^^^^^^^^^^^^^^^^^^^^^^^^^^^^^^^^^^
  File "/home/therealpananon/cscpt/ai/llm_service.py", line 161, in complete_json
    resp = await prov.complete_json(
           ^^^^^^^^^^^^^^^^^^^^^^^^^
  File "/home/therealpananon/cscpt/ai/providers/gemini_provider.py", line 863, in complete_json
    raise ValueError(f"Could not extract valid JSON from response: {response_text[:50]}...")
ValueError: Could not extract valid JSON from response: {
  "thinking": "Okay,...

2025-04-22 11:51:28,102 INFO Applying game rules for action: fold, amount: None
2025-04-22 11:51:28,102 INFO Player stack: 1000, Current bet: 5, Min raise: 10
2025-04-22 11:51:28,607 INFO Loaded Anthropic configuration from environment variables
2025-04-22 11:51:28,607 INFO Loaded OpenAI configuration from environment variables
2025-04-22 11:51:28,607 INFO Loaded Gemini configuration from environment variables
2025-04-22 11:51:28,607 INFO LLMService initialized with default provider: gemini
2025-04-22 11:51:28,608 DEBUG complete_json() -> provider=gemini, temp=0.9, extended=True
2025-04-22 11:51:28,608 DEBUG Model: gemini-2.5-pro-exp-03-25
2025-04-22 11:51:28,608 DEBUG System prompt:
You are a Maniac poker player. You embody the following characteristics:

Core Identity:
- Ultra-aggressive and action-oriented
- Thrill-seeking and volatility-embracing
- Minimal regard for conventional hand selection
- Believes aggression is always the best approach

Playing Style:
- Play an extremely wide range of hands (50-70%)
- Raise and re-raise constantly with little regard for hand strength
- Apply maximum pressure in most situations
- Use overbets and unusual sizing to confuse opponents
- Bluff with high frequency in all situations
- Rarely slow play even monster hands
- Create chaotic, high-variance situations
- Constantly attack perceived weakness

You have intermediate intelligence and can occasionally pick up on opponent tendencies, but you primarily focus on implementing your aggressive strategy regardless of context.

Your decisions should reflect the Maniac approach. Provide reasoning that demonstrates why your action aligns with Maniac principles. Be overly confident in your bluffs and consistently favor the most aggressive option available.

2025-04-22 11:51:28,608 DEBUG User prompt:


GAME STATE:
Your Hand: JS 2H
Community Cards: None
Position: 6
Pot Size: 7
Action History: [PREFLOP] → Charlie fold → Dan fold → Ernesto fold
Stack Sizes: You: 1000, Alice: 998, Bob: 995, Charlie: 1000, Dan: 1000, Ernesto: 1000, Francis: 1000, Gemma: 1000, Hector: 1000


FULL GAME STATE JSON:
{
  "game_id": "f575ec34-4aa0-4e96-9c8d-4f118c9daa14",
  "players": [
    {
      "player_id": "95d63460-8738-4f3d-b943-f0f22aeed6c5",
      "name": "You",
      "chips": 1000,
      "position": 0,
      "status": "ACTIVE",
      "current_bet": 0,
      "total_bet": 0,
      "cards": null
    },
    {
      "player_id": "c6000a9a-9c39-4809-accc-64db7a1eca1a",
      "name": "Alice",
      "chips": 998,
      "position": 1,
      "status": "ACTIVE",
      "current_bet": 2,
      "total_bet": 2,
      "cards": null
    },
    {
      "player_id": "d2c9c3ca-8b89-4999-ac32-acc6ad9730cd",
      "name": "Bob",
      "chips": 995,
      "position": 2,
      "status": "ACTIVE",
      "current_bet": 5,
      "total_bet": 5,
      "cards": null
    },
    {
      "player_id": "f38bd785-ae95-47f3-976b-0c78b767d581",
      "name": "Charlie",
      "chips": 1000,
      "position": 3,
      "status": "FOLDED",
      "current_bet": 0,
      "total_bet": 0,
      "cards": null
    },
    {
      "player_id": "363d066c-0799-426a-8e37-1be8b4d84b50",
      "name": "Dan",
      "chips": 1000,
      "position": 4,
      "status": "FOLDED",
      "current_bet": 0,
      "total_bet": 0,
      "cards": null
    },
    {
      "player_id": "f943a000-f49d-48b6-a907-3ebab3d88991",
      "name": "Ernesto",
      "chips": 1000,
      "position": 5,
      "status": "FOLDED",
      "current_bet": 0,
      "total_bet": 0,
      "cards": null
    },
    {
      "player_id": "f7282e1b-fd40-4793-a7df-c61370fbafa0",
      "name": "Francis",
      "chips": 1000,
      "position": 6,
      "status": "ACTIVE",
      "current_bet": 0,
      "total_bet": 0,
      "cards": [
        {
          "rank": "J",
          "suit": "S"
        },
        {
          "rank": "2",
          "suit": "H"
        }
      ]
    },
    {
      "player_id": "5bbe2a90-5dad-435f-b0c1-4c6fce5eb445",
      "name": "Gemma",
      "chips": 1000,
      "position": 7,
      "status": "ACTIVE",
      "current_bet": 0,
      "total_bet": 0,
      "cards": null
    },
    {
      "player_id": "3d0a06b2-95e6-42a3-9276-a6021097de19",
      "name": "Hector",
      "chips": 1000,
      "position": 8,
      "status": "ACTIVE",
      "current_bet": 0,
      "total_bet": 0,
      "cards": null
    }
  ],
  "community_cards": [],
  "pots": [
    {
      "name": "Main Pot",
      "amount": 7,
      "eligible_player_names": [
        "Alice",
        "Bob"
      ]
    }
  ],
  "total_pot": 7,
  "current_round": "PREFLOP",
  "button_position": 0,
  "current_player_idx": 6,
  "small_blind": 2,
  "big_blind": 5,
  "ante": 0,
  "max_buy_in": null,
  "min_buy_in": null,
  "action_history": [
    {
      "action": "fold",
      "amount": null,
      "round": "preflop",
      "timestamp": "2025-04-22T11:50:58.622409",
      "name": "Charlie"
    },
    {
      "action": "fold",
      "amount": null,
      "round": "preflop",
      "timestamp": "2025-04-22T11:51:13.679612",
      "name": "Dan"
    },
    {
      "action": "fold",
      "amount": null,
      "round": "preflop",
      "timestamp": "2025-04-22T11:51:28.103387",
      "name": "Ernesto"
    }
  ],
  "to_call": 5
}

OPPONENT PROFILES:
Charlie: [VPIP:Unknown][PFR:Unknown][3Bet:Unknown]
Dan: [VPIP:Unknown][PFR:Unknown][3Bet:Unknown]
Ernesto: [VPIP:Unknown][PFR:Unknown][3Bet:Unknown]

GAME CONTEXT:
Game Type: cash
Stage: Unknown
Blinds: [2, 5]

Based on the current situation, what action will you take? Analyze the hand, consider pot odds, evaluate opponent tendencies, and make a decision that aligns with your playing style.

2025-04-22 11:51:28,608 DEBUG JSON schema:
{
  "type": "object",
  "required": [
    "thinking",
    "action",
    "amount",
    "reasoning"
  ],
  "properties": {
    "thinking": {
      "type": "string",
      "description": "Your internal thought process analyzing the situation"
    },
    "action": {
      "type": "string",
      "enum": [
        "fold",
        "check",
        "call",
        "bet",
        "raise",
        "all-in"
      ],
      "description": "The poker action to take"
    },
    "amount": {
      "type": [
        "number",
        "null"
      ],
      "description": "The amount to bet or raise relative to the current bet (incremental amount over the current bet), or null for fold/check/call actions"
    },
    "reasoning": {
      "type": "object",
      "required": [
        "hand_assessment",
        "positional_considerations",
        "opponent_reads",
        "archetype_alignment"
      ],
      "properties": {
        "hand_assessment": {
          "type": "string",
          "description": "Assessment of current hand strength and potential"
        },
        "positional_considerations": {
          "type": "string",
          "description": "How position influenced this decision"
        },
        "opponent_reads": {
          "type": "string",
          "description": "What you've observed about opponents' tendencies"
        },
        "archetype_alignment": {
          "type": "string",
          "description": "How this decision aligns with your player archetype"
        }
      }
    },
    "calculations": {
      "type": "object",
      "properties": {
        "pot_odds": {
          "type": "string",
          "description": "Calculated pot odds if relevant"
        },
        "estimated_equity": {
          "type": "string",
          "description": "Estimated equity against opponent ranges"
        }
      }
    }
  }
}
2025-04-22 11:51:28,608 DEBUG Successfully configured Gemini for JSON mode
2025-04-22 11:51:28,608 DEBUG Sending JSON reasoning prompt: 

GAME STATE:
Your Hand: JS 2H
Community Cards: No...
2025-04-22 11:51:42,876 DEBUG JSON standard response type: <class 'google.generativeai.types.generation_types.GenerateContentResponse'>
2025-04-22 11:51:42,876 DEBUG Successfully accessed JSON response.text
2025-04-22 11:51:42,876 DEBUG JSON prompt processed successfully
2025-04-22 11:51:42,876 DEBUG Raw response type: <class 'google.generativeai.types.generation_types.GenerateContentResponse'>
2025-04-22 11:51:42,876 DEBUG Raw response structure: response:
GenerateContentResponse(
    done=True,
    iterator=None,
    result=protos.GenerateContentResponse({
      "candidates": [
        {
          "content": {
            "parts": [
              {
                "text": ""
              }
            ],
            "role": "model"
          },
          "finish_reason": "MAX_TOKENS",
          "index": 0
        }
      ],
      "usage_metadata": {
        "prompt_token_count": 2316,
        "total_token_count": 2316
      },
      "model_version": "gemini-2.5-pro-exp-03-25"
    }),
)
2025-04-22 11:51:42,876 DEBUG Response has direct 'text' property
2025-04-22 11:51:42,876 ERROR Could not extract valid JSON from response: ...
2025-04-22 11:51:42,876 ERROR Error generating JSON with Gemini API: Could not extract valid JSON from response: ...
2025-04-22 11:51:42,876 ERROR Error making agent decision: Could not extract valid JSON from response: ...
2025-04-22 11:51:42,877 ERROR Traceback (most recent call last):
  File "/home/therealpananon/cscpt/ai/providers/gemini_provider.py", line 860, in complete_json
    return json.loads(cleaned_text)
           ^^^^^^^^^^^^^^^^^^^^^^^^
  File "/usr/lib/python3.12/json/__init__.py", line 346, in loads
    return _default_decoder.decode(s)
           ^^^^^^^^^^^^^^^^^^^^^^^^^^
  File "/usr/lib/python3.12/json/decoder.py", line 337, in decode
    obj, end = self.raw_decode(s, idx=_w(s, 0).end())
               ^^^^^^^^^^^^^^^^^^^^^^^^^^^^^^^^^^^^^^
  File "/usr/lib/python3.12/json/decoder.py", line 355, in raw_decode
    raise JSONDecodeError("Expecting value", s, err.value) from None
json.decoder.JSONDecodeError: Expecting value: line 1 column 1 (char 0)

During handling of the above exception, another exception occurred:

Traceback (most recent call last):
  File "/home/therealpananon/cscpt/ai/agents/base_agent.py", line 474, in make_decision
    response = await self.llm_service.complete_json(
               ^^^^^^^^^^^^^^^^^^^^^^^^^^^^^^^^^^^^^
  File "/home/therealpananon/cscpt/ai/llm_service.py", line 161, in complete_json
    resp = await prov.complete_json(
           ^^^^^^^^^^^^^^^^^^^^^^^^^
  File "/home/therealpananon/cscpt/ai/providers/gemini_provider.py", line 863, in complete_json
    raise ValueError(f"Could not extract valid JSON from response: {response_text[:50]}...")
ValueError: Could not extract valid JSON from response: ...

2025-04-22 11:51:42,877 INFO Applying game rules for action: fold, amount: None
2025-04-22 11:51:42,877 INFO Player stack: 1000, Current bet: 5, Min raise: 10
2025-04-22 11:52:56,239 INFO Loaded Anthropic configuration from environment variables
2025-04-22 11:52:56,240 INFO Loaded OpenAI configuration from environment variables
2025-04-22 11:52:56,240 INFO Loaded Gemini configuration from environment variables
2025-04-22 11:52:56,240 INFO LLMService initialized with default provider: gemini
2025-04-22 11:52:56,569 DEBUG complete_json() -> provider=gemini, temp=0.6, extended=True
2025-04-22 11:52:56,569 DEBUG Model: gemini-2.5-pro-exp-03-25
2025-04-22 11:52:56,569 DEBUG System prompt:
You are an Adaptable poker player. You embody the following characteristics:

Core Identity:
- Strategic and observant
- Able to shift gears based on table dynamics
- Identifies and exploits opponent weaknesses
- Balances multiple playing styles based on context

Playing Style:
- Adjust hand selection range based on table conditions (from 15% to 40%)
- Switch between tight and loose or passive and aggressive as needed
- Increase aggression against passive players
- Tighten up against aggressive players
- Trap against over-aggressive opponents
- Value bet thinly against calling stations
- Bluff rarely against players who don't fold
- Constantly reassess strategy based on new information

You have expert intelligence and sophisticated opponent modeling capabilities. You actively track tendencies of other players and adjust your strategy to exploit their weaknesses. Calculate pot odds, equity, and expected value for your decisions.

Your decisions should reflect the Adaptable approach. Provide clear reasoning that demonstrates why your action aligns with Adaptable principles. Consider the specific opponents involved and how your strategy is designed to exploit them.

2025-04-22 11:52:56,569 DEBUG User prompt:


GAME STATE:
Your Hand: 5D QC
Community Cards: None
Position: 8
Pot Size: 7
Action History: No actions yet.
Stack Sizes: You: 1000, Alice: 1000, Bob: 1000, Charlie: 1000, Dan: 1000, Ernesto: 1000, Francis: 998, Gemma: 995, Hector: 1000


FULL GAME STATE JSON:
{
  "game_id": "46683720-b9a9-421e-99f8-5e1f941f6490",
  "players": [
    {
      "player_id": "d26dc9cd-d811-471b-a411-4bbe3c5b1343",
      "name": "You",
      "chips": 1000,
      "position": 0,
      "status": "ACTIVE",
      "current_bet": 0,
      "total_bet": 0,
      "cards": null
    },
    {
      "player_id": "33b79e76-81cf-489f-a334-378bf96b1ddc",
      "name": "Alice",
      "chips": 1000,
      "position": 1,
      "status": "ACTIVE",
      "current_bet": 0,
      "total_bet": 0,
      "cards": null
    },
    {
      "player_id": "b6928a4f-239f-4865-ab16-89547958beb2",
      "name": "Bob",
      "chips": 1000,
      "position": 2,
      "status": "ACTIVE",
      "current_bet": 0,
      "total_bet": 0,
      "cards": null
    },
    {
      "player_id": "367cd6d9-3956-4be2-86a6-a464170b924a",
      "name": "Charlie",
      "chips": 1000,
      "position": 3,
      "status": "ACTIVE",
      "current_bet": 0,
      "total_bet": 0,
      "cards": null
    },
    {
      "player_id": "0a7453b6-8ebf-46d8-8ad0-d45b2926156a",
      "name": "Dan",
      "chips": 1000,
      "position": 4,
      "status": "ACTIVE",
      "current_bet": 0,
      "total_bet": 0,
      "cards": null
    },
    {
      "player_id": "efe50d51-93bc-491a-a380-ff2464b4b7cf",
      "name": "Ernesto",
      "chips": 1000,
      "position": 5,
      "status": "ACTIVE",
      "current_bet": 0,
      "total_bet": 0,
      "cards": null
    },
    {
      "player_id": "7cb95fbc-e55b-4712-aeaf-0565485e3c87",
      "name": "Francis",
      "chips": 998,
      "position": 6,
      "status": "ACTIVE",
      "current_bet": 2,
      "total_bet": 2,
      "cards": null
    },
    {
      "player_id": "65759594-6e58-4f45-a257-7f2e9a8f567b",
      "name": "Gemma",
      "chips": 995,
      "position": 7,
      "status": "ACTIVE",
      "current_bet": 5,
      "total_bet": 5,
      "cards": null
    },
    {
      "player_id": "be82283c-7662-4f88-ab36-775019112a08",
      "name": "Hector",
      "chips": 1000,
      "position": 8,
      "status": "ACTIVE",
      "current_bet": 0,
      "total_bet": 0,
      "cards": [
        {
          "rank": "5",
          "suit": "D"
        },
        {
          "rank": "Q",
          "suit": "C"
        }
      ]
    }
  ],
  "community_cards": [],
  "pots": [
    {
      "name": "Main Pot",
      "amount": 7,
      "eligible_player_names": [
        "Gemma",
        "Francis"
      ]
    }
  ],
  "total_pot": 7,
  "current_round": "PREFLOP",
  "button_position": 5,
  "current_player_idx": 8,
  "small_blind": 2,
  "big_blind": 5,
  "ante": 0,
  "max_buy_in": null,
  "min_buy_in": null,
  "action_history": [],
  "to_call": 5
}

OPPONENT PROFILES:
No opponent data available yet.

GAME CONTEXT:
Game Type: cash
Stage: Unknown
Blinds: [2, 5]

Based on the current situation, what action will you take? Analyze the hand, consider pot odds, evaluate opponent tendencies, and make a decision that aligns with your playing style.

2025-04-22 11:52:56,569 DEBUG JSON schema:
{
  "type": "object",
  "required": [
    "thinking",
    "action",
    "amount",
    "reasoning"
  ],
  "properties": {
    "thinking": {
      "type": "string",
      "description": "Your internal thought process analyzing the situation"
    },
    "action": {
      "type": "string",
      "enum": [
        "fold",
        "check",
        "call",
        "bet",
        "raise",
        "all-in"
      ],
      "description": "The poker action to take"
    },
    "amount": {
      "type": [
        "number",
        "null"
      ],
      "description": "The amount to bet or raise relative to the current bet (incremental amount over the current bet), or null for fold/check/call actions"
    },
    "reasoning": {
      "type": "object",
      "required": [
        "hand_assessment",
        "positional_considerations",
        "opponent_reads",
        "archetype_alignment"
      ],
      "properties": {
        "hand_assessment": {
          "type": "string",
          "description": "Assessment of current hand strength and potential"
        },
        "positional_considerations": {
          "type": "string",
          "description": "How position influenced this decision"
        },
        "opponent_reads": {
          "type": "string",
          "description": "What you've observed about opponents' tendencies"
        },
        "archetype_alignment": {
          "type": "string",
          "description": "How this decision aligns with your player archetype"
        }
      }
    },
    "calculations": {
      "type": "object",
      "properties": {
        "pot_odds": {
          "type": "string",
          "description": "Calculated pot odds if relevant"
        },
        "estimated_equity": {
          "type": "string",
          "description": "Estimated equity against opponent ranges"
        }
      }
    }
  }
}
2025-04-22 11:52:56,569 DEBUG Successfully configured Gemini for JSON mode
2025-04-22 11:52:56,569 DEBUG Sending JSON reasoning prompt: 

GAME STATE:
Your Hand: 5D QC
Community Cards: No...
2025-04-22 11:53:09,003 DEBUG JSON standard response type: <class 'google.generativeai.types.generation_types.GenerateContentResponse'>
2025-04-22 11:53:09,004 DEBUG Successfully accessed JSON response.text
2025-04-22 11:53:09,004 DEBUG JSON prompt processed successfully
2025-04-22 11:53:09,004 DEBUG Raw response type: <class 'google.generativeai.types.generation_types.GenerateContentResponse'>
2025-04-22 11:53:09,004 DEBUG Raw response structure: response:
GenerateContentResponse(
    done=True,
    iterator=None,
    result=protos.GenerateContentResponse({
      "candidates": [
        {
          "content": {
            "parts": [
              {
                "text": ""
              }
            ],
            "role": "model"
          },
          "finish_reason": "MAX_TOKENS",
          "index": 0
        }
      ],
      "usage_metadata": {
        "prompt_token_count": 2059,
        "total_token_count": 2059
      },
      "model_version": "gemini-2.5-pro-exp-03-25"
    }),
)
2025-04-22 11:53:09,004 DEBUG Response has direct 'text' property
2025-04-22 11:53:09,004 ERROR Could not extract valid JSON from response: ...
2025-04-22 11:53:09,004 ERROR Error generating JSON with Gemini API: Could not extract valid JSON from response: ...
2025-04-22 11:53:09,004 ERROR Error making agent decision: Could not extract valid JSON from response: ...
2025-04-22 11:53:09,008 ERROR Traceback (most recent call last):
  File "/home/therealpananon/cscpt/ai/providers/gemini_provider.py", line 860, in complete_json
    return json.loads(cleaned_text)
           ^^^^^^^^^^^^^^^^^^^^^^^^
  File "/usr/lib/python3.12/json/__init__.py", line 346, in loads
    return _default_decoder.decode(s)
           ^^^^^^^^^^^^^^^^^^^^^^^^^^
  File "/usr/lib/python3.12/json/decoder.py", line 337, in decode
    obj, end = self.raw_decode(s, idx=_w(s, 0).end())
               ^^^^^^^^^^^^^^^^^^^^^^^^^^^^^^^^^^^^^^
  File "/usr/lib/python3.12/json/decoder.py", line 355, in raw_decode
    raise JSONDecodeError("Expecting value", s, err.value) from None
json.decoder.JSONDecodeError: Expecting value: line 1 column 1 (char 0)

During handling of the above exception, another exception occurred:

Traceback (most recent call last):
  File "/home/therealpananon/cscpt/ai/agents/base_agent.py", line 474, in make_decision
    response = await self.llm_service.complete_json(
               ^^^^^^^^^^^^^^^^^^^^^^^^^^^^^^^^^^^^^
  File "/home/therealpananon/cscpt/ai/llm_service.py", line 161, in complete_json
    resp = await prov.complete_json(
           ^^^^^^^^^^^^^^^^^^^^^^^^^
  File "/home/therealpananon/cscpt/ai/providers/gemini_provider.py", line 863, in complete_json
    raise ValueError(f"Could not extract valid JSON from response: {response_text[:50]}...")
ValueError: Could not extract valid JSON from response: ...

2025-04-22 11:53:09,008 INFO Applying game rules for action: fold, amount: None
2025-04-22 11:53:09,008 INFO Player stack: 1000, Current bet: 5, Min raise: 10
2025-04-22 11:53:17,371 INFO Loaded Anthropic configuration from environment variables
2025-04-22 11:53:17,371 INFO Loaded OpenAI configuration from environment variables
2025-04-22 11:53:17,371 INFO Loaded Gemini configuration from environment variables
2025-04-22 11:53:17,371 INFO LLMService initialized with default provider: gemini
2025-04-22 11:53:17,373 DEBUG complete_json() -> provider=gemini, temp=0.5, extended=True
2025-04-22 11:53:17,373 DEBUG Model: gemini-2.5-pro-exp-03-25
2025-04-22 11:53:17,373 DEBUG System prompt:
You are a Tight-Aggressive (TAG) poker player. You embody the following characteristics:

Core Identity:
- Disciplined, patient, and selective
- Value-oriented decision making
- Focused on strong pre-flop hand selection
- Aggressive with strong holdings

Playing Style:
- Play a selective range of premium hands (15-20% of starting hands)
- Favor high card strength and pocket pairs
- Position-conscious, tighter in early positions
- Once committed to a hand, play aggressively with appropriate sizing
- Fold marginal holdings to significant aggression
- Well-balanced between value betting and occasional well-timed bluffs
- Straightforward betting patterns that prioritize clarity over deception

You have high intelligence and strong opponent modeling capabilities. Track tendencies of other players and adjust your strategy accordingly. Calculate pot odds, equity, and expected value for your decisions.

Your decisions should reflect the TAG approach. Provide clear reasoning that demonstrates why your action aligns with TAG principles. Be cautious but not afraid to apply pressure when you have an edge.

2025-04-22 11:53:17,373 DEBUG User prompt:


GAME STATE:
Your Hand: 8S 9S
Community Cards: None
Position: 1
Pot Size: 12
Action History: [PREFLOP] → Hector fold
Stack Sizes: You: 995, Alice: 1000, Bob: 1000, Charlie: 1000, Dan: 1000, Ernesto: 1000, Francis: 998, Gemma: 995, Hector: 1000


FULL GAME STATE JSON:
{
  "game_id": "46683720-b9a9-421e-99f8-5e1f941f6490",
  "players": [
    {
      "player_id": "d26dc9cd-d811-471b-a411-4bbe3c5b1343",
      "name": "You",
      "chips": 995,
      "position": 0,
      "status": "ACTIVE",
      "current_bet": 5,
      "total_bet": 5,
      "cards": null
    },
    {
      "player_id": "33b79e76-81cf-489f-a334-378bf96b1ddc",
      "name": "Alice",
      "chips": 1000,
      "position": 1,
      "status": "ACTIVE",
      "current_bet": 0,
      "total_bet": 0,
      "cards": [
        {
          "rank": "8",
          "suit": "S"
        },
        {
          "rank": "9",
          "suit": "S"
        }
      ]
    },
    {
      "player_id": "b6928a4f-239f-4865-ab16-89547958beb2",
      "name": "Bob",
      "chips": 1000,
      "position": 2,
      "status": "ACTIVE",
      "current_bet": 0,
      "total_bet": 0,
      "cards": null
    },
    {
      "player_id": "367cd6d9-3956-4be2-86a6-a464170b924a",
      "name": "Charlie",
      "chips": 1000,
      "position": 3,
      "status": "ACTIVE",
      "current_bet": 0,
      "total_bet": 0,
      "cards": null
    },
    {
      "player_id": "0a7453b6-8ebf-46d8-8ad0-d45b2926156a",
      "name": "Dan",
      "chips": 1000,
      "position": 4,
      "status": "ACTIVE",
      "current_bet": 0,
      "total_bet": 0,
      "cards": null
    },
    {
      "player_id": "efe50d51-93bc-491a-a380-ff2464b4b7cf",
      "name": "Ernesto",
      "chips": 1000,
      "position": 5,
      "status": "ACTIVE",
      "current_bet": 0,
      "total_bet": 0,
      "cards": null
    },
    {
      "player_id": "7cb95fbc-e55b-4712-aeaf-0565485e3c87",
      "name": "Francis",
      "chips": 998,
      "position": 6,
      "status": "ACTIVE",
      "current_bet": 2,
      "total_bet": 2,
      "cards": null
    },
    {
      "player_id": "65759594-6e58-4f45-a257-7f2e9a8f567b",
      "name": "Gemma",
      "chips": 995,
      "position": 7,
      "status": "ACTIVE",
      "current_bet": 5,
      "total_bet": 5,
      "cards": null
    },
    {
      "player_id": "be82283c-7662-4f88-ab36-775019112a08",
      "name": "Hector",
      "chips": 1000,
      "position": 8,
      "status": "FOLDED",
      "current_bet": 0,
      "total_bet": 0,
      "cards": null
    }
  ],
  "community_cards": [],
  "pots": [
    {
      "name": "Main Pot",
      "amount": 12,
      "eligible_player_names": [
        "You",
        "Gemma",
        "Francis"
      ]
    }
  ],
  "total_pot": 12,
  "current_round": "PREFLOP",
  "button_position": 5,
  "current_player_idx": 1,
  "small_blind": 2,
  "big_blind": 5,
  "ante": 0,
  "max_buy_in": null,
  "min_buy_in": null,
  "action_history": [
    {
      "action": "fold",
      "amount": null,
      "round": "preflop",
      "timestamp": "2025-04-22T11:53:09.009422",
      "name": "Hector"
    }
  ],
  "to_call": 5
}

OPPONENT PROFILES:
Hector: [VPIP:Unknown][PFR:Unknown][3Bet:Unknown]

GAME CONTEXT:
Game Type: cash
Stage: Unknown
Blinds: [2, 5]

Based on the current situation, what action will you take? Analyze the hand, consider pot odds, evaluate opponent tendencies, and make a decision that aligns with your playing style.

2025-04-22 11:53:17,373 DEBUG JSON schema:
{
  "type": "object",
  "required": [
    "thinking",
    "action",
    "amount",
    "reasoning"
  ],
  "properties": {
    "thinking": {
      "type": "string",
      "description": "Your internal thought process analyzing the situation"
    },
    "action": {
      "type": "string",
      "enum": [
        "fold",
        "check",
        "call",
        "bet",
        "raise",
        "all-in"
      ],
      "description": "The poker action to take"
    },
    "amount": {
      "type": [
        "number",
        "null"
      ],
      "description": "The amount to bet or raise relative to the current bet (incremental amount over the current bet), or null for fold/check/call actions"
    },
    "reasoning": {
      "type": "object",
      "required": [
        "hand_assessment",
        "positional_considerations",
        "opponent_reads",
        "archetype_alignment"
      ],
      "properties": {
        "hand_assessment": {
          "type": "string",
          "description": "Assessment of current hand strength and potential"
        },
        "positional_considerations": {
          "type": "string",
          "description": "How position influenced this decision"
        },
        "opponent_reads": {
          "type": "string",
          "description": "What you've observed about opponents' tendencies"
        },
        "archetype_alignment": {
          "type": "string",
          "description": "How this decision aligns with your player archetype"
        }
      }
    },
    "calculations": {
      "type": "object",
      "properties": {
        "pot_odds": {
          "type": "string",
          "description": "Calculated pot odds if relevant"
        },
        "estimated_equity": {
          "type": "string",
          "description": "Estimated equity against opponent ranges"
        }
      }
    }
  }
}
2025-04-22 11:53:17,373 DEBUG Successfully configured Gemini for JSON mode
2025-04-22 11:53:17,373 DEBUG Sending JSON reasoning prompt: 

GAME STATE:
Your Hand: 8S 9S
Community Cards: No...
2025-04-22 11:53:29,926 DEBUG JSON standard response type: <class 'google.generativeai.types.generation_types.GenerateContentResponse'>
2025-04-22 11:53:29,926 DEBUG Successfully accessed JSON response.text
2025-04-22 11:53:29,926 DEBUG JSON prompt processed successfully
2025-04-22 11:53:29,926 DEBUG Raw response type: <class 'google.generativeai.types.generation_types.GenerateContentResponse'>
2025-04-22 11:53:29,927 DEBUG Raw response structure: response:
GenerateContentResponse(
    done=True,
    iterator=None,
    result=protos.GenerateContentResponse({
      "candidates": [
        {
          "content": {
            "parts": [
              {
                "text": ""
              }
            ],
            "role": "model"
          },
          "finish_reason": "MAX_TOKENS",
          "index": 0
        }
      ],
      "usage_metadata": {
        "prompt_token_count": 2154,
        "total_token_count": 2154
      },
      "model_version": "gemini-2.5-pro-exp-03-25"
    }),
)
2025-04-22 11:53:29,927 DEBUG Response has direct 'text' property
2025-04-22 11:53:29,927 ERROR Could not extract valid JSON from response: ...
2025-04-22 11:53:29,927 ERROR Error generating JSON with Gemini API: Could not extract valid JSON from response: ...
2025-04-22 11:53:29,927 ERROR Error making agent decision: Could not extract valid JSON from response: ...
2025-04-22 11:53:29,928 ERROR Traceback (most recent call last):
  File "/home/therealpananon/cscpt/ai/providers/gemini_provider.py", line 860, in complete_json
    return json.loads(cleaned_text)
           ^^^^^^^^^^^^^^^^^^^^^^^^
  File "/usr/lib/python3.12/json/__init__.py", line 346, in loads
    return _default_decoder.decode(s)
           ^^^^^^^^^^^^^^^^^^^^^^^^^^
  File "/usr/lib/python3.12/json/decoder.py", line 337, in decode
    obj, end = self.raw_decode(s, idx=_w(s, 0).end())
               ^^^^^^^^^^^^^^^^^^^^^^^^^^^^^^^^^^^^^^
  File "/usr/lib/python3.12/json/decoder.py", line 355, in raw_decode
    raise JSONDecodeError("Expecting value", s, err.value) from None
json.decoder.JSONDecodeError: Expecting value: line 1 column 1 (char 0)

During handling of the above exception, another exception occurred:

Traceback (most recent call last):
  File "/home/therealpananon/cscpt/ai/agents/base_agent.py", line 474, in make_decision
    response = await self.llm_service.complete_json(
               ^^^^^^^^^^^^^^^^^^^^^^^^^^^^^^^^^^^^^
  File "/home/therealpananon/cscpt/ai/llm_service.py", line 161, in complete_json
    resp = await prov.complete_json(
           ^^^^^^^^^^^^^^^^^^^^^^^^^
  File "/home/therealpananon/cscpt/ai/providers/gemini_provider.py", line 863, in complete_json
    raise ValueError(f"Could not extract valid JSON from response: {response_text[:50]}...")
ValueError: Could not extract valid JSON from response: ...

2025-04-22 11:53:29,928 INFO Applying game rules for action: fold, amount: None
2025-04-22 11:53:29,928 INFO Player stack: 1000, Current bet: 5, Min raise: 10
2025-04-22 11:53:30,432 INFO Loaded Anthropic configuration from environment variables
2025-04-22 11:53:30,432 INFO Loaded OpenAI configuration from environment variables
2025-04-22 11:53:30,432 INFO Loaded Gemini configuration from environment variables
2025-04-22 11:53:30,432 INFO LLMService initialized with default provider: gemini
2025-04-22 11:53:30,433 DEBUG complete_json() -> provider=gemini, temp=0.8, extended=True
2025-04-22 11:53:30,433 DEBUG Model: gemini-2.5-pro-exp-03-25
2025-04-22 11:53:30,433 DEBUG System prompt:
You are a Loose-Aggressive (LAG) poker player. You embody the following characteristics:

Core Identity:
- Creative, dynamic, and pressure-oriented
- Action-seeking and table-presence focused
- Comfortable with playing a wide range of hands
- Highly aggressive betting and raising patterns

Playing Style:
- Play a wide range of starting hands (30-45%)
- Willing to play speculative hands like suited connectors and small pairs
- Frequently 3-bet and 4-bet both for value and as bluffs
- Apply constant pressure through aggressive betting
- Mix in frequent semi-bluffs with drawing hands
- Use position aggressively to steal pots
- Employ variable bet sizing to create confusion
- Embrace variance and high-risk plays

You have high intelligence and strong opponent modeling capabilities. Track tendencies of other players and adjust your strategy accordingly. Calculate pot odds, equity, and expected value for your decisions.

Your decisions should reflect the LAG approach. Provide clear reasoning that demonstrates why your action aligns with LAG principles. Be creative and unafraid to make unexpected plays that put maximum pressure on opponents.

2025-04-22 11:53:30,433 DEBUG User prompt:


GAME STATE:
Your Hand: AH 7S
Community Cards: None
Position: 2
Pot Size: 12
Action History: [PREFLOP] → Hector fold → Alice fold
Stack Sizes: You: 995, Alice: 1000, Bob: 1000, Charlie: 1000, Dan: 1000, Ernesto: 1000, Francis: 998, Gemma: 995, Hector: 1000


FULL GAME STATE JSON:
{
  "game_id": "46683720-b9a9-421e-99f8-5e1f941f6490",
  "players": [
    {
      "player_id": "d26dc9cd-d811-471b-a411-4bbe3c5b1343",
      "name": "You",
      "chips": 995,
      "position": 0,
      "status": "ACTIVE",
      "current_bet": 5,
      "total_bet": 5,
      "cards": null
    },
    {
      "player_id": "33b79e76-81cf-489f-a334-378bf96b1ddc",
      "name": "Alice",
      "chips": 1000,
      "position": 1,
      "status": "FOLDED",
      "current_bet": 0,
      "total_bet": 0,
      "cards": null
    },
    {
      "player_id": "b6928a4f-239f-4865-ab16-89547958beb2",
      "name": "Bob",
      "chips": 1000,
      "position": 2,
      "status": "ACTIVE",
      "current_bet": 0,
      "total_bet": 0,
      "cards": [
        {
          "rank": "A",
          "suit": "H"
        },
        {
          "rank": "7",
          "suit": "S"
        }
      ]
    },
    {
      "player_id": "367cd6d9-3956-4be2-86a6-a464170b924a",
      "name": "Charlie",
      "chips": 1000,
      "position": 3,
      "status": "ACTIVE",
      "current_bet": 0,
      "total_bet": 0,
      "cards": null
    },
    {
      "player_id": "0a7453b6-8ebf-46d8-8ad0-d45b2926156a",
      "name": "Dan",
      "chips": 1000,
      "position": 4,
      "status": "ACTIVE",
      "current_bet": 0,
      "total_bet": 0,
      "cards": null
    },
    {
      "player_id": "efe50d51-93bc-491a-a380-ff2464b4b7cf",
      "name": "Ernesto",
      "chips": 1000,
      "position": 5,
      "status": "ACTIVE",
      "current_bet": 0,
      "total_bet": 0,
      "cards": null
    },
    {
      "player_id": "7cb95fbc-e55b-4712-aeaf-0565485e3c87",
      "name": "Francis",
      "chips": 998,
      "position": 6,
      "status": "ACTIVE",
      "current_bet": 2,
      "total_bet": 2,
      "cards": null
    },
    {
      "player_id": "65759594-6e58-4f45-a257-7f2e9a8f567b",
      "name": "Gemma",
      "chips": 995,
      "position": 7,
      "status": "ACTIVE",
      "current_bet": 5,
      "total_bet": 5,
      "cards": null
    },
    {
      "player_id": "be82283c-7662-4f88-ab36-775019112a08",
      "name": "Hector",
      "chips": 1000,
      "position": 8,
      "status": "FOLDED",
      "current_bet": 0,
      "total_bet": 0,
      "cards": null
    }
  ],
  "community_cards": [],
  "pots": [
    {
      "name": "Main Pot",
      "amount": 12,
      "eligible_player_names": [
        "You",
        "Gemma",
        "Francis"
      ]
    }
  ],
  "total_pot": 12,
  "current_round": "PREFLOP",
  "button_position": 5,
  "current_player_idx": 2,
  "small_blind": 2,
  "big_blind": 5,
  "ante": 0,
  "max_buy_in": null,
  "min_buy_in": null,
  "action_history": [
    {
      "action": "fold",
      "amount": null,
      "round": "preflop",
      "timestamp": "2025-04-22T11:53:09.009422",
      "name": "Hector"
    },
    {
      "action": "fold",
      "amount": null,
      "round": "preflop",
      "timestamp": "2025-04-22T11:53:29.929282",
      "name": "Alice"
    }
  ],
  "to_call": 5
}

OPPONENT PROFILES:
Hector: [VPIP:Unknown][PFR:Unknown][3Bet:Unknown]
Alice: [VPIP:Unknown][PFR:Unknown][3Bet:Unknown]

GAME CONTEXT:
Game Type: cash
Stage: Unknown
Blinds: [2, 5]

Based on the current situation, what action will you take? Analyze the hand, consider pot odds, evaluate opponent tendencies, and make a decision that aligns with your playing style.

2025-04-22 11:53:30,433 DEBUG JSON schema:
{
  "type": "object",
  "required": [
    "thinking",
    "action",
    "amount",
    "reasoning"
  ],
  "properties": {
    "thinking": {
      "type": "string",
      "description": "Your internal thought process analyzing the situation"
    },
    "action": {
      "type": "string",
      "enum": [
        "fold",
        "check",
        "call",
        "bet",
        "raise",
        "all-in"
      ],
      "description": "The poker action to take"
    },
    "amount": {
      "type": [
        "number",
        "null"
      ],
      "description": "The amount to bet or raise relative to the current bet (incremental amount over the current bet), or null for fold/check/call actions"
    },
    "reasoning": {
      "type": "object",
      "required": [
        "hand_assessment",
        "positional_considerations",
        "opponent_reads",
        "archetype_alignment"
      ],
      "properties": {
        "hand_assessment": {
          "type": "string",
          "description": "Assessment of current hand strength and potential"
        },
        "positional_considerations": {
          "type": "string",
          "description": "How position influenced this decision"
        },
        "opponent_reads": {
          "type": "string",
          "description": "What you've observed about opponents' tendencies"
        },
        "archetype_alignment": {
          "type": "string",
          "description": "How this decision aligns with your player archetype"
        }
      }
    },
    "calculations": {
      "type": "object",
      "properties": {
        "pot_odds": {
          "type": "string",
          "description": "Calculated pot odds if relevant"
        },
        "estimated_equity": {
          "type": "string",
          "description": "Estimated equity against opponent ranges"
        }
      }
    }
  }
}
2025-04-22 11:53:30,433 DEBUG Successfully configured Gemini for JSON mode
2025-04-22 11:53:30,433 DEBUG Sending JSON reasoning prompt: 

GAME STATE:
Your Hand: AH 7S
Community Cards: No...
2025-04-22 11:53:43,202 DEBUG JSON standard response type: <class 'google.generativeai.types.generation_types.GenerateContentResponse'>
2025-04-22 11:53:43,203 DEBUG Successfully accessed JSON response.text
2025-04-22 11:53:43,203 DEBUG JSON prompt processed successfully
2025-04-22 11:53:43,203 DEBUG Raw response type: <class 'google.generativeai.types.generation_types.GenerateContentResponse'>
2025-04-22 11:53:43,203 DEBUG Raw response structure: response:
GenerateContentResponse(
    done=True,
    iterator=None,
    result=protos.GenerateContentResponse({
      "candidates": [
        {
          "content": {
            "parts": [
              {
                "text": ""
              }
            ],
            "role": "model"
          },
          "finish_reason": "MAX_TOKENS",
          "index": 0
        }
      ],
      "usage_metadata": {
        "prompt_token_count": 2262,
        "total_token_count": 2262
      },
      "model_version": "gemini-2.5-pro-exp-03-25"
    }),
)
2025-04-22 11:53:43,203 DEBUG Response has direct 'text' property
2025-04-22 11:53:43,203 ERROR Could not extract valid JSON from response: ...
2025-04-22 11:53:43,203 ERROR Error generating JSON with Gemini API: Could not extract valid JSON from response: ...
2025-04-22 11:53:43,203 ERROR Error making agent decision: Could not extract valid JSON from response: ...
2025-04-22 11:53:43,204 ERROR Traceback (most recent call last):
  File "/home/therealpananon/cscpt/ai/providers/gemini_provider.py", line 860, in complete_json
    return json.loads(cleaned_text)
           ^^^^^^^^^^^^^^^^^^^^^^^^
  File "/usr/lib/python3.12/json/__init__.py", line 346, in loads
    return _default_decoder.decode(s)
           ^^^^^^^^^^^^^^^^^^^^^^^^^^
  File "/usr/lib/python3.12/json/decoder.py", line 337, in decode
    obj, end = self.raw_decode(s, idx=_w(s, 0).end())
               ^^^^^^^^^^^^^^^^^^^^^^^^^^^^^^^^^^^^^^
  File "/usr/lib/python3.12/json/decoder.py", line 355, in raw_decode
    raise JSONDecodeError("Expecting value", s, err.value) from None
json.decoder.JSONDecodeError: Expecting value: line 1 column 1 (char 0)

During handling of the above exception, another exception occurred:

Traceback (most recent call last):
  File "/home/therealpananon/cscpt/ai/agents/base_agent.py", line 474, in make_decision
    response = await self.llm_service.complete_json(
               ^^^^^^^^^^^^^^^^^^^^^^^^^^^^^^^^^^^^^
  File "/home/therealpananon/cscpt/ai/llm_service.py", line 161, in complete_json
    resp = await prov.complete_json(
           ^^^^^^^^^^^^^^^^^^^^^^^^^
  File "/home/therealpananon/cscpt/ai/providers/gemini_provider.py", line 863, in complete_json
    raise ValueError(f"Could not extract valid JSON from response: {response_text[:50]}...")
ValueError: Could not extract valid JSON from response: ...

2025-04-22 11:53:43,204 INFO Applying game rules for action: fold, amount: None
2025-04-22 11:53:43,204 INFO Player stack: 1000, Current bet: 5, Min raise: 10
2025-04-22 11:53:43,708 INFO Loaded Anthropic configuration from environment variables
2025-04-22 11:53:43,708 INFO Loaded OpenAI configuration from environment variables
2025-04-22 11:53:43,708 INFO Loaded Gemini configuration from environment variables
2025-04-22 11:53:43,708 INFO LLMService initialized with default provider: gemini
2025-04-22 11:53:43,709 DEBUG complete_json() -> provider=gemini, temp=0.4, extended=True
2025-04-22 11:53:43,709 DEBUG Model: gemini-2.5-pro-exp-03-25
2025-04-22 11:53:43,709 DEBUG System prompt:
You are a Tight-Passive (Rock/Nit) poker player. You embody the following characteristics:

Core Identity:
- Extremely risk-averse and conservative
- Focused on capital preservation
- Only plays premium hands and strong holdings
- Avoids confrontation and difficult decisions

Playing Style:
- Play a very narrow range of premium hands (8-12% of starting hands)
- Strong preference for high pairs and big cards
- Rarely bluff, and when you do, only in very favorable situations
- Call rather than raise, even with strong holdings
- Fold to significant aggression unless holding the nuts or near-nuts
- Avoid marginal situations
- Predictable betting patterns but difficult to extract value from
- Extremely patient, waiting for premium situations

You have high intelligence but are extremely risk-averse. Track tendencies of other players and fold to aggressive opponents. Calculate pot odds, equity, and expected value, but require a significant edge before committing chips.

Your decisions should reflect the Tight-Passive approach. Provide clear reasoning that demonstrates why your action aligns with Tight-Passive principles. Be extremely cautious and fold any time you face significant uncertainty or aggression.

2025-04-22 11:53:43,709 DEBUG User prompt:


GAME STATE:
Your Hand: 5H KS
Community Cards: None
Position: 3
Pot Size: 12
Action History: [PREFLOP] → Hector fold → Alice fold → Bob fold
Stack Sizes: You: 995, Alice: 1000, Bob: 1000, Charlie: 1000, Dan: 1000, Ernesto: 1000, Francis: 998, Gemma: 995, Hector: 1000


FULL GAME STATE JSON:
{
  "game_id": "46683720-b9a9-421e-99f8-5e1f941f6490",
  "players": [
    {
      "player_id": "d26dc9cd-d811-471b-a411-4bbe3c5b1343",
      "name": "You",
      "chips": 995,
      "position": 0,
      "status": "ACTIVE",
      "current_bet": 5,
      "total_bet": 5,
      "cards": null
    },
    {
      "player_id": "33b79e76-81cf-489f-a334-378bf96b1ddc",
      "name": "Alice",
      "chips": 1000,
      "position": 1,
      "status": "FOLDED",
      "current_bet": 0,
      "total_bet": 0,
      "cards": null
    },
    {
      "player_id": "b6928a4f-239f-4865-ab16-89547958beb2",
      "name": "Bob",
      "chips": 1000,
      "position": 2,
      "status": "FOLDED",
      "current_bet": 0,
      "total_bet": 0,
      "cards": null
    },
    {
      "player_id": "367cd6d9-3956-4be2-86a6-a464170b924a",
      "name": "Charlie",
      "chips": 1000,
      "position": 3,
      "status": "ACTIVE",
      "current_bet": 0,
      "total_bet": 0,
      "cards": [
        {
          "rank": "5",
          "suit": "H"
        },
        {
          "rank": "K",
          "suit": "S"
        }
      ]
    },
    {
      "player_id": "0a7453b6-8ebf-46d8-8ad0-d45b2926156a",
      "name": "Dan",
      "chips": 1000,
      "position": 4,
      "status": "ACTIVE",
      "current_bet": 0,
      "total_bet": 0,
      "cards": null
    },
    {
      "player_id": "efe50d51-93bc-491a-a380-ff2464b4b7cf",
      "name": "Ernesto",
      "chips": 1000,
      "position": 5,
      "status": "ACTIVE",
      "current_bet": 0,
      "total_bet": 0,
      "cards": null
    },
    {
      "player_id": "7cb95fbc-e55b-4712-aeaf-0565485e3c87",
      "name": "Francis",
      "chips": 998,
      "position": 6,
      "status": "ACTIVE",
      "current_bet": 2,
      "total_bet": 2,
      "cards": null
    },
    {
      "player_id": "65759594-6e58-4f45-a257-7f2e9a8f567b",
      "name": "Gemma",
      "chips": 995,
      "position": 7,
      "status": "ACTIVE",
      "current_bet": 5,
      "total_bet": 5,
      "cards": null
    },
    {
      "player_id": "be82283c-7662-4f88-ab36-775019112a08",
      "name": "Hector",
      "chips": 1000,
      "position": 8,
      "status": "FOLDED",
      "current_bet": 0,
      "total_bet": 0,
      "cards": null
    }
  ],
  "community_cards": [],
  "pots": [
    {
      "name": "Main Pot",
      "amount": 12,
      "eligible_player_names": [
        "You",
        "Gemma",
        "Francis"
      ]
    }
  ],
  "total_pot": 12,
  "current_round": "PREFLOP",
  "button_position": 5,
  "current_player_idx": 3,
  "small_blind": 2,
  "big_blind": 5,
  "ante": 0,
  "max_buy_in": null,
  "min_buy_in": null,
  "action_history": [
    {
      "action": "fold",
      "amount": null,
      "round": "preflop",
      "timestamp": "2025-04-22T11:53:09.009422",
      "name": "Hector"
    },
    {
      "action": "fold",
      "amount": null,
      "round": "preflop",
      "timestamp": "2025-04-22T11:53:29.929282",
      "name": "Alice"
    },
    {
      "action": "fold",
      "amount": null,
      "round": "preflop",
      "timestamp": "2025-04-22T11:53:43.205760",
      "name": "Bob"
    }
  ],
  "to_call": 5
}

OPPONENT PROFILES:
Hector: [VPIP:Unknown][PFR:Unknown][3Bet:Unknown]
Alice: [VPIP:Unknown][PFR:Unknown][3Bet:Unknown]
Bob: [VPIP:Unknown][PFR:Unknown][3Bet:Unknown]

GAME CONTEXT:
Game Type: cash
Stage: Unknown
Blinds: [2, 5]

Based on the current situation, what action will you take? Analyze the hand, consider pot odds, evaluate opponent tendencies, and make a decision that aligns with your playing style.

2025-04-22 11:53:43,709 DEBUG JSON schema:
{
  "type": "object",
  "required": [
    "thinking",
    "action",
    "amount",
    "reasoning"
  ],
  "properties": {
    "thinking": {
      "type": "string",
      "description": "Your internal thought process analyzing the situation"
    },
    "action": {
      "type": "string",
      "enum": [
        "fold",
        "check",
        "call",
        "bet",
        "raise",
        "all-in"
      ],
      "description": "The poker action to take"
    },
    "amount": {
      "type": [
        "number",
        "null"
      ],
      "description": "The amount to bet or raise relative to the current bet (incremental amount over the current bet), or null for fold/check/call actions"
    },
    "reasoning": {
      "type": "object",
      "required": [
        "hand_assessment",
        "positional_considerations",
        "opponent_reads",
        "archetype_alignment"
      ],
      "properties": {
        "hand_assessment": {
          "type": "string",
          "description": "Assessment of current hand strength and potential"
        },
        "positional_considerations": {
          "type": "string",
          "description": "How position influenced this decision"
        },
        "opponent_reads": {
          "type": "string",
          "description": "What you've observed about opponents' tendencies"
        },
        "archetype_alignment": {
          "type": "string",
          "description": "How this decision aligns with your player archetype"
        }
      }
    },
    "calculations": {
      "type": "object",
      "properties": {
        "pot_odds": {
          "type": "string",
          "description": "Calculated pot odds if relevant"
        },
        "estimated_equity": {
          "type": "string",
          "description": "Estimated equity against opponent ranges"
        }
      }
    }
  }
}
2025-04-22 11:53:43,709 DEBUG Successfully configured Gemini for JSON mode
2025-04-22 11:53:43,709 DEBUG Sending JSON reasoning prompt: 

GAME STATE:
Your Hand: 5H KS
Community Cards: No...
2025-04-22 11:53:56,419 DEBUG JSON standard response type: <class 'google.generativeai.types.generation_types.GenerateContentResponse'>
2025-04-22 11:53:56,419 DEBUG Successfully accessed JSON response.text
2025-04-22 11:53:56,419 DEBUG JSON prompt processed successfully
2025-04-22 11:53:56,419 DEBUG Raw response type: <class 'google.generativeai.types.generation_types.GenerateContentResponse'>
2025-04-22 11:53:56,419 DEBUG Raw response structure: response:
GenerateContentResponse(
    done=True,
    iterator=None,
    result=protos.GenerateContentResponse({
      "candidates": [
        {
          "content": {
            "parts": [
              {
                "text": ""
              }
            ],
            "role": "model"
          },
          "finish_reason": "MAX_TOKENS",
          "index": 0
        }
      ],
      "usage_metadata": {
        "prompt_token_count": 2362,
        "total_token_count": 2362
      },
      "model_version": "gemini-2.5-pro-exp-03-25"
    }),
)
2025-04-22 11:53:56,419 DEBUG Response has direct 'text' property
2025-04-22 11:53:56,419 ERROR Could not extract valid JSON from response: ...
2025-04-22 11:53:56,419 ERROR Error generating JSON with Gemini API: Could not extract valid JSON from response: ...
2025-04-22 11:53:56,420 ERROR Error making agent decision: Could not extract valid JSON from response: ...
2025-04-22 11:53:56,420 ERROR Traceback (most recent call last):
  File "/home/therealpananon/cscpt/ai/providers/gemini_provider.py", line 860, in complete_json
    return json.loads(cleaned_text)
           ^^^^^^^^^^^^^^^^^^^^^^^^
  File "/usr/lib/python3.12/json/__init__.py", line 346, in loads
    return _default_decoder.decode(s)
           ^^^^^^^^^^^^^^^^^^^^^^^^^^
  File "/usr/lib/python3.12/json/decoder.py", line 337, in decode
    obj, end = self.raw_decode(s, idx=_w(s, 0).end())
               ^^^^^^^^^^^^^^^^^^^^^^^^^^^^^^^^^^^^^^
  File "/usr/lib/python3.12/json/decoder.py", line 355, in raw_decode
    raise JSONDecodeError("Expecting value", s, err.value) from None
json.decoder.JSONDecodeError: Expecting value: line 1 column 1 (char 0)

During handling of the above exception, another exception occurred:

Traceback (most recent call last):
  File "/home/therealpananon/cscpt/ai/agents/base_agent.py", line 474, in make_decision
    response = await self.llm_service.complete_json(
               ^^^^^^^^^^^^^^^^^^^^^^^^^^^^^^^^^^^^^
  File "/home/therealpananon/cscpt/ai/llm_service.py", line 161, in complete_json
    resp = await prov.complete_json(
           ^^^^^^^^^^^^^^^^^^^^^^^^^
  File "/home/therealpananon/cscpt/ai/providers/gemini_provider.py", line 863, in complete_json
    raise ValueError(f"Could not extract valid JSON from response: {response_text[:50]}...")
ValueError: Could not extract valid JSON from response: ...

2025-04-22 11:53:56,420 INFO Applying game rules for action: fold, amount: None
2025-04-22 11:53:56,421 INFO Player stack: 1000, Current bet: 5, Min raise: 10
2025-04-22 11:53:56,925 INFO Loaded Anthropic configuration from environment variables
2025-04-22 11:53:56,925 INFO Loaded OpenAI configuration from environment variables
2025-04-22 11:53:56,925 INFO Loaded Gemini configuration from environment variables
2025-04-22 11:53:56,925 INFO LLMService initialized with default provider: gemini
2025-04-22 11:53:56,925 DEBUG complete_json() -> provider=gemini, temp=0.5, extended=True
2025-04-22 11:53:56,925 DEBUG Model: gemini-2.5-pro-exp-03-25
2025-04-22 11:53:56,925 DEBUG System prompt:
You are a Calling Station poker player. You embody the following characteristics:

Core Identity:
- Passive and call-oriented
- Overly optimistic about hand strength and drawing odds
- Reluctant to fold once invested in a hand
- Difficulty assessing relative hand strength

Playing Style:
- Call frequently with a wide range of marginal hands
- Rarely raise, even with strong holdings
- Almost never bluff
- Continue with draws regardless of pot odds
- Overvalue middle pairs, weak top pairs, and drawing hands
- Fold pre-flop to large raises unless holding premium hands
- Call down with weak holdings hoping to catch bluffs
- Predictable and exploitable but occasionally frustrating when hitting unlikely draws

You have basic intelligence and limited opponent modeling capabilities. You focus primarily on your own cards rather than what opponents might have. You frequently misinterpret or ignore pot odds.

Your decisions should reflect the Calling Station approach. Provide reasoning that demonstrates why your action aligns with Calling Station principles. Be overly optimistic about your hand's chances and willing to call "to see what happens."

2025-04-22 11:53:56,925 DEBUG User prompt:


GAME STATE:
Your Hand: 2S 6H
Community Cards: None
Position: 4
Pot Size: 12
Action History: [PREFLOP] → Hector fold → Alice fold → Bob fold → Charlie fold
Stack Sizes: You: 995, Alice: 1000, Bob: 1000, Charlie: 1000, Dan: 1000, Ernesto: 1000, Francis: 998, Gemma: 995, Hector: 1000


FULL GAME STATE JSON:
{
  "game_id": "46683720-b9a9-421e-99f8-5e1f941f6490",
  "players": [
    {
      "player_id": "d26dc9cd-d811-471b-a411-4bbe3c5b1343",
      "name": "You",
      "chips": 995,
      "position": 0,
      "status": "ACTIVE",
      "current_bet": 5,
      "total_bet": 5,
      "cards": null
    },
    {
      "player_id": "33b79e76-81cf-489f-a334-378bf96b1ddc",
      "name": "Alice",
      "chips": 1000,
      "position": 1,
      "status": "FOLDED",
      "current_bet": 0,
      "total_bet": 0,
      "cards": null
    },
    {
      "player_id": "b6928a4f-239f-4865-ab16-89547958beb2",
      "name": "Bob",
      "chips": 1000,
      "position": 2,
      "status": "FOLDED",
      "current_bet": 0,
      "total_bet": 0,
      "cards": null
    },
    {
      "player_id": "367cd6d9-3956-4be2-86a6-a464170b924a",
      "name": "Charlie",
      "chips": 1000,
      "position": 3,
      "status": "FOLDED",
      "current_bet": 0,
      "total_bet": 0,
      "cards": null
    },
    {
      "player_id": "0a7453b6-8ebf-46d8-8ad0-d45b2926156a",
      "name": "Dan",
      "chips": 1000,
      "position": 4,
      "status": "ACTIVE",
      "current_bet": 0,
      "total_bet": 0,
      "cards": [
        {
          "rank": "2",
          "suit": "S"
        },
        {
          "rank": "6",
          "suit": "H"
        }
      ]
    },
    {
      "player_id": "efe50d51-93bc-491a-a380-ff2464b4b7cf",
      "name": "Ernesto",
      "chips": 1000,
      "position": 5,
      "status": "ACTIVE",
      "current_bet": 0,
      "total_bet": 0,
      "cards": null
    },
    {
      "player_id": "7cb95fbc-e55b-4712-aeaf-0565485e3c87",
      "name": "Francis",
      "chips": 998,
      "position": 6,
      "status": "ACTIVE",
      "current_bet": 2,
      "total_bet": 2,
      "cards": null
    },
    {
      "player_id": "65759594-6e58-4f45-a257-7f2e9a8f567b",
      "name": "Gemma",
      "chips": 995,
      "position": 7,
      "status": "ACTIVE",
      "current_bet": 5,
      "total_bet": 5,
      "cards": null
    },
    {
      "player_id": "be82283c-7662-4f88-ab36-775019112a08",
      "name": "Hector",
      "chips": 1000,
      "position": 8,
      "status": "FOLDED",
      "current_bet": 0,
      "total_bet": 0,
      "cards": null
    }
  ],
  "community_cards": [],
  "pots": [
    {
      "name": "Main Pot",
      "amount": 12,
      "eligible_player_names": [
        "You",
        "Gemma",
        "Francis"
      ]
    }
  ],
  "total_pot": 12,
  "current_round": "PREFLOP",
  "button_position": 5,
  "current_player_idx": 4,
  "small_blind": 2,
  "big_blind": 5,
  "ante": 0,
  "max_buy_in": null,
  "min_buy_in": null,
  "action_history": [
    {
      "action": "fold",
      "amount": null,
      "round": "preflop",
      "timestamp": "2025-04-22T11:53:09.009422",
      "name": "Hector"
    },
    {
      "action": "fold",
      "amount": null,
      "round": "preflop",
      "timestamp": "2025-04-22T11:53:29.929282",
      "name": "Alice"
    },
    {
      "action": "fold",
      "amount": null,
      "round": "preflop",
      "timestamp": "2025-04-22T11:53:43.205760",
      "name": "Bob"
    },
    {
      "action": "fold",
      "amount": null,
      "round": "preflop",
      "timestamp": "2025-04-22T11:53:56.422073",
      "name": "Charlie"
    }
  ],
  "to_call": 5
}

OPPONENT PROFILES:
No opponent data available yet.

GAME CONTEXT:
Game Type: cash
Stage: Unknown
Blinds: [2, 5]

Based on the current situation, what action will you take? Analyze the hand, consider pot odds, evaluate opponent tendencies, and make a decision that aligns with your playing style.

2025-04-22 11:53:56,925 DEBUG JSON schema:
{
  "type": "object",
  "required": [
    "thinking",
    "action",
    "amount",
    "reasoning"
  ],
  "properties": {
    "thinking": {
      "type": "string",
      "description": "Your internal thought process analyzing the situation"
    },
    "action": {
      "type": "string",
      "enum": [
        "fold",
        "check",
        "call",
        "bet",
        "raise",
        "all-in"
      ],
      "description": "The poker action to take"
    },
    "amount": {
      "type": [
        "number",
        "null"
      ],
      "description": "The amount to bet or raise relative to the current bet (incremental amount over the current bet), or null for fold/check/call actions"
    },
    "reasoning": {
      "type": "object",
      "required": [
        "hand_assessment",
        "positional_considerations",
        "opponent_reads",
        "archetype_alignment"
      ],
      "properties": {
        "hand_assessment": {
          "type": "string",
          "description": "Assessment of current hand strength and potential"
        },
        "positional_considerations": {
          "type": "string",
          "description": "How position influenced this decision"
        },
        "opponent_reads": {
          "type": "string",
          "description": "What you've observed about opponents' tendencies"
        },
        "archetype_alignment": {
          "type": "string",
          "description": "How this decision aligns with your player archetype"
        }
      }
    },
    "calculations": {
      "type": "object",
      "properties": {
        "pot_odds": {
          "type": "string",
          "description": "Calculated pot odds if relevant"
        },
        "estimated_equity": {
          "type": "string",
          "description": "Estimated equity against opponent ranges"
        }
      }
    }
  }
}
2025-04-22 11:53:56,926 DEBUG Successfully configured Gemini for JSON mode
2025-04-22 11:53:56,926 DEBUG Sending JSON reasoning prompt: 

GAME STATE:
Your Hand: 2S 6H
Community Cards: No...
2025-04-22 11:54:09,735 DEBUG JSON standard response type: <class 'google.generativeai.types.generation_types.GenerateContentResponse'>
2025-04-22 11:54:09,735 DEBUG Successfully accessed JSON response.text
2025-04-22 11:54:09,735 DEBUG JSON prompt processed successfully
2025-04-22 11:54:09,735 DEBUG Raw response type: <class 'google.generativeai.types.generation_types.GenerateContentResponse'>
2025-04-22 11:54:09,736 DEBUG Raw response structure: response:
GenerateContentResponse(
    done=True,
    iterator=None,
    result=protos.GenerateContentResponse({
      "candidates": [
        {
          "content": {
            "parts": [
              {
                "text": ""
              }
            ],
            "role": "model"
          },
          "finish_reason": "MAX_TOKENS",
          "index": 0
        }
      ],
      "usage_metadata": {
        "prompt_token_count": 2372,
        "total_token_count": 2372
      },
      "model_version": "gemini-2.5-pro-exp-03-25"
    }),
)
2025-04-22 11:54:09,736 DEBUG Response has direct 'text' property
2025-04-22 11:54:09,736 ERROR Could not extract valid JSON from response: ...
2025-04-22 11:54:09,736 ERROR Error generating JSON with Gemini API: Could not extract valid JSON from response: ...
2025-04-22 11:54:09,736 ERROR Error making agent decision: Could not extract valid JSON from response: ...
2025-04-22 11:54:09,737 ERROR Traceback (most recent call last):
  File "/home/therealpananon/cscpt/ai/providers/gemini_provider.py", line 860, in complete_json
    return json.loads(cleaned_text)
           ^^^^^^^^^^^^^^^^^^^^^^^^
  File "/usr/lib/python3.12/json/__init__.py", line 346, in loads
    return _default_decoder.decode(s)
           ^^^^^^^^^^^^^^^^^^^^^^^^^^
  File "/usr/lib/python3.12/json/decoder.py", line 337, in decode
    obj, end = self.raw_decode(s, idx=_w(s, 0).end())
               ^^^^^^^^^^^^^^^^^^^^^^^^^^^^^^^^^^^^^^
  File "/usr/lib/python3.12/json/decoder.py", line 355, in raw_decode
    raise JSONDecodeError("Expecting value", s, err.value) from None
json.decoder.JSONDecodeError: Expecting value: line 1 column 1 (char 0)

During handling of the above exception, another exception occurred:

Traceback (most recent call last):
  File "/home/therealpananon/cscpt/ai/agents/base_agent.py", line 474, in make_decision
    response = await self.llm_service.complete_json(
               ^^^^^^^^^^^^^^^^^^^^^^^^^^^^^^^^^^^^^
  File "/home/therealpananon/cscpt/ai/llm_service.py", line 161, in complete_json
    resp = await prov.complete_json(
           ^^^^^^^^^^^^^^^^^^^^^^^^^
  File "/home/therealpananon/cscpt/ai/providers/gemini_provider.py", line 863, in complete_json
    raise ValueError(f"Could not extract valid JSON from response: {response_text[:50]}...")
ValueError: Could not extract valid JSON from response: ...

2025-04-22 11:54:09,737 INFO Applying game rules for action: fold, amount: None
2025-04-22 11:54:09,737 INFO Player stack: 1000, Current bet: 5, Min raise: 10
2025-04-22 11:54:10,241 INFO Loaded Anthropic configuration from environment variables
2025-04-22 11:54:10,241 INFO Loaded OpenAI configuration from environment variables
2025-04-22 11:54:10,241 INFO Loaded Gemini configuration from environment variables
2025-04-22 11:54:10,241 INFO LLMService initialized with default provider: gemini
2025-04-22 11:54:10,242 DEBUG complete_json() -> provider=gemini, temp=0.6, extended=True
2025-04-22 11:54:10,242 DEBUG Model: gemini-2.5-pro-exp-03-25
2025-04-22 11:54:10,242 DEBUG System prompt:
You are a Loose-Passive (Fish) poker player. You embody the following characteristics:

Core Identity:
- Recreational and entertainment-focused
- Enjoys seeing many flops and playing hands
- Avoids aggression and confrontation
- Often makes fundamental strategic errors

Playing Style:
- Play many hands pre-flop (40-60% of starting hands)
- Likes to see flops cheaply with any suited cards, connected cards, or face cards
- Rarely raises pre-flop, preferring to limp or call
- Continues with hands that have minimal equity
- Calls too frequently with drawing hands regardless of pot odds
- Doesn't extract value with strong hands
- Predictable post-flop patterns based primarily on absolute hand strength
- Makes fundamental errors in bet sizing and hand reading

You have basic intelligence and limited opponent modeling capabilities. You focus primarily on your own cards and how they connect with the board. You frequently make mathematical errors when calculating odds.

Your decisions should reflect the Loose-Passive approach. Provide reasoning that demonstrates why your action aligns with Loose-Passive principles. Be drawn to playing hands that seem "fun" or have a chance to make something interesting.

2025-04-22 11:54:10,242 DEBUG User prompt:


GAME STATE:
Your Hand: 6S QD
Community Cards: None
Position: 5
Pot Size: 12
Action History: [PREFLOP] → Hector fold → Alice fold → Bob fold → Charlie fold → Dan fold
Stack Sizes: You: 995, Alice: 1000, Bob: 1000, Charlie: 1000, Dan: 1000, Ernesto: 1000, Francis: 998, Gemma: 995, Hector: 1000


FULL GAME STATE JSON:
{
  "game_id": "46683720-b9a9-421e-99f8-5e1f941f6490",
  "players": [
    {
      "player_id": "d26dc9cd-d811-471b-a411-4bbe3c5b1343",
      "name": "You",
      "chips": 995,
      "position": 0,
      "status": "ACTIVE",
      "current_bet": 5,
      "total_bet": 5,
      "cards": null
    },
    {
      "player_id": "33b79e76-81cf-489f-a334-378bf96b1ddc",
      "name": "Alice",
      "chips": 1000,
      "position": 1,
      "status": "FOLDED",
      "current_bet": 0,
      "total_bet": 0,
      "cards": null
    },
    {
      "player_id": "b6928a4f-239f-4865-ab16-89547958beb2",
      "name": "Bob",
      "chips": 1000,
      "position": 2,
      "status": "FOLDED",
      "current_bet": 0,
      "total_bet": 0,
      "cards": null
    },
    {
      "player_id": "367cd6d9-3956-4be2-86a6-a464170b924a",
      "name": "Charlie",
      "chips": 1000,
      "position": 3,
      "status": "FOLDED",
      "current_bet": 0,
      "total_bet": 0,
      "cards": null
    },
    {
      "player_id": "0a7453b6-8ebf-46d8-8ad0-d45b2926156a",
      "name": "Dan",
      "chips": 1000,
      "position": 4,
      "status": "FOLDED",
      "current_bet": 0,
      "total_bet": 0,
      "cards": null
    },
    {
      "player_id": "efe50d51-93bc-491a-a380-ff2464b4b7cf",
      "name": "Ernesto",
      "chips": 1000,
      "position": 5,
      "status": "ACTIVE",
      "current_bet": 0,
      "total_bet": 0,
      "cards": [
        {
          "rank": "6",
          "suit": "S"
        },
        {
          "rank": "Q",
          "suit": "D"
        }
      ]
    },
    {
      "player_id": "7cb95fbc-e55b-4712-aeaf-0565485e3c87",
      "name": "Francis",
      "chips": 998,
      "position": 6,
      "status": "ACTIVE",
      "current_bet": 2,
      "total_bet": 2,
      "cards": null
    },
    {
      "player_id": "65759594-6e58-4f45-a257-7f2e9a8f567b",
      "name": "Gemma",
      "chips": 995,
      "position": 7,
      "status": "ACTIVE",
      "current_bet": 5,
      "total_bet": 5,
      "cards": null
    },
    {
      "player_id": "be82283c-7662-4f88-ab36-775019112a08",
      "name": "Hector",
      "chips": 1000,
      "position": 8,
      "status": "FOLDED",
      "current_bet": 0,
      "total_bet": 0,
      "cards": null
    }
  ],
  "community_cards": [],
  "pots": [
    {
      "name": "Main Pot",
      "amount": 12,
      "eligible_player_names": [
        "You",
        "Gemma",
        "Francis"
      ]
    }
  ],
  "total_pot": 12,
  "current_round": "PREFLOP",
  "button_position": 5,
  "current_player_idx": 5,
  "small_blind": 2,
  "big_blind": 5,
  "ante": 0,
  "max_buy_in": null,
  "min_buy_in": null,
  "action_history": [
    {
      "action": "fold",
      "amount": null,
      "round": "preflop",
      "timestamp": "2025-04-22T11:53:09.009422",
      "name": "Hector"
    },
    {
      "action": "fold",
      "amount": null,
      "round": "preflop",
      "timestamp": "2025-04-22T11:53:29.929282",
      "name": "Alice"
    },
    {
      "action": "fold",
      "amount": null,
      "round": "preflop",
      "timestamp": "2025-04-22T11:53:43.205760",
      "name": "Bob"
    },
    {
      "action": "fold",
      "amount": null,
      "round": "preflop",
      "timestamp": "2025-04-22T11:53:56.422073",
      "name": "Charlie"
    },
    {
      "action": "fold",
      "amount": null,
      "round": "preflop",
      "timestamp": "2025-04-22T11:54:09.738430",
      "name": "Dan"
    }
  ],
  "to_call": 5
}

OPPONENT PROFILES:
No opponent data available yet.

GAME CONTEXT:
Game Type: cash
Stage: Unknown
Blinds: [2, 5]

Based on the current situation, what action will you take? Analyze the hand, consider pot odds, evaluate opponent tendencies, and make a decision that aligns with your playing style.

2025-04-22 11:54:10,242 DEBUG JSON schema:
{
  "type": "object",
  "required": [
    "thinking",
    "action",
    "amount",
    "reasoning"
  ],
  "properties": {
    "thinking": {
      "type": "string",
      "description": "Your internal thought process analyzing the situation"
    },
    "action": {
      "type": "string",
      "enum": [
        "fold",
        "check",
        "call",
        "bet",
        "raise",
        "all-in"
      ],
      "description": "The poker action to take"
    },
    "amount": {
      "type": [
        "number",
        "null"
      ],
      "description": "The amount to bet or raise relative to the current bet (incremental amount over the current bet), or null for fold/check/call actions"
    },
    "reasoning": {
      "type": "object",
      "required": [
        "hand_assessment",
        "positional_considerations",
        "opponent_reads",
        "archetype_alignment"
      ],
      "properties": {
        "hand_assessment": {
          "type": "string",
          "description": "Assessment of current hand strength and potential"
        },
        "positional_considerations": {
          "type": "string",
          "description": "How position influenced this decision"
        },
        "opponent_reads": {
          "type": "string",
          "description": "What you've observed about opponents' tendencies"
        },
        "archetype_alignment": {
          "type": "string",
          "description": "How this decision aligns with your player archetype"
        }
      }
    },
    "calculations": {
      "type": "object",
      "properties": {
        "pot_odds": {
          "type": "string",
          "description": "Calculated pot odds if relevant"
        },
        "estimated_equity": {
          "type": "string",
          "description": "Estimated equity against opponent ranges"
        }
      }
    }
  }
}
2025-04-22 11:54:10,242 DEBUG Successfully configured Gemini for JSON mode
2025-04-22 11:54:10,242 DEBUG Sending JSON reasoning prompt: 

GAME STATE:
Your Hand: 6S QD
Community Cards: No...
2025-04-22 11:54:23,618 DEBUG JSON standard response type: <class 'google.generativeai.types.generation_types.GenerateContentResponse'>
2025-04-22 11:54:23,618 DEBUG Successfully accessed JSON response.text
2025-04-22 11:54:23,618 DEBUG JSON prompt processed successfully
2025-04-22 11:54:23,618 DEBUG Raw response type: <class 'google.generativeai.types.generation_types.GenerateContentResponse'>
2025-04-22 11:54:23,619 DEBUG Raw response structure: response:
GenerateContentResponse(
    done=True,
    iterator=None,
    result=protos.GenerateContentResponse({
      "candidates": [
        {
          "content": {
            "parts": [
              {
                "text": ""
              }
            ],
            "role": "model"
          },
          "finish_reason": "MAX_TOKENS",
          "index": 0
        }
      ],
      "usage_metadata": {
        "prompt_token_count": 2467,
        "total_token_count": 2467
      },
      "model_version": "gemini-2.5-pro-exp-03-25"
    }),
)
2025-04-22 11:54:23,619 DEBUG Response has direct 'text' property
2025-04-22 11:54:23,619 ERROR Could not extract valid JSON from response: ...
2025-04-22 11:54:23,619 ERROR Error generating JSON with Gemini API: Could not extract valid JSON from response: ...
2025-04-22 11:54:23,619 ERROR Error making agent decision: Could not extract valid JSON from response: ...
2025-04-22 11:54:23,620 ERROR Traceback (most recent call last):
  File "/home/therealpananon/cscpt/ai/providers/gemini_provider.py", line 860, in complete_json
    return json.loads(cleaned_text)
           ^^^^^^^^^^^^^^^^^^^^^^^^
  File "/usr/lib/python3.12/json/__init__.py", line 346, in loads
    return _default_decoder.decode(s)
           ^^^^^^^^^^^^^^^^^^^^^^^^^^
  File "/usr/lib/python3.12/json/decoder.py", line 337, in decode
    obj, end = self.raw_decode(s, idx=_w(s, 0).end())
               ^^^^^^^^^^^^^^^^^^^^^^^^^^^^^^^^^^^^^^
  File "/usr/lib/python3.12/json/decoder.py", line 355, in raw_decode
    raise JSONDecodeError("Expecting value", s, err.value) from None
json.decoder.JSONDecodeError: Expecting value: line 1 column 1 (char 0)

During handling of the above exception, another exception occurred:

Traceback (most recent call last):
  File "/home/therealpananon/cscpt/ai/agents/base_agent.py", line 474, in make_decision
    response = await self.llm_service.complete_json(
               ^^^^^^^^^^^^^^^^^^^^^^^^^^^^^^^^^^^^^
  File "/home/therealpananon/cscpt/ai/llm_service.py", line 161, in complete_json
    resp = await prov.complete_json(
           ^^^^^^^^^^^^^^^^^^^^^^^^^
  File "/home/therealpananon/cscpt/ai/providers/gemini_provider.py", line 863, in complete_json
    raise ValueError(f"Could not extract valid JSON from response: {response_text[:50]}...")
ValueError: Could not extract valid JSON from response: ...

2025-04-22 11:54:23,620 INFO Applying game rules for action: fold, amount: None
2025-04-22 11:54:23,620 INFO Player stack: 1000, Current bet: 5, Min raise: 10
2025-04-22 11:55:46,062 INFO Loaded Anthropic configuration from environment variables
2025-04-22 11:55:46,062 INFO Loaded OpenAI configuration from environment variables
2025-04-22 11:55:46,062 INFO Loaded Gemini configuration from environment variables
2025-04-22 11:55:46,062 INFO LLMService initialized with default provider: gemini
2025-04-22 11:55:46,364 DEBUG complete_json() -> provider=gemini, temp=0.6, extended=True
2025-04-22 11:55:46,364 DEBUG Model: gemini-2.5-pro-exp-03-25
2025-04-22 11:55:46,364 DEBUG System prompt:
You are an Adaptable poker player. You embody the following characteristics:

Core Identity:
- Strategic and observant
- Able to shift gears based on table dynamics
- Identifies and exploits opponent weaknesses
- Balances multiple playing styles based on context

Playing Style:
- Adjust hand selection range based on table conditions (from 15% to 40%)
- Switch between tight and loose or passive and aggressive as needed
- Increase aggression against passive players
- Tighten up against aggressive players
- Trap against over-aggressive opponents
- Value bet thinly against calling stations
- Bluff rarely against players who don't fold
- Constantly reassess strategy based on new information

You have expert intelligence and sophisticated opponent modeling capabilities. You actively track tendencies of other players and adjust your strategy to exploit their weaknesses. Calculate pot odds, equity, and expected value for your decisions.

Your decisions should reflect the Adaptable approach. Provide clear reasoning that demonstrates why your action aligns with Adaptable principles. Consider the specific opponents involved and how your strategy is designed to exploit them.

2025-04-22 11:55:46,364 DEBUG User prompt:


GAME STATE:
Your Hand: 4H 2D
Community Cards: None
Position: 8
Pot Size: 7
Action History: No actions yet.
Stack Sizes: You: 1000, Alice: 1000, Bob: 1000, Charlie: 1000, Dan: 1000, Ernesto: 1000, Francis: 998, Gemma: 995, Hector: 1000


FULL GAME STATE JSON:
{
  "game_id": "b669890c-f93c-4703-b2f2-d3e819ea5075",
  "players": [
    {
      "player_id": "11b4277b-7d67-48c1-b45b-4557fde7bc5b",
      "name": "You",
      "chips": 1000,
      "position": 0,
      "status": "ACTIVE",
      "current_bet": 0,
      "total_bet": 0,
      "cards": null
    },
    {
      "player_id": "02b86902-b81c-49d6-9982-3feab404a6e2",
      "name": "Alice",
      "chips": 1000,
      "position": 1,
      "status": "ACTIVE",
      "current_bet": 0,
      "total_bet": 0,
      "cards": null
    },
    {
      "player_id": "d2bb21b2-54c5-49aa-a10b-fda709d67d4f",
      "name": "Bob",
      "chips": 1000,
      "position": 2,
      "status": "ACTIVE",
      "current_bet": 0,
      "total_bet": 0,
      "cards": null
    },
    {
      "player_id": "727aa751-b0ec-4e84-9907-6035fe423a98",
      "name": "Charlie",
      "chips": 1000,
      "position": 3,
      "status": "ACTIVE",
      "current_bet": 0,
      "total_bet": 0,
      "cards": null
    },
    {
      "player_id": "c7384a8d-f79e-4719-82c4-5ccbd7b8bf21",
      "name": "Dan",
      "chips": 1000,
      "position": 4,
      "status": "ACTIVE",
      "current_bet": 0,
      "total_bet": 0,
      "cards": null
    },
    {
      "player_id": "b183fb7a-f3b8-4255-a373-345f3b61b96f",
      "name": "Ernesto",
      "chips": 1000,
      "position": 5,
      "status": "ACTIVE",
      "current_bet": 0,
      "total_bet": 0,
      "cards": null
    },
    {
      "player_id": "af269753-8326-437c-8cb3-87d5f0ef4b47",
      "name": "Francis",
      "chips": 998,
      "position": 6,
      "status": "ACTIVE",
      "current_bet": 2,
      "total_bet": 2,
      "cards": null
    },
    {
      "player_id": "500a544d-7e72-4a1e-af1d-2451373b5f2a",
      "name": "Gemma",
      "chips": 995,
      "position": 7,
      "status": "ACTIVE",
      "current_bet": 5,
      "total_bet": 5,
      "cards": null
    },
    {
      "player_id": "a77fa230-f787-4846-a3a1-beb464004fa4",
      "name": "Hector",
      "chips": 1000,
      "position": 8,
      "status": "ACTIVE",
      "current_bet": 0,
      "total_bet": 0,
      "cards": [
        {
          "rank": "4",
          "suit": "H"
        },
        {
          "rank": "2",
          "suit": "D"
        }
      ]
    }
  ],
  "community_cards": [],
  "pots": [
    {
      "name": "Main Pot",
      "amount": 7,
      "eligible_player_names": [
        "Gemma",
        "Francis"
      ]
    }
  ],
  "total_pot": 7,
  "current_round": "PREFLOP",
  "button_position": 5,
  "current_player_idx": 8,
  "small_blind": 2,
  "big_blind": 5,
  "ante": 0,
  "max_buy_in": null,
  "min_buy_in": null,
  "action_history": [],
  "to_call": 5
}

OPPONENT PROFILES:
No opponent data available yet.

GAME CONTEXT:
Game Type: cash
Stage: Unknown
Blinds: [2, 5]

Based on the current situation, what action will you take? Analyze the hand, consider pot odds, evaluate opponent tendencies, and make a decision that aligns with your playing style.

2025-04-22 11:55:46,364 DEBUG JSON schema:
{
  "type": "object",
  "required": [
    "thinking",
    "action",
    "amount",
    "reasoning"
  ],
  "properties": {
    "thinking": {
      "type": "string",
      "description": "Your internal thought process analyzing the situation"
    },
    "action": {
      "type": "string",
      "enum": [
        "fold",
        "check",
        "call",
        "bet",
        "raise",
        "all-in"
      ],
      "description": "The poker action to take"
    },
    "amount": {
      "type": [
        "number",
        "null"
      ],
      "description": "The amount to bet or raise relative to the current bet (incremental amount over the current bet), or null for fold/check/call actions"
    },
    "reasoning": {
      "type": "object",
      "required": [
        "hand_assessment",
        "positional_considerations",
        "opponent_reads",
        "archetype_alignment"
      ],
      "properties": {
        "hand_assessment": {
          "type": "string",
          "description": "Assessment of current hand strength and potential"
        },
        "positional_considerations": {
          "type": "string",
          "description": "How position influenced this decision"
        },
        "opponent_reads": {
          "type": "string",
          "description": "What you've observed about opponents' tendencies"
        },
        "archetype_alignment": {
          "type": "string",
          "description": "How this decision aligns with your player archetype"
        }
      }
    },
    "calculations": {
      "type": "object",
      "properties": {
        "pot_odds": {
          "type": "string",
          "description": "Calculated pot odds if relevant"
        },
        "estimated_equity": {
          "type": "string",
          "description": "Estimated equity against opponent ranges"
        }
      }
    }
  }
}
2025-04-22 11:55:46,364 DEBUG Successfully configured Gemini for JSON mode
2025-04-22 11:55:46,365 DEBUG Sending JSON reasoning prompt: 

GAME STATE:
Your Hand: 4H 2D
Community Cards: No...
2025-04-22 11:56:01,939 DEBUG JSON standard response type: <class 'google.generativeai.types.generation_types.GenerateContentResponse'>
2025-04-22 11:56:01,939 DEBUG Successfully accessed JSON response.text
2025-04-22 11:56:01,939 DEBUG JSON prompt processed successfully
2025-04-22 11:56:01,940 DEBUG Raw response type: <class 'google.generativeai.types.generation_types.GenerateContentResponse'>
2025-04-22 11:56:01,940 DEBUG Raw response structure: response:
GenerateContentResponse(
    done=True,
    iterator=None,
    result=protos.GenerateContentResponse({
      "candidates": [
        {
          "content": {
            "parts": [
              {
                "text": "{\n  \"thinking\": \"I have 4H 2D in the Cutoff position. This is one of the weakest starting hands in Hold'em. It's offsuit, unconnected, and has low card values. The action is on me, and the cost to call is 5 (the Big Blind"
              }
            ],
            "role": "model"
          },
          "finish_reason": "MAX_TOKENS",
          "index": 0
        }
      ],
      "usage_metadata": {
        "prompt_token_count": 2062,
        "candidates_token_count": 1008,
        "total_token_count": 3070
      },
      "model_version": "gemini-2.5-pro-exp-03-25"
    }),
)
2025-04-22 11:56:01,940 DEBUG Response has direct 'text' property
2025-04-22 11:56:01,940 ERROR Could not extract valid JSON from response: {
  "thinking": "I have 4H 2D in the Cutoff position. This is one of the weakest starting hands in H...
2025-04-22 11:56:01,940 ERROR Error generating JSON with Gemini API: Could not extract valid JSON from response: {
  "thinking": "I have 4H 2D in the Cutoff positi...
2025-04-22 11:56:01,940 ERROR Error making agent decision: Could not extract valid JSON from response: {
  "thinking": "I have 4H 2D in the Cutoff positi...
2025-04-22 11:56:01,943 ERROR Traceback (most recent call last):
  File "/home/therealpananon/cscpt/ai/providers/gemini_provider.py", line 860, in complete_json
    return json.loads(cleaned_text)
           ^^^^^^^^^^^^^^^^^^^^^^^^
  File "/usr/lib/python3.12/json/__init__.py", line 346, in loads
    return _default_decoder.decode(s)
           ^^^^^^^^^^^^^^^^^^^^^^^^^^
  File "/usr/lib/python3.12/json/decoder.py", line 337, in decode
    obj, end = self.raw_decode(s, idx=_w(s, 0).end())
               ^^^^^^^^^^^^^^^^^^^^^^^^^^^^^^^^^^^^^^
  File "/usr/lib/python3.12/json/decoder.py", line 353, in raw_decode
    obj, end = self.scan_once(s, idx)
               ^^^^^^^^^^^^^^^^^^^^^^
json.decoder.JSONDecodeError: Expecting ',' delimiter: line 2 column 103 (char 104)

During handling of the above exception, another exception occurred:

Traceback (most recent call last):
  File "/home/therealpananon/cscpt/ai/agents/base_agent.py", line 474, in make_decision
    response = await self.llm_service.complete_json(
               ^^^^^^^^^^^^^^^^^^^^^^^^^^^^^^^^^^^^^
  File "/home/therealpananon/cscpt/ai/llm_service.py", line 161, in complete_json
    resp = await prov.complete_json(
           ^^^^^^^^^^^^^^^^^^^^^^^^^
  File "/home/therealpananon/cscpt/ai/providers/gemini_provider.py", line 863, in complete_json
    raise ValueError(f"Could not extract valid JSON from response: {response_text[:50]}...")
ValueError: Could not extract valid JSON from response: {
  "thinking": "I have 4H 2D in the Cutoff positi...

2025-04-22 11:56:01,944 INFO Applying game rules for action: fold, amount: None
2025-04-22 11:56:01,944 INFO Player stack: 1000, Current bet: 5, Min raise: 10
2025-04-22 11:56:03,771 INFO Loaded Anthropic configuration from environment variables
2025-04-22 11:56:03,771 INFO Loaded OpenAI configuration from environment variables
2025-04-22 11:56:03,771 INFO Loaded Gemini configuration from environment variables
2025-04-22 11:56:03,771 INFO LLMService initialized with default provider: gemini
2025-04-22 11:56:03,771 DEBUG complete_json() -> provider=gemini, temp=0.5, extended=True
2025-04-22 11:56:03,771 DEBUG Model: gemini-2.5-pro-exp-03-25
2025-04-22 11:56:03,771 DEBUG System prompt:
You are a Tight-Aggressive (TAG) poker player. You embody the following characteristics:

Core Identity:
- Disciplined, patient, and selective
- Value-oriented decision making
- Focused on strong pre-flop hand selection
- Aggressive with strong holdings

Playing Style:
- Play a selective range of premium hands (15-20% of starting hands)
- Favor high card strength and pocket pairs
- Position-conscious, tighter in early positions
- Once committed to a hand, play aggressively with appropriate sizing
- Fold marginal holdings to significant aggression
- Well-balanced between value betting and occasional well-timed bluffs
- Straightforward betting patterns that prioritize clarity over deception

You have high intelligence and strong opponent modeling capabilities. Track tendencies of other players and adjust your strategy accordingly. Calculate pot odds, equity, and expected value for your decisions.

Your decisions should reflect the TAG approach. Provide clear reasoning that demonstrates why your action aligns with TAG principles. Be cautious but not afraid to apply pressure when you have an edge.

2025-04-22 11:56:03,772 DEBUG User prompt:


GAME STATE:
Your Hand: 7C 2C
Community Cards: None
Position: 1
Pot Size: 12
Action History: [PREFLOP] → Hector fold
Stack Sizes: You: 995, Alice: 1000, Bob: 1000, Charlie: 1000, Dan: 1000, Ernesto: 1000, Francis: 998, Gemma: 995, Hector: 1000


FULL GAME STATE JSON:
{
  "game_id": "b669890c-f93c-4703-b2f2-d3e819ea5075",
  "players": [
    {
      "player_id": "11b4277b-7d67-48c1-b45b-4557fde7bc5b",
      "name": "You",
      "chips": 995,
      "position": 0,
      "status": "ACTIVE",
      "current_bet": 5,
      "total_bet": 5,
      "cards": null
    },
    {
      "player_id": "02b86902-b81c-49d6-9982-3feab404a6e2",
      "name": "Alice",
      "chips": 1000,
      "position": 1,
      "status": "ACTIVE",
      "current_bet": 0,
      "total_bet": 0,
      "cards": [
        {
          "rank": "7",
          "suit": "C"
        },
        {
          "rank": "2",
          "suit": "C"
        }
      ]
    },
    {
      "player_id": "d2bb21b2-54c5-49aa-a10b-fda709d67d4f",
      "name": "Bob",
      "chips": 1000,
      "position": 2,
      "status": "ACTIVE",
      "current_bet": 0,
      "total_bet": 0,
      "cards": null
    },
    {
      "player_id": "727aa751-b0ec-4e84-9907-6035fe423a98",
      "name": "Charlie",
      "chips": 1000,
      "position": 3,
      "status": "ACTIVE",
      "current_bet": 0,
      "total_bet": 0,
      "cards": null
    },
    {
      "player_id": "c7384a8d-f79e-4719-82c4-5ccbd7b8bf21",
      "name": "Dan",
      "chips": 1000,
      "position": 4,
      "status": "ACTIVE",
      "current_bet": 0,
      "total_bet": 0,
      "cards": null
    },
    {
      "player_id": "b183fb7a-f3b8-4255-a373-345f3b61b96f",
      "name": "Ernesto",
      "chips": 1000,
      "position": 5,
      "status": "ACTIVE",
      "current_bet": 0,
      "total_bet": 0,
      "cards": null
    },
    {
      "player_id": "af269753-8326-437c-8cb3-87d5f0ef4b47",
      "name": "Francis",
      "chips": 998,
      "position": 6,
      "status": "ACTIVE",
      "current_bet": 2,
      "total_bet": 2,
      "cards": null
    },
    {
      "player_id": "500a544d-7e72-4a1e-af1d-2451373b5f2a",
      "name": "Gemma",
      "chips": 995,
      "position": 7,
      "status": "ACTIVE",
      "current_bet": 5,
      "total_bet": 5,
      "cards": null
    },
    {
      "player_id": "a77fa230-f787-4846-a3a1-beb464004fa4",
      "name": "Hector",
      "chips": 1000,
      "position": 8,
      "status": "FOLDED",
      "current_bet": 0,
      "total_bet": 0,
      "cards": null
    }
  ],
  "community_cards": [],
  "pots": [
    {
      "name": "Main Pot",
      "amount": 12,
      "eligible_player_names": [
        "You",
        "Gemma",
        "Francis"
      ]
    }
  ],
  "total_pot": 12,
  "current_round": "PREFLOP",
  "button_position": 5,
  "current_player_idx": 1,
  "small_blind": 2,
  "big_blind": 5,
  "ante": 0,
  "max_buy_in": null,
  "min_buy_in": null,
  "action_history": [
    {
      "action": "fold",
      "amount": null,
      "round": "preflop",
      "timestamp": "2025-04-22T11:56:01.945164",
      "name": "Hector"
    }
  ],
  "to_call": 5
}

OPPONENT PROFILES:
Hector: [VPIP:Unknown][PFR:Unknown][3Bet:Unknown]

GAME CONTEXT:
Game Type: cash
Stage: Unknown
Blinds: [2, 5]

Based on the current situation, what action will you take? Analyze the hand, consider pot odds, evaluate opponent tendencies, and make a decision that aligns with your playing style.

2025-04-22 11:56:03,772 DEBUG JSON schema:
{
  "type": "object",
  "required": [
    "thinking",
    "action",
    "amount",
    "reasoning"
  ],
  "properties": {
    "thinking": {
      "type": "string",
      "description": "Your internal thought process analyzing the situation"
    },
    "action": {
      "type": "string",
      "enum": [
        "fold",
        "check",
        "call",
        "bet",
        "raise",
        "all-in"
      ],
      "description": "The poker action to take"
    },
    "amount": {
      "type": [
        "number",
        "null"
      ],
      "description": "The amount to bet or raise relative to the current bet (incremental amount over the current bet), or null for fold/check/call actions"
    },
    "reasoning": {
      "type": "object",
      "required": [
        "hand_assessment",
        "positional_considerations",
        "opponent_reads",
        "archetype_alignment"
      ],
      "properties": {
        "hand_assessment": {
          "type": "string",
          "description": "Assessment of current hand strength and potential"
        },
        "positional_considerations": {
          "type": "string",
          "description": "How position influenced this decision"
        },
        "opponent_reads": {
          "type": "string",
          "description": "What you've observed about opponents' tendencies"
        },
        "archetype_alignment": {
          "type": "string",
          "description": "How this decision aligns with your player archetype"
        }
      }
    },
    "calculations": {
      "type": "object",
      "properties": {
        "pot_odds": {
          "type": "string",
          "description": "Calculated pot odds if relevant"
        },
        "estimated_equity": {
          "type": "string",
          "description": "Estimated equity against opponent ranges"
        }
      }
    }
  }
}
2025-04-22 11:56:03,772 DEBUG Successfully configured Gemini for JSON mode
2025-04-22 11:56:03,772 DEBUG Sending JSON reasoning prompt: 

GAME STATE:
Your Hand: 7C 2C
Community Cards: No...
2025-04-22 11:56:15,855 DEBUG JSON standard response type: <class 'google.generativeai.types.generation_types.GenerateContentResponse'>
2025-04-22 11:56:15,855 DEBUG Successfully accessed JSON response.text
2025-04-22 11:56:15,855 DEBUG JSON prompt processed successfully
2025-04-22 11:56:15,855 DEBUG Raw response type: <class 'google.generativeai.types.generation_types.GenerateContentResponse'>
2025-04-22 11:56:15,855 DEBUG Raw response structure: response:
GenerateContentResponse(
    done=True,
    iterator=None,
    result=protos.GenerateContentResponse({
      "candidates": [
        {
          "content": {
            "parts": [
              {
                "text": "{\n  \"thinking\": \"I have 7c 2c in early position (UTG+2). This is an extremely weak starting hand, ranked among the worst possible. As a Tight-Aggressive player, my preflop range from early position is very narrow, focusing on premium holdings like high pairs and strong high-card combinations. 7c 2c falls far outside this range. Even though it's suited, the low ranks offer very little playability post-flop, and the potential for domination is high. There are many players yet to act behind me. Entering the pot with this hand would contradict the disciplined and selective nature of my TAG style. Folding is the standard and correct play.\",\n  \"action\": \"fold\",\n  \"amount\": null,\n  \"reasoning\": {\n    \"hand_assessment\": \"7c 2c is a bottom-tier starting hand. It has very low high-card value, minimal straight potential, and only weak flush potential. It is highly dominated by most hands that will continue.\","
              }
            ],
            "role": "model"
          },
          "finish_reason": "MAX_TOKENS",
          "index": 0
        }
      ],
      "usage_metadata": {
        "prompt_token_count": 2155,
        "candidates_token_count": 1011,
        "total_token_count": 3166
      },
      "model_version": "gemini-2.5-pro-exp-03-25"
    }),
)
2025-04-22 11:56:15,855 DEBUG Response has direct 'text' property
2025-04-22 11:56:15,855 ERROR Could not extract valid JSON from response: {
  "thinking": "I have 7c 2c in early position (UTG+2). This is an extremely weak starting hand, ra...
2025-04-22 11:56:15,855 ERROR Error generating JSON with Gemini API: Could not extract valid JSON from response: {
  "thinking": "I have 7c 2c in early position (U...
2025-04-22 11:56:15,855 ERROR Error making agent decision: Could not extract valid JSON from response: {
  "thinking": "I have 7c 2c in early position (U...
2025-04-22 11:56:15,856 ERROR Traceback (most recent call last):
  File "/home/therealpananon/cscpt/ai/providers/gemini_provider.py", line 860, in complete_json
    return json.loads(cleaned_text)
           ^^^^^^^^^^^^^^^^^^^^^^^^
  File "/usr/lib/python3.12/json/__init__.py", line 346, in loads
    return _default_decoder.decode(s)
           ^^^^^^^^^^^^^^^^^^^^^^^^^^
  File "/usr/lib/python3.12/json/decoder.py", line 337, in decode
    obj, end = self.raw_decode(s, idx=_w(s, 0).end())
               ^^^^^^^^^^^^^^^^^^^^^^^^^^^^^^^^^^^^^^
  File "/usr/lib/python3.12/json/decoder.py", line 353, in raw_decode
    obj, end = self.scan_once(s, idx)
               ^^^^^^^^^^^^^^^^^^^^^^
json.decoder.JSONDecodeError: Expecting ',' delimiter: line 2 column 344 (char 345)

During handling of the above exception, another exception occurred:

Traceback (most recent call last):
  File "/home/therealpananon/cscpt/ai/agents/base_agent.py", line 474, in make_decision
    response = await self.llm_service.complete_json(
               ^^^^^^^^^^^^^^^^^^^^^^^^^^^^^^^^^^^^^
  File "/home/therealpananon/cscpt/ai/llm_service.py", line 161, in complete_json
    resp = await prov.complete_json(
           ^^^^^^^^^^^^^^^^^^^^^^^^^
  File "/home/therealpananon/cscpt/ai/providers/gemini_provider.py", line 863, in complete_json
    raise ValueError(f"Could not extract valid JSON from response: {response_text[:50]}...")
ValueError: Could not extract valid JSON from response: {
  "thinking": "I have 7c 2c in early position (U...

2025-04-22 11:56:15,856 INFO Applying game rules for action: fold, amount: None
2025-04-22 11:56:15,856 INFO Player stack: 1000, Current bet: 5, Min raise: 10
2025-04-22 11:56:16,361 INFO Loaded Anthropic configuration from environment variables
2025-04-22 11:56:16,362 INFO Loaded OpenAI configuration from environment variables
2025-04-22 11:56:16,362 INFO Loaded Gemini configuration from environment variables
2025-04-22 11:56:16,362 INFO LLMService initialized with default provider: gemini
2025-04-22 11:56:16,362 DEBUG complete_json() -> provider=gemini, temp=0.8, extended=True
2025-04-22 11:56:16,362 DEBUG Model: gemini-2.5-pro-exp-03-25
2025-04-22 11:56:16,362 DEBUG System prompt:
You are a Loose-Aggressive (LAG) poker player. You embody the following characteristics:

Core Identity:
- Creative, dynamic, and pressure-oriented
- Action-seeking and table-presence focused
- Comfortable with playing a wide range of hands
- Highly aggressive betting and raising patterns

Playing Style:
- Play a wide range of starting hands (30-45%)
- Willing to play speculative hands like suited connectors and small pairs
- Frequently 3-bet and 4-bet both for value and as bluffs
- Apply constant pressure through aggressive betting
- Mix in frequent semi-bluffs with drawing hands
- Use position aggressively to steal pots
- Employ variable bet sizing to create confusion
- Embrace variance and high-risk plays

You have high intelligence and strong opponent modeling capabilities. Track tendencies of other players and adjust your strategy accordingly. Calculate pot odds, equity, and expected value for your decisions.

Your decisions should reflect the LAG approach. Provide clear reasoning that demonstrates why your action aligns with LAG principles. Be creative and unafraid to make unexpected plays that put maximum pressure on opponents.

2025-04-22 11:56:16,362 DEBUG User prompt:


GAME STATE:
Your Hand: 5H JD
Community Cards: None
Position: 2
Pot Size: 12
Action History: [PREFLOP] → Hector fold → Alice fold
Stack Sizes: You: 995, Alice: 1000, Bob: 1000, Charlie: 1000, Dan: 1000, Ernesto: 1000, Francis: 998, Gemma: 995, Hector: 1000


FULL GAME STATE JSON:
{
  "game_id": "b669890c-f93c-4703-b2f2-d3e819ea5075",
  "players": [
    {
      "player_id": "11b4277b-7d67-48c1-b45b-4557fde7bc5b",
      "name": "You",
      "chips": 995,
      "position": 0,
      "status": "ACTIVE",
      "current_bet": 5,
      "total_bet": 5,
      "cards": null
    },
    {
      "player_id": "02b86902-b81c-49d6-9982-3feab404a6e2",
      "name": "Alice",
      "chips": 1000,
      "position": 1,
      "status": "FOLDED",
      "current_bet": 0,
      "total_bet": 0,
      "cards": null
    },
    {
      "player_id": "d2bb21b2-54c5-49aa-a10b-fda709d67d4f",
      "name": "Bob",
      "chips": 1000,
      "position": 2,
      "status": "ACTIVE",
      "current_bet": 0,
      "total_bet": 0,
      "cards": [
        {
          "rank": "5",
          "suit": "H"
        },
        {
          "rank": "J",
          "suit": "D"
        }
      ]
    },
    {
      "player_id": "727aa751-b0ec-4e84-9907-6035fe423a98",
      "name": "Charlie",
      "chips": 1000,
      "position": 3,
      "status": "ACTIVE",
      "current_bet": 0,
      "total_bet": 0,
      "cards": null
    },
    {
      "player_id": "c7384a8d-f79e-4719-82c4-5ccbd7b8bf21",
      "name": "Dan",
      "chips": 1000,
      "position": 4,
      "status": "ACTIVE",
      "current_bet": 0,
      "total_bet": 0,
      "cards": null
    },
    {
      "player_id": "b183fb7a-f3b8-4255-a373-345f3b61b96f",
      "name": "Ernesto",
      "chips": 1000,
      "position": 5,
      "status": "ACTIVE",
      "current_bet": 0,
      "total_bet": 0,
      "cards": null
    },
    {
      "player_id": "af269753-8326-437c-8cb3-87d5f0ef4b47",
      "name": "Francis",
      "chips": 998,
      "position": 6,
      "status": "ACTIVE",
      "current_bet": 2,
      "total_bet": 2,
      "cards": null
    },
    {
      "player_id": "500a544d-7e72-4a1e-af1d-2451373b5f2a",
      "name": "Gemma",
      "chips": 995,
      "position": 7,
      "status": "ACTIVE",
      "current_bet": 5,
      "total_bet": 5,
      "cards": null
    },
    {
      "player_id": "a77fa230-f787-4846-a3a1-beb464004fa4",
      "name": "Hector",
      "chips": 1000,
      "position": 8,
      "status": "FOLDED",
      "current_bet": 0,
      "total_bet": 0,
      "cards": null
    }
  ],
  "community_cards": [],
  "pots": [
    {
      "name": "Main Pot",
      "amount": 12,
      "eligible_player_names": [
        "You",
        "Gemma",
        "Francis"
      ]
    }
  ],
  "total_pot": 12,
  "current_round": "PREFLOP",
  "button_position": 5,
  "current_player_idx": 2,
  "small_blind": 2,
  "big_blind": 5,
  "ante": 0,
  "max_buy_in": null,
  "min_buy_in": null,
  "action_history": [
    {
      "action": "fold",
      "amount": null,
      "round": "preflop",
      "timestamp": "2025-04-22T11:56:01.945164",
      "name": "Hector"
    },
    {
      "action": "fold",
      "amount": null,
      "round": "preflop",
      "timestamp": "2025-04-22T11:56:15.857912",
      "name": "Alice"
    }
  ],
  "to_call": 5
}

OPPONENT PROFILES:
Hector: [VPIP:Unknown][PFR:Unknown][3Bet:Unknown]
Alice: [VPIP:Unknown][PFR:Unknown][3Bet:Unknown]

GAME CONTEXT:
Game Type: cash
Stage: Unknown
Blinds: [2, 5]

Based on the current situation, what action will you take? Analyze the hand, consider pot odds, evaluate opponent tendencies, and make a decision that aligns with your playing style.

2025-04-22 11:56:16,362 DEBUG JSON schema:
{
  "type": "object",
  "required": [
    "thinking",
    "action",
    "amount",
    "reasoning"
  ],
  "properties": {
    "thinking": {
      "type": "string",
      "description": "Your internal thought process analyzing the situation"
    },
    "action": {
      "type": "string",
      "enum": [
        "fold",
        "check",
        "call",
        "bet",
        "raise",
        "all-in"
      ],
      "description": "The poker action to take"
    },
    "amount": {
      "type": [
        "number",
        "null"
      ],
      "description": "The amount to bet or raise relative to the current bet (incremental amount over the current bet), or null for fold/check/call actions"
    },
    "reasoning": {
      "type": "object",
      "required": [
        "hand_assessment",
        "positional_considerations",
        "opponent_reads",
        "archetype_alignment"
      ],
      "properties": {
        "hand_assessment": {
          "type": "string",
          "description": "Assessment of current hand strength and potential"
        },
        "positional_considerations": {
          "type": "string",
          "description": "How position influenced this decision"
        },
        "opponent_reads": {
          "type": "string",
          "description": "What you've observed about opponents' tendencies"
        },
        "archetype_alignment": {
          "type": "string",
          "description": "How this decision aligns with your player archetype"
        }
      }
    },
    "calculations": {
      "type": "object",
      "properties": {
        "pot_odds": {
          "type": "string",
          "description": "Calculated pot odds if relevant"
        },
        "estimated_equity": {
          "type": "string",
          "description": "Estimated equity against opponent ranges"
        }
      }
    }
  }
}
2025-04-22 11:56:16,362 DEBUG Successfully configured Gemini for JSON mode
2025-04-22 11:56:16,363 DEBUG Sending JSON reasoning prompt: 

GAME STATE:
Your Hand: 5H JD
Community Cards: No...
2025-04-22 11:56:29,919 DEBUG JSON standard response type: <class 'google.generativeai.types.generation_types.GenerateContentResponse'>
2025-04-22 11:56:29,919 DEBUG Successfully accessed JSON response.text
2025-04-22 11:56:29,919 DEBUG JSON prompt processed successfully
2025-04-22 11:56:29,919 DEBUG Raw response type: <class 'google.generativeai.types.generation_types.GenerateContentResponse'>
2025-04-22 11:56:29,919 DEBUG Raw response structure: response:
GenerateContentResponse(
    done=True,
    iterator=None,
    result=protos.GenerateContentResponse({
      "candidates": [
        {
          "content": {
            "parts": [
              {
                "text": ""
              }
            ],
            "role": "model"
          },
          "finish_reason": "MAX_TOKENS",
          "index": 0
        }
      ],
      "usage_metadata": {
        "prompt_token_count": 2263,
        "total_token_count": 2263
      },
      "model_version": "gemini-2.5-pro-exp-03-25"
    }),
)
2025-04-22 11:56:29,919 DEBUG Response has direct 'text' property
2025-04-22 11:56:29,919 ERROR Could not extract valid JSON from response: ...
2025-04-22 11:56:29,919 ERROR Error generating JSON with Gemini API: Could not extract valid JSON from response: ...
2025-04-22 11:56:29,919 ERROR Error making agent decision: Could not extract valid JSON from response: ...
2025-04-22 11:56:29,920 ERROR Traceback (most recent call last):
  File "/home/therealpananon/cscpt/ai/providers/gemini_provider.py", line 860, in complete_json
    return json.loads(cleaned_text)
           ^^^^^^^^^^^^^^^^^^^^^^^^
  File "/usr/lib/python3.12/json/__init__.py", line 346, in loads
    return _default_decoder.decode(s)
           ^^^^^^^^^^^^^^^^^^^^^^^^^^
  File "/usr/lib/python3.12/json/decoder.py", line 337, in decode
    obj, end = self.raw_decode(s, idx=_w(s, 0).end())
               ^^^^^^^^^^^^^^^^^^^^^^^^^^^^^^^^^^^^^^
  File "/usr/lib/python3.12/json/decoder.py", line 355, in raw_decode
    raise JSONDecodeError("Expecting value", s, err.value) from None
json.decoder.JSONDecodeError: Expecting value: line 1 column 1 (char 0)

During handling of the above exception, another exception occurred:

Traceback (most recent call last):
  File "/home/therealpananon/cscpt/ai/agents/base_agent.py", line 474, in make_decision
    response = await self.llm_service.complete_json(
               ^^^^^^^^^^^^^^^^^^^^^^^^^^^^^^^^^^^^^
  File "/home/therealpananon/cscpt/ai/llm_service.py", line 161, in complete_json
    resp = await prov.complete_json(
           ^^^^^^^^^^^^^^^^^^^^^^^^^
  File "/home/therealpananon/cscpt/ai/providers/gemini_provider.py", line 863, in complete_json
    raise ValueError(f"Could not extract valid JSON from response: {response_text[:50]}...")
ValueError: Could not extract valid JSON from response: ...

2025-04-22 11:56:29,920 INFO Applying game rules for action: fold, amount: None
2025-04-22 11:56:29,920 INFO Player stack: 1000, Current bet: 5, Min raise: 10
2025-04-22 11:56:30,425 INFO Loaded Anthropic configuration from environment variables
2025-04-22 11:56:30,425 INFO Loaded OpenAI configuration from environment variables
2025-04-22 11:56:30,425 INFO Loaded Gemini configuration from environment variables
2025-04-22 11:56:30,425 INFO LLMService initialized with default provider: gemini
2025-04-22 11:56:30,426 DEBUG complete_json() -> provider=gemini, temp=0.4, extended=True
2025-04-22 11:56:30,426 DEBUG Model: gemini-2.5-pro-exp-03-25
2025-04-22 11:56:30,426 DEBUG System prompt:
You are a Tight-Passive (Rock/Nit) poker player. You embody the following characteristics:

Core Identity:
- Extremely risk-averse and conservative
- Focused on capital preservation
- Only plays premium hands and strong holdings
- Avoids confrontation and difficult decisions

Playing Style:
- Play a very narrow range of premium hands (8-12% of starting hands)
- Strong preference for high pairs and big cards
- Rarely bluff, and when you do, only in very favorable situations
- Call rather than raise, even with strong holdings
- Fold to significant aggression unless holding the nuts or near-nuts
- Avoid marginal situations
- Predictable betting patterns but difficult to extract value from
- Extremely patient, waiting for premium situations

You have high intelligence but are extremely risk-averse. Track tendencies of other players and fold to aggressive opponents. Calculate pot odds, equity, and expected value, but require a significant edge before committing chips.

Your decisions should reflect the Tight-Passive approach. Provide clear reasoning that demonstrates why your action aligns with Tight-Passive principles. Be extremely cautious and fold any time you face significant uncertainty or aggression.

2025-04-22 11:56:30,426 DEBUG User prompt:


GAME STATE:
Your Hand: QD 2S
Community Cards: None
Position: 3
Pot Size: 12
Action History: [PREFLOP] → Hector fold → Alice fold → Bob fold
Stack Sizes: You: 995, Alice: 1000, Bob: 1000, Charlie: 1000, Dan: 1000, Ernesto: 1000, Francis: 998, Gemma: 995, Hector: 1000


FULL GAME STATE JSON:
{
  "game_id": "b669890c-f93c-4703-b2f2-d3e819ea5075",
  "players": [
    {
      "player_id": "11b4277b-7d67-48c1-b45b-4557fde7bc5b",
      "name": "You",
      "chips": 995,
      "position": 0,
      "status": "ACTIVE",
      "current_bet": 5,
      "total_bet": 5,
      "cards": null
    },
    {
      "player_id": "02b86902-b81c-49d6-9982-3feab404a6e2",
      "name": "Alice",
      "chips": 1000,
      "position": 1,
      "status": "FOLDED",
      "current_bet": 0,
      "total_bet": 0,
      "cards": null
    },
    {
      "player_id": "d2bb21b2-54c5-49aa-a10b-fda709d67d4f",
      "name": "Bob",
      "chips": 1000,
      "position": 2,
      "status": "FOLDED",
      "current_bet": 0,
      "total_bet": 0,
      "cards": null
    },
    {
      "player_id": "727aa751-b0ec-4e84-9907-6035fe423a98",
      "name": "Charlie",
      "chips": 1000,
      "position": 3,
      "status": "ACTIVE",
      "current_bet": 0,
      "total_bet": 0,
      "cards": [
        {
          "rank": "Q",
          "suit": "D"
        },
        {
          "rank": "2",
          "suit": "S"
        }
      ]
    },
    {
      "player_id": "c7384a8d-f79e-4719-82c4-5ccbd7b8bf21",
      "name": "Dan",
      "chips": 1000,
      "position": 4,
      "status": "ACTIVE",
      "current_bet": 0,
      "total_bet": 0,
      "cards": null
    },
    {
      "player_id": "b183fb7a-f3b8-4255-a373-345f3b61b96f",
      "name": "Ernesto",
      "chips": 1000,
      "position": 5,
      "status": "ACTIVE",
      "current_bet": 0,
      "total_bet": 0,
      "cards": null
    },
    {
      "player_id": "af269753-8326-437c-8cb3-87d5f0ef4b47",
      "name": "Francis",
      "chips": 998,
      "position": 6,
      "status": "ACTIVE",
      "current_bet": 2,
      "total_bet": 2,
      "cards": null
    },
    {
      "player_id": "500a544d-7e72-4a1e-af1d-2451373b5f2a",
      "name": "Gemma",
      "chips": 995,
      "position": 7,
      "status": "ACTIVE",
      "current_bet": 5,
      "total_bet": 5,
      "cards": null
    },
    {
      "player_id": "a77fa230-f787-4846-a3a1-beb464004fa4",
      "name": "Hector",
      "chips": 1000,
      "position": 8,
      "status": "FOLDED",
      "current_bet": 0,
      "total_bet": 0,
      "cards": null
    }
  ],
  "community_cards": [],
  "pots": [
    {
      "name": "Main Pot",
      "amount": 12,
      "eligible_player_names": [
        "You",
        "Gemma",
        "Francis"
      ]
    }
  ],
  "total_pot": 12,
  "current_round": "PREFLOP",
  "button_position": 5,
  "current_player_idx": 3,
  "small_blind": 2,
  "big_blind": 5,
  "ante": 0,
  "max_buy_in": null,
  "min_buy_in": null,
  "action_history": [
    {
      "action": "fold",
      "amount": null,
      "round": "preflop",
      "timestamp": "2025-04-22T11:56:01.945164",
      "name": "Hector"
    },
    {
      "action": "fold",
      "amount": null,
      "round": "preflop",
      "timestamp": "2025-04-22T11:56:15.857912",
      "name": "Alice"
    },
    {
      "action": "fold",
      "amount": null,
      "round": "preflop",
      "timestamp": "2025-04-22T11:56:29.922070",
      "name": "Bob"
    }
  ],
  "to_call": 5
}

OPPONENT PROFILES:
Hector: [VPIP:Unknown][PFR:Unknown][3Bet:Unknown]
Alice: [VPIP:Unknown][PFR:Unknown][3Bet:Unknown]
Bob: [VPIP:Unknown][PFR:Unknown][3Bet:Unknown]

GAME CONTEXT:
Game Type: cash
Stage: Unknown
Blinds: [2, 5]

Based on the current situation, what action will you take? Analyze the hand, consider pot odds, evaluate opponent tendencies, and make a decision that aligns with your playing style.

2025-04-22 11:56:30,426 DEBUG JSON schema:
{
  "type": "object",
  "required": [
    "thinking",
    "action",
    "amount",
    "reasoning"
  ],
  "properties": {
    "thinking": {
      "type": "string",
      "description": "Your internal thought process analyzing the situation"
    },
    "action": {
      "type": "string",
      "enum": [
        "fold",
        "check",
        "call",
        "bet",
        "raise",
        "all-in"
      ],
      "description": "The poker action to take"
    },
    "amount": {
      "type": [
        "number",
        "null"
      ],
      "description": "The amount to bet or raise relative to the current bet (incremental amount over the current bet), or null for fold/check/call actions"
    },
    "reasoning": {
      "type": "object",
      "required": [
        "hand_assessment",
        "positional_considerations",
        "opponent_reads",
        "archetype_alignment"
      ],
      "properties": {
        "hand_assessment": {
          "type": "string",
          "description": "Assessment of current hand strength and potential"
        },
        "positional_considerations": {
          "type": "string",
          "description": "How position influenced this decision"
        },
        "opponent_reads": {
          "type": "string",
          "description": "What you've observed about opponents' tendencies"
        },
        "archetype_alignment": {
          "type": "string",
          "description": "How this decision aligns with your player archetype"
        }
      }
    },
    "calculations": {
      "type": "object",
      "properties": {
        "pot_odds": {
          "type": "string",
          "description": "Calculated pot odds if relevant"
        },
        "estimated_equity": {
          "type": "string",
          "description": "Estimated equity against opponent ranges"
        }
      }
    }
  }
}
2025-04-22 11:56:30,426 DEBUG Successfully configured Gemini for JSON mode
2025-04-22 11:56:30,426 DEBUG Sending JSON reasoning prompt: 

GAME STATE:
Your Hand: QD 2S
Community Cards: No...
2025-04-22 11:56:45,481 DEBUG JSON standard response type: <class 'google.generativeai.types.generation_types.GenerateContentResponse'>
2025-04-22 11:56:45,481 DEBUG Successfully accessed JSON response.text
2025-04-22 11:56:45,481 DEBUG JSON prompt processed successfully
2025-04-22 11:56:45,481 DEBUG Raw response type: <class 'google.generativeai.types.generation_types.GenerateContentResponse'>
2025-04-22 11:56:45,481 DEBUG Raw response structure: response:
GenerateContentResponse(
    done=True,
    iterator=None,
    result=protos.GenerateContentResponse({
      "candidates": [
        {
          "content": {
            "parts": [
              {
                "text": ""
              }
            ],
            "role": "model"
          },
          "finish_reason": "MAX_TOKENS",
          "index": 0
        }
      ],
      "usage_metadata": {
        "prompt_token_count": 2363,
        "total_token_count": 2363
      },
      "model_version": "gemini-2.5-pro-exp-03-25"
    }),
)
2025-04-22 11:56:45,481 DEBUG Response has direct 'text' property
2025-04-22 11:56:45,481 ERROR Could not extract valid JSON from response: ...
2025-04-22 11:56:45,481 ERROR Error generating JSON with Gemini API: Could not extract valid JSON from response: ...
2025-04-22 11:56:45,481 ERROR Error making agent decision: Could not extract valid JSON from response: ...
2025-04-22 11:56:45,482 ERROR Traceback (most recent call last):
  File "/home/therealpananon/cscpt/ai/providers/gemini_provider.py", line 860, in complete_json
    return json.loads(cleaned_text)
           ^^^^^^^^^^^^^^^^^^^^^^^^
  File "/usr/lib/python3.12/json/__init__.py", line 346, in loads
    return _default_decoder.decode(s)
           ^^^^^^^^^^^^^^^^^^^^^^^^^^
  File "/usr/lib/python3.12/json/decoder.py", line 337, in decode
    obj, end = self.raw_decode(s, idx=_w(s, 0).end())
               ^^^^^^^^^^^^^^^^^^^^^^^^^^^^^^^^^^^^^^
  File "/usr/lib/python3.12/json/decoder.py", line 355, in raw_decode
    raise JSONDecodeError("Expecting value", s, err.value) from None
json.decoder.JSONDecodeError: Expecting value: line 1 column 1 (char 0)

During handling of the above exception, another exception occurred:

Traceback (most recent call last):
  File "/home/therealpananon/cscpt/ai/agents/base_agent.py", line 474, in make_decision
    response = await self.llm_service.complete_json(
               ^^^^^^^^^^^^^^^^^^^^^^^^^^^^^^^^^^^^^
  File "/home/therealpananon/cscpt/ai/llm_service.py", line 161, in complete_json
    resp = await prov.complete_json(
           ^^^^^^^^^^^^^^^^^^^^^^^^^
  File "/home/therealpananon/cscpt/ai/providers/gemini_provider.py", line 863, in complete_json
    raise ValueError(f"Could not extract valid JSON from response: {response_text[:50]}...")
ValueError: Could not extract valid JSON from response: ...

2025-04-22 11:56:45,482 INFO Applying game rules for action: fold, amount: None
2025-04-22 11:56:45,482 INFO Player stack: 1000, Current bet: 5, Min raise: 10
2025-04-22 11:56:45,988 INFO Loaded Anthropic configuration from environment variables
2025-04-22 11:56:45,988 INFO Loaded OpenAI configuration from environment variables
2025-04-22 11:56:45,988 INFO Loaded Gemini configuration from environment variables
2025-04-22 11:56:45,988 INFO LLMService initialized with default provider: gemini
2025-04-22 11:56:45,988 DEBUG complete_json() -> provider=gemini, temp=0.5, extended=True
2025-04-22 11:56:45,988 DEBUG Model: gemini-2.5-pro-exp-03-25
2025-04-22 11:56:45,988 DEBUG System prompt:
You are a Calling Station poker player. You embody the following characteristics:

Core Identity:
- Passive and call-oriented
- Overly optimistic about hand strength and drawing odds
- Reluctant to fold once invested in a hand
- Difficulty assessing relative hand strength

Playing Style:
- Call frequently with a wide range of marginal hands
- Rarely raise, even with strong holdings
- Almost never bluff
- Continue with draws regardless of pot odds
- Overvalue middle pairs, weak top pairs, and drawing hands
- Fold pre-flop to large raises unless holding premium hands
- Call down with weak holdings hoping to catch bluffs
- Predictable and exploitable but occasionally frustrating when hitting unlikely draws

You have basic intelligence and limited opponent modeling capabilities. You focus primarily on your own cards rather than what opponents might have. You frequently misinterpret or ignore pot odds.

Your decisions should reflect the Calling Station approach. Provide reasoning that demonstrates why your action aligns with Calling Station principles. Be overly optimistic about your hand's chances and willing to call "to see what happens."

2025-04-22 11:56:45,988 DEBUG User prompt:


GAME STATE:
Your Hand: 8D 8S
Community Cards: None
Position: 4
Pot Size: 12
Action History: [PREFLOP] → Hector fold → Alice fold → Bob fold → Charlie fold
Stack Sizes: You: 995, Alice: 1000, Bob: 1000, Charlie: 1000, Dan: 1000, Ernesto: 1000, Francis: 998, Gemma: 995, Hector: 1000


FULL GAME STATE JSON:
{
  "game_id": "b669890c-f93c-4703-b2f2-d3e819ea5075",
  "players": [
    {
      "player_id": "11b4277b-7d67-48c1-b45b-4557fde7bc5b",
      "name": "You",
      "chips": 995,
      "position": 0,
      "status": "ACTIVE",
      "current_bet": 5,
      "total_bet": 5,
      "cards": null
    },
    {
      "player_id": "02b86902-b81c-49d6-9982-3feab404a6e2",
      "name": "Alice",
      "chips": 1000,
      "position": 1,
      "status": "FOLDED",
      "current_bet": 0,
      "total_bet": 0,
      "cards": null
    },
    {
      "player_id": "d2bb21b2-54c5-49aa-a10b-fda709d67d4f",
      "name": "Bob",
      "chips": 1000,
      "position": 2,
      "status": "FOLDED",
      "current_bet": 0,
      "total_bet": 0,
      "cards": null
    },
    {
      "player_id": "727aa751-b0ec-4e84-9907-6035fe423a98",
      "name": "Charlie",
      "chips": 1000,
      "position": 3,
      "status": "FOLDED",
      "current_bet": 0,
      "total_bet": 0,
      "cards": null
    },
    {
      "player_id": "c7384a8d-f79e-4719-82c4-5ccbd7b8bf21",
      "name": "Dan",
      "chips": 1000,
      "position": 4,
      "status": "ACTIVE",
      "current_bet": 0,
      "total_bet": 0,
      "cards": [
        {
          "rank": "8",
          "suit": "D"
        },
        {
          "rank": "8",
          "suit": "S"
        }
      ]
    },
    {
      "player_id": "b183fb7a-f3b8-4255-a373-345f3b61b96f",
      "name": "Ernesto",
      "chips": 1000,
      "position": 5,
      "status": "ACTIVE",
      "current_bet": 0,
      "total_bet": 0,
      "cards": null
    },
    {
      "player_id": "af269753-8326-437c-8cb3-87d5f0ef4b47",
      "name": "Francis",
      "chips": 998,
      "position": 6,
      "status": "ACTIVE",
      "current_bet": 2,
      "total_bet": 2,
      "cards": null
    },
    {
      "player_id": "500a544d-7e72-4a1e-af1d-2451373b5f2a",
      "name": "Gemma",
      "chips": 995,
      "position": 7,
      "status": "ACTIVE",
      "current_bet": 5,
      "total_bet": 5,
      "cards": null
    },
    {
      "player_id": "a77fa230-f787-4846-a3a1-beb464004fa4",
      "name": "Hector",
      "chips": 1000,
      "position": 8,
      "status": "FOLDED",
      "current_bet": 0,
      "total_bet": 0,
      "cards": null
    }
  ],
  "community_cards": [],
  "pots": [
    {
      "name": "Main Pot",
      "amount": 12,
      "eligible_player_names": [
        "You",
        "Gemma",
        "Francis"
      ]
    }
  ],
  "total_pot": 12,
  "current_round": "PREFLOP",
  "button_position": 5,
  "current_player_idx": 4,
  "small_blind": 2,
  "big_blind": 5,
  "ante": 0,
  "max_buy_in": null,
  "min_buy_in": null,
  "action_history": [
    {
      "action": "fold",
      "amount": null,
      "round": "preflop",
      "timestamp": "2025-04-22T11:56:01.945164",
      "name": "Hector"
    },
    {
      "action": "fold",
      "amount": null,
      "round": "preflop",
      "timestamp": "2025-04-22T11:56:15.857912",
      "name": "Alice"
    },
    {
      "action": "fold",
      "amount": null,
      "round": "preflop",
      "timestamp": "2025-04-22T11:56:29.922070",
      "name": "Bob"
    },
    {
      "action": "fold",
      "amount": null,
      "round": "preflop",
      "timestamp": "2025-04-22T11:56:45.484115",
      "name": "Charlie"
    }
  ],
  "to_call": 5
}

OPPONENT PROFILES:
No opponent data available yet.

GAME CONTEXT:
Game Type: cash
Stage: Unknown
Blinds: [2, 5]

Based on the current situation, what action will you take? Analyze the hand, consider pot odds, evaluate opponent tendencies, and make a decision that aligns with your playing style.

2025-04-22 11:56:45,988 DEBUG JSON schema:
{
  "type": "object",
  "required": [
    "thinking",
    "action",
    "amount",
    "reasoning"
  ],
  "properties": {
    "thinking": {
      "type": "string",
      "description": "Your internal thought process analyzing the situation"
    },
    "action": {
      "type": "string",
      "enum": [
        "fold",
        "check",
        "call",
        "bet",
        "raise",
        "all-in"
      ],
      "description": "The poker action to take"
    },
    "amount": {
      "type": [
        "number",
        "null"
      ],
      "description": "The amount to bet or raise relative to the current bet (incremental amount over the current bet), or null for fold/check/call actions"
    },
    "reasoning": {
      "type": "object",
      "required": [
        "hand_assessment",
        "positional_considerations",
        "opponent_reads",
        "archetype_alignment"
      ],
      "properties": {
        "hand_assessment": {
          "type": "string",
          "description": "Assessment of current hand strength and potential"
        },
        "positional_considerations": {
          "type": "string",
          "description": "How position influenced this decision"
        },
        "opponent_reads": {
          "type": "string",
          "description": "What you've observed about opponents' tendencies"
        },
        "archetype_alignment": {
          "type": "string",
          "description": "How this decision aligns with your player archetype"
        }
      }
    },
    "calculations": {
      "type": "object",
      "properties": {
        "pot_odds": {
          "type": "string",
          "description": "Calculated pot odds if relevant"
        },
        "estimated_equity": {
          "type": "string",
          "description": "Estimated equity against opponent ranges"
        }
      }
    }
  }
}
2025-04-22 11:56:45,988 DEBUG Successfully configured Gemini for JSON mode
2025-04-22 11:56:45,989 DEBUG Sending JSON reasoning prompt: 

GAME STATE:
Your Hand: 8D 8S
Community Cards: No...
2025-04-22 11:56:59,001 DEBUG JSON standard response type: <class 'google.generativeai.types.generation_types.GenerateContentResponse'>
2025-04-22 11:56:59,001 DEBUG Successfully accessed JSON response.text
2025-04-22 11:56:59,001 DEBUG JSON prompt processed successfully
2025-04-22 11:56:59,001 DEBUG Raw response type: <class 'google.generativeai.types.generation_types.GenerateContentResponse'>
2025-04-22 11:56:59,001 DEBUG Raw response structure: response:
GenerateContentResponse(
    done=True,
    iterator=None,
    result=protos.GenerateContentResponse({
      "candidates": [
        {
          "content": {
            "parts": [
              {
                "text": ""
              }
            ],
            "role": "model"
          },
          "finish_reason": "MAX_TOKENS",
          "index": 0
        }
      ],
      "usage_metadata": {
        "prompt_token_count": 2373,
        "total_token_count": 2373
      },
      "model_version": "gemini-2.5-pro-exp-03-25"
    }),
)
2025-04-22 11:56:59,001 DEBUG Response has direct 'text' property
2025-04-22 11:56:59,001 ERROR Could not extract valid JSON from response: ...
2025-04-22 11:56:59,001 ERROR Error generating JSON with Gemini API: Could not extract valid JSON from response: ...
2025-04-22 11:56:59,001 ERROR Error making agent decision: Could not extract valid JSON from response: ...
2025-04-22 11:56:59,002 ERROR Traceback (most recent call last):
  File "/home/therealpananon/cscpt/ai/providers/gemini_provider.py", line 860, in complete_json
    return json.loads(cleaned_text)
           ^^^^^^^^^^^^^^^^^^^^^^^^
  File "/usr/lib/python3.12/json/__init__.py", line 346, in loads
    return _default_decoder.decode(s)
           ^^^^^^^^^^^^^^^^^^^^^^^^^^
  File "/usr/lib/python3.12/json/decoder.py", line 337, in decode
    obj, end = self.raw_decode(s, idx=_w(s, 0).end())
               ^^^^^^^^^^^^^^^^^^^^^^^^^^^^^^^^^^^^^^
  File "/usr/lib/python3.12/json/decoder.py", line 355, in raw_decode
    raise JSONDecodeError("Expecting value", s, err.value) from None
json.decoder.JSONDecodeError: Expecting value: line 1 column 1 (char 0)

During handling of the above exception, another exception occurred:

Traceback (most recent call last):
  File "/home/therealpananon/cscpt/ai/agents/base_agent.py", line 474, in make_decision
    response = await self.llm_service.complete_json(
               ^^^^^^^^^^^^^^^^^^^^^^^^^^^^^^^^^^^^^
  File "/home/therealpananon/cscpt/ai/llm_service.py", line 161, in complete_json
    resp = await prov.complete_json(
           ^^^^^^^^^^^^^^^^^^^^^^^^^
  File "/home/therealpananon/cscpt/ai/providers/gemini_provider.py", line 863, in complete_json
    raise ValueError(f"Could not extract valid JSON from response: {response_text[:50]}...")
ValueError: Could not extract valid JSON from response: ...

2025-04-22 11:56:59,002 INFO Applying game rules for action: fold, amount: None
2025-04-22 11:56:59,002 INFO Player stack: 1000, Current bet: 5, Min raise: 10
2025-04-22 11:56:59,508 INFO Loaded Anthropic configuration from environment variables
2025-04-22 11:56:59,508 INFO Loaded OpenAI configuration from environment variables
2025-04-22 11:56:59,508 INFO Loaded Gemini configuration from environment variables
2025-04-22 11:56:59,508 INFO LLMService initialized with default provider: gemini
2025-04-22 11:56:59,508 DEBUG complete_json() -> provider=gemini, temp=0.6, extended=True
2025-04-22 11:56:59,508 DEBUG Model: gemini-2.5-pro-exp-03-25
2025-04-22 11:56:59,508 DEBUG System prompt:
You are a Loose-Passive (Fish) poker player. You embody the following characteristics:

Core Identity:
- Recreational and entertainment-focused
- Enjoys seeing many flops and playing hands
- Avoids aggression and confrontation
- Often makes fundamental strategic errors

Playing Style:
- Play many hands pre-flop (40-60% of starting hands)
- Likes to see flops cheaply with any suited cards, connected cards, or face cards
- Rarely raises pre-flop, preferring to limp or call
- Continues with hands that have minimal equity
- Calls too frequently with drawing hands regardless of pot odds
- Doesn't extract value with strong hands
- Predictable post-flop patterns based primarily on absolute hand strength
- Makes fundamental errors in bet sizing and hand reading

You have basic intelligence and limited opponent modeling capabilities. You focus primarily on your own cards and how they connect with the board. You frequently make mathematical errors when calculating odds.

Your decisions should reflect the Loose-Passive approach. Provide reasoning that demonstrates why your action aligns with Loose-Passive principles. Be drawn to playing hands that seem "fun" or have a chance to make something interesting.

2025-04-22 11:56:59,508 DEBUG User prompt:


GAME STATE:
Your Hand: 3C KD
Community Cards: None
Position: 5
Pot Size: 12
Action History: [PREFLOP] → Hector fold → Alice fold → Bob fold → Charlie fold → Dan fold
Stack Sizes: You: 995, Alice: 1000, Bob: 1000, Charlie: 1000, Dan: 1000, Ernesto: 1000, Francis: 998, Gemma: 995, Hector: 1000


FULL GAME STATE JSON:
{
  "game_id": "b669890c-f93c-4703-b2f2-d3e819ea5075",
  "players": [
    {
      "player_id": "11b4277b-7d67-48c1-b45b-4557fde7bc5b",
      "name": "You",
      "chips": 995,
      "position": 0,
      "status": "ACTIVE",
      "current_bet": 5,
      "total_bet": 5,
      "cards": null
    },
    {
      "player_id": "02b86902-b81c-49d6-9982-3feab404a6e2",
      "name": "Alice",
      "chips": 1000,
      "position": 1,
      "status": "FOLDED",
      "current_bet": 0,
      "total_bet": 0,
      "cards": null
    },
    {
      "player_id": "d2bb21b2-54c5-49aa-a10b-fda709d67d4f",
      "name": "Bob",
      "chips": 1000,
      "position": 2,
      "status": "FOLDED",
      "current_bet": 0,
      "total_bet": 0,
      "cards": null
    },
    {
      "player_id": "727aa751-b0ec-4e84-9907-6035fe423a98",
      "name": "Charlie",
      "chips": 1000,
      "position": 3,
      "status": "FOLDED",
      "current_bet": 0,
      "total_bet": 0,
      "cards": null
    },
    {
      "player_id": "c7384a8d-f79e-4719-82c4-5ccbd7b8bf21",
      "name": "Dan",
      "chips": 1000,
      "position": 4,
      "status": "FOLDED",
      "current_bet": 0,
      "total_bet": 0,
      "cards": null
    },
    {
      "player_id": "b183fb7a-f3b8-4255-a373-345f3b61b96f",
      "name": "Ernesto",
      "chips": 1000,
      "position": 5,
      "status": "ACTIVE",
      "current_bet": 0,
      "total_bet": 0,
      "cards": [
        {
          "rank": "3",
          "suit": "C"
        },
        {
          "rank": "K",
          "suit": "D"
        }
      ]
    },
    {
      "player_id": "af269753-8326-437c-8cb3-87d5f0ef4b47",
      "name": "Francis",
      "chips": 998,
      "position": 6,
      "status": "ACTIVE",
      "current_bet": 2,
      "total_bet": 2,
      "cards": null
    },
    {
      "player_id": "500a544d-7e72-4a1e-af1d-2451373b5f2a",
      "name": "Gemma",
      "chips": 995,
      "position": 7,
      "status": "ACTIVE",
      "current_bet": 5,
      "total_bet": 5,
      "cards": null
    },
    {
      "player_id": "a77fa230-f787-4846-a3a1-beb464004fa4",
      "name": "Hector",
      "chips": 1000,
      "position": 8,
      "status": "FOLDED",
      "current_bet": 0,
      "total_bet": 0,
      "cards": null
    }
  ],
  "community_cards": [],
  "pots": [
    {
      "name": "Main Pot",
      "amount": 12,
      "eligible_player_names": [
        "You",
        "Gemma",
        "Francis"
      ]
    }
  ],
  "total_pot": 12,
  "current_round": "PREFLOP",
  "button_position": 5,
  "current_player_idx": 5,
  "small_blind": 2,
  "big_blind": 5,
  "ante": 0,
  "max_buy_in": null,
  "min_buy_in": null,
  "action_history": [
    {
      "action": "fold",
      "amount": null,
      "round": "preflop",
      "timestamp": "2025-04-22T11:56:01.945164",
      "name": "Hector"
    },
    {
      "action": "fold",
      "amount": null,
      "round": "preflop",
      "timestamp": "2025-04-22T11:56:15.857912",
      "name": "Alice"
    },
    {
      "action": "fold",
      "amount": null,
      "round": "preflop",
      "timestamp": "2025-04-22T11:56:29.922070",
      "name": "Bob"
    },
    {
      "action": "fold",
      "amount": null,
      "round": "preflop",
      "timestamp": "2025-04-22T11:56:45.484115",
      "name": "Charlie"
    },
    {
      "action": "fold",
      "amount": null,
      "round": "preflop",
      "timestamp": "2025-04-22T11:56:59.004133",
      "name": "Dan"
    }
  ],
  "to_call": 5
}

OPPONENT PROFILES:
No opponent data available yet.

GAME CONTEXT:
Game Type: cash
Stage: Unknown
Blinds: [2, 5]

Based on the current situation, what action will you take? Analyze the hand, consider pot odds, evaluate opponent tendencies, and make a decision that aligns with your playing style.

2025-04-22 11:56:59,508 DEBUG JSON schema:
{
  "type": "object",
  "required": [
    "thinking",
    "action",
    "amount",
    "reasoning"
  ],
  "properties": {
    "thinking": {
      "type": "string",
      "description": "Your internal thought process analyzing the situation"
    },
    "action": {
      "type": "string",
      "enum": [
        "fold",
        "check",
        "call",
        "bet",
        "raise",
        "all-in"
      ],
      "description": "The poker action to take"
    },
    "amount": {
      "type": [
        "number",
        "null"
      ],
      "description": "The amount to bet or raise relative to the current bet (incremental amount over the current bet), or null for fold/check/call actions"
    },
    "reasoning": {
      "type": "object",
      "required": [
        "hand_assessment",
        "positional_considerations",
        "opponent_reads",
        "archetype_alignment"
      ],
      "properties": {
        "hand_assessment": {
          "type": "string",
          "description": "Assessment of current hand strength and potential"
        },
        "positional_considerations": {
          "type": "string",
          "description": "How position influenced this decision"
        },
        "opponent_reads": {
          "type": "string",
          "description": "What you've observed about opponents' tendencies"
        },
        "archetype_alignment": {
          "type": "string",
          "description": "How this decision aligns with your player archetype"
        }
      }
    },
    "calculations": {
      "type": "object",
      "properties": {
        "pot_odds": {
          "type": "string",
          "description": "Calculated pot odds if relevant"
        },
        "estimated_equity": {
          "type": "string",
          "description": "Estimated equity against opponent ranges"
        }
      }
    }
  }
}
2025-04-22 11:56:59,509 DEBUG Successfully configured Gemini for JSON mode
2025-04-22 11:56:59,509 DEBUG Sending JSON reasoning prompt: 

GAME STATE:
Your Hand: 3C KD
Community Cards: No...
2025-04-22 11:57:12,191 DEBUG JSON standard response type: <class 'google.generativeai.types.generation_types.GenerateContentResponse'>
2025-04-22 11:57:12,191 DEBUG Successfully accessed JSON response.text
2025-04-22 11:57:12,191 DEBUG JSON prompt processed successfully
2025-04-22 11:57:12,191 DEBUG Raw response type: <class 'google.generativeai.types.generation_types.GenerateContentResponse'>
2025-04-22 11:57:12,191 DEBUG Raw response structure: response:
GenerateContentResponse(
    done=True,
    iterator=None,
    result=protos.GenerateContentResponse({
      "candidates": [
        {
          "content": {
            "parts": [
              {
                "text": ""
              }
            ],
            "role": "model"
          },
          "finish_reason": "MAX_TOKENS",
          "index": 0
        }
      ],
      "usage_metadata": {
        "prompt_token_count": 2468,
        "total_token_count": 2468
      },
      "model_version": "gemini-2.5-pro-exp-03-25"
    }),
)
2025-04-22 11:57:12,191 DEBUG Response has direct 'text' property
2025-04-22 11:57:12,191 ERROR Could not extract valid JSON from response: ...
2025-04-22 11:57:12,191 ERROR Error generating JSON with Gemini API: Could not extract valid JSON from response: ...
2025-04-22 11:57:12,191 ERROR Error making agent decision: Could not extract valid JSON from response: ...
2025-04-22 11:57:12,192 ERROR Traceback (most recent call last):
  File "/home/therealpananon/cscpt/ai/providers/gemini_provider.py", line 860, in complete_json
    return json.loads(cleaned_text)
           ^^^^^^^^^^^^^^^^^^^^^^^^
  File "/usr/lib/python3.12/json/__init__.py", line 346, in loads
    return _default_decoder.decode(s)
           ^^^^^^^^^^^^^^^^^^^^^^^^^^
  File "/usr/lib/python3.12/json/decoder.py", line 337, in decode
    obj, end = self.raw_decode(s, idx=_w(s, 0).end())
               ^^^^^^^^^^^^^^^^^^^^^^^^^^^^^^^^^^^^^^
  File "/usr/lib/python3.12/json/decoder.py", line 355, in raw_decode
    raise JSONDecodeError("Expecting value", s, err.value) from None
json.decoder.JSONDecodeError: Expecting value: line 1 column 1 (char 0)

During handling of the above exception, another exception occurred:

Traceback (most recent call last):
  File "/home/therealpananon/cscpt/ai/agents/base_agent.py", line 474, in make_decision
    response = await self.llm_service.complete_json(
               ^^^^^^^^^^^^^^^^^^^^^^^^^^^^^^^^^^^^^
  File "/home/therealpananon/cscpt/ai/llm_service.py", line 161, in complete_json
    resp = await prov.complete_json(
           ^^^^^^^^^^^^^^^^^^^^^^^^^
  File "/home/therealpananon/cscpt/ai/providers/gemini_provider.py", line 863, in complete_json
    raise ValueError(f"Could not extract valid JSON from response: {response_text[:50]}...")
ValueError: Could not extract valid JSON from response: ...

2025-04-22 11:57:12,192 INFO Applying game rules for action: fold, amount: None
2025-04-22 11:57:12,192 INFO Player stack: 1000, Current bet: 5, Min raise: 10
2025-04-22 11:57:12,698 INFO Loaded Anthropic configuration from environment variables
2025-04-22 11:57:12,699 INFO Loaded OpenAI configuration from environment variables
2025-04-22 11:57:12,699 INFO Loaded Gemini configuration from environment variables
2025-04-22 11:57:12,699 INFO LLMService initialized with default provider: gemini
2025-04-22 11:57:12,699 DEBUG complete_json() -> provider=gemini, temp=0.9, extended=True
2025-04-22 11:57:12,699 DEBUG Model: gemini-2.5-pro-exp-03-25
2025-04-22 11:57:12,699 DEBUG System prompt:
You are a Maniac poker player. You embody the following characteristics:

Core Identity:
- Ultra-aggressive and action-oriented
- Thrill-seeking and volatility-embracing
- Minimal regard for conventional hand selection
- Believes aggression is always the best approach

Playing Style:
- Play an extremely wide range of hands (50-70%)
- Raise and re-raise constantly with little regard for hand strength
- Apply maximum pressure in most situations
- Use overbets and unusual sizing to confuse opponents
- Bluff with high frequency in all situations
- Rarely slow play even monster hands
- Create chaotic, high-variance situations
- Constantly attack perceived weakness

You have intermediate intelligence and can occasionally pick up on opponent tendencies, but you primarily focus on implementing your aggressive strategy regardless of context.

Your decisions should reflect the Maniac approach. Provide reasoning that demonstrates why your action aligns with Maniac principles. Be overly confident in your bluffs and consistently favor the most aggressive option available.

2025-04-22 11:57:12,699 DEBUG User prompt:


GAME STATE:
Your Hand: 4C AH
Community Cards: None
Position: 6
Pot Size: 12
Action History: [PREFLOP] → Hector fold → Alice fold → Bob fold → Charlie fold → Dan fold → Ernesto fold
Stack Sizes: You: 995, Alice: 1000, Bob: 1000, Charlie: 1000, Dan: 1000, Ernesto: 1000, Francis: 998, Gemma: 995, Hector: 1000


FULL GAME STATE JSON:
{
  "game_id": "b669890c-f93c-4703-b2f2-d3e819ea5075",
  "players": [
    {
      "player_id": "11b4277b-7d67-48c1-b45b-4557fde7bc5b",
      "name": "You",
      "chips": 995,
      "position": 0,
      "status": "ACTIVE",
      "current_bet": 5,
      "total_bet": 5,
      "cards": null
    },
    {
      "player_id": "02b86902-b81c-49d6-9982-3feab404a6e2",
      "name": "Alice",
      "chips": 1000,
      "position": 1,
      "status": "FOLDED",
      "current_bet": 0,
      "total_bet": 0,
      "cards": null
    },
    {
      "player_id": "d2bb21b2-54c5-49aa-a10b-fda709d67d4f",
      "name": "Bob",
      "chips": 1000,
      "position": 2,
      "status": "FOLDED",
      "current_bet": 0,
      "total_bet": 0,
      "cards": null
    },
    {
      "player_id": "727aa751-b0ec-4e84-9907-6035fe423a98",
      "name": "Charlie",
      "chips": 1000,
      "position": 3,
      "status": "FOLDED",
      "current_bet": 0,
      "total_bet": 0,
      "cards": null
    },
    {
      "player_id": "c7384a8d-f79e-4719-82c4-5ccbd7b8bf21",
      "name": "Dan",
      "chips": 1000,
      "position": 4,
      "status": "FOLDED",
      "current_bet": 0,
      "total_bet": 0,
      "cards": null
    },
    {
      "player_id": "b183fb7a-f3b8-4255-a373-345f3b61b96f",
      "name": "Ernesto",
      "chips": 1000,
      "position": 5,
      "status": "FOLDED",
      "current_bet": 0,
      "total_bet": 0,
      "cards": null
    },
    {
      "player_id": "af269753-8326-437c-8cb3-87d5f0ef4b47",
      "name": "Francis",
      "chips": 998,
      "position": 6,
      "status": "ACTIVE",
      "current_bet": 2,
      "total_bet": 2,
      "cards": [
        {
          "rank": "4",
          "suit": "C"
        },
        {
          "rank": "A",
          "suit": "H"
        }
      ]
    },
    {
      "player_id": "500a544d-7e72-4a1e-af1d-2451373b5f2a",
      "name": "Gemma",
      "chips": 995,
      "position": 7,
      "status": "ACTIVE",
      "current_bet": 5,
      "total_bet": 5,
      "cards": null
    },
    {
      "player_id": "a77fa230-f787-4846-a3a1-beb464004fa4",
      "name": "Hector",
      "chips": 1000,
      "position": 8,
      "status": "FOLDED",
      "current_bet": 0,
      "total_bet": 0,
      "cards": null
    }
  ],
  "community_cards": [],
  "pots": [
    {
      "name": "Main Pot",
      "amount": 12,
      "eligible_player_names": [
        "You",
        "Gemma",
        "Francis"
      ]
    }
  ],
  "total_pot": 12,
  "current_round": "PREFLOP",
  "button_position": 5,
  "current_player_idx": 6,
  "small_blind": 2,
  "big_blind": 5,
  "ante": 0,
  "max_buy_in": null,
  "min_buy_in": null,
  "action_history": [
    {
      "action": "fold",
      "amount": null,
      "round": "preflop",
      "timestamp": "2025-04-22T11:56:01.945164",
      "name": "Hector"
    },
    {
      "action": "fold",
      "amount": null,
      "round": "preflop",
      "timestamp": "2025-04-22T11:56:15.857912",
      "name": "Alice"
    },
    {
      "action": "fold",
      "amount": null,
      "round": "preflop",
      "timestamp": "2025-04-22T11:56:29.922070",
      "name": "Bob"
    },
    {
      "action": "fold",
      "amount": null,
      "round": "preflop",
      "timestamp": "2025-04-22T11:56:45.484115",
      "name": "Charlie"
    },
    {
      "action": "fold",
      "amount": null,
      "round": "preflop",
      "timestamp": "2025-04-22T11:56:59.004133",
      "name": "Dan"
    },
    {
      "action": "fold",
      "amount": null,
      "round": "preflop",
      "timestamp": "2025-04-22T11:57:12.194044",
      "name": "Ernesto"
    }
  ],
  "to_call": 5
}

OPPONENT PROFILES:
Hector: [VPIP:Unknown][PFR:Unknown][3Bet:Unknown]
Alice: [VPIP:Unknown][PFR:Unknown][3Bet:Unknown]
Bob: [VPIP:Unknown][PFR:Unknown][3Bet:Unknown]
Charlie: [VPIP:Unknown][PFR:Unknown][3Bet:Unknown]
Dan: [VPIP:Unknown][PFR:Unknown][3Bet:Unknown]
Ernesto: [VPIP:Unknown][PFR:Unknown][3Bet:Unknown]

GAME CONTEXT:
Game Type: cash
Stage: Unknown
Blinds: [2, 5]

Based on the current situation, what action will you take? Analyze the hand, consider pot odds, evaluate opponent tendencies, and make a decision that aligns with your playing style.

2025-04-22 11:57:12,699 DEBUG JSON schema:
{
  "type": "object",
  "required": [
    "thinking",
    "action",
    "amount",
    "reasoning"
  ],
  "properties": {
    "thinking": {
      "type": "string",
      "description": "Your internal thought process analyzing the situation"
    },
    "action": {
      "type": "string",
      "enum": [
        "fold",
        "check",
        "call",
        "bet",
        "raise",
        "all-in"
      ],
      "description": "The poker action to take"
    },
    "amount": {
      "type": [
        "number",
        "null"
      ],
      "description": "The amount to bet or raise relative to the current bet (incremental amount over the current bet), or null for fold/check/call actions"
    },
    "reasoning": {
      "type": "object",
      "required": [
        "hand_assessment",
        "positional_considerations",
        "opponent_reads",
        "archetype_alignment"
      ],
      "properties": {
        "hand_assessment": {
          "type": "string",
          "description": "Assessment of current hand strength and potential"
        },
        "positional_considerations": {
          "type": "string",
          "description": "How position influenced this decision"
        },
        "opponent_reads": {
          "type": "string",
          "description": "What you've observed about opponents' tendencies"
        },
        "archetype_alignment": {
          "type": "string",
          "description": "How this decision aligns with your player archetype"
        }
      }
    },
    "calculations": {
      "type": "object",
      "properties": {
        "pot_odds": {
          "type": "string",
          "description": "Calculated pot odds if relevant"
        },
        "estimated_equity": {
          "type": "string",
          "description": "Estimated equity against opponent ranges"
        }
      }
    }
  }
}
2025-04-22 11:57:12,699 DEBUG Successfully configured Gemini for JSON mode
2025-04-22 11:57:12,699 DEBUG Sending JSON reasoning prompt: 

GAME STATE:
Your Hand: 4C AH
Community Cards: No...
2025-04-22 11:57:13,195 ERROR Error handling JSON with Gemini API: 429 You exceeded your current quota. Please migrate to Gemini 2.5 Pro Preview (models/gemini-2.5-pro-preview-03-25) for higher quota limits. For more information on this error, head to: https://ai.google.dev/gemini-api/docs/rate-limits. [violations {
  quota_metric: "generativelanguage.googleapis.com/generate_requests_per_model_per_day"
  quota_id: "GenerateRequestsPerDayPerProjectPerModel"
}
, links {
  description: "Learn more about Gemini API quotas"
  url: "https://ai.google.dev/gemini-api/docs/rate-limits"
}
]
2025-04-22 11:57:13,200 ERROR Traceback: Traceback (most recent call last):
  File "/home/therealpananon/cscpt/ai/providers/gemini_provider.py", line 674, in complete_json
    response = chat.send_message(reasoning_prompt)
               ^^^^^^^^^^^^^^^^^^^^^^^^^^^^^^^^^^^
  File "/home/therealpananon/cscpt/backend/venv/lib/python3.12/site-packages/google/generativeai/generative_models.py", line 578, in send_message
    response = self.model.generate_content(
               ^^^^^^^^^^^^^^^^^^^^^^^^^^^^
  File "/home/therealpananon/cscpt/backend/venv/lib/python3.12/site-packages/google/generativeai/generative_models.py", line 331, in generate_content
    response = self._client.generate_content(
               ^^^^^^^^^^^^^^^^^^^^^^^^^^^^^^
  File "/home/therealpananon/cscpt/backend/venv/lib/python3.12/site-packages/google/ai/generativelanguage_v1beta/services/generative_service/client.py", line 835, in generate_content
    response = rpc(
               ^^^^
  File "/home/therealpananon/cscpt/backend/venv/lib/python3.12/site-packages/google/api_core/gapic_v1/method.py", line 131, in __call__
    return wrapped_func(*args, **kwargs)
           ^^^^^^^^^^^^^^^^^^^^^^^^^^^^^
  File "/home/therealpananon/cscpt/backend/venv/lib/python3.12/site-packages/google/api_core/retry/retry_unary.py", line 293, in retry_wrapped_func
    return retry_target(
           ^^^^^^^^^^^^^
  File "/home/therealpananon/cscpt/backend/venv/lib/python3.12/site-packages/google/api_core/retry/retry_unary.py", line 153, in retry_target
    _retry_error_helper(
  File "/home/therealpananon/cscpt/backend/venv/lib/python3.12/site-packages/google/api_core/retry/retry_base.py", line 212, in _retry_error_helper
    raise final_exc from source_exc
  File "/home/therealpananon/cscpt/backend/venv/lib/python3.12/site-packages/google/api_core/retry/retry_unary.py", line 144, in retry_target
    result = target()
             ^^^^^^^^
  File "/home/therealpananon/cscpt/backend/venv/lib/python3.12/site-packages/google/api_core/timeout.py", line 130, in func_with_timeout
    return func(*args, **kwargs)
           ^^^^^^^^^^^^^^^^^^^^^
  File "/home/therealpananon/cscpt/backend/venv/lib/python3.12/site-packages/google/api_core/grpc_helpers.py", line 78, in error_remapped_callable
    raise exceptions.from_grpc_error(exc) from exc
google.api_core.exceptions.ResourceExhausted: 429 You exceeded your current quota. Please migrate to Gemini 2.5 Pro Preview (models/gemini-2.5-pro-preview-03-25) for higher quota limits. For more information on this error, head to: https://ai.google.dev/gemini-api/docs/rate-limits. [violations {
  quota_metric: "generativelanguage.googleapis.com/generate_requests_per_model_per_day"
  quota_id: "GenerateRequestsPerDayPerProjectPerModel"
}
, links {
  description: "Learn more about Gemini API quotas"
  url: "https://ai.google.dev/gemini-api/docs/rate-limits"
}
]

2025-04-22 11:57:13,200 WARNING Error extracting text from Gemini response: cannot access local variable 'response' where it is not associated with a value
2025-04-22 11:57:13,200 WARNING Traceback: Traceback (most recent call last):
  File "/home/therealpananon/cscpt/ai/providers/gemini_provider.py", line 733, in complete_json
    logger.debug(f"Raw response type: {type(response)}")
                                            ^^^^^^^^
UnboundLocalError: cannot access local variable 'response' where it is not associated with a value

2025-04-22 11:57:13,200 ERROR Error generating JSON with Gemini API: cannot access local variable 'response' where it is not associated with a value
2025-04-22 11:57:13,200 ERROR Error making agent decision: cannot access local variable 'response' where it is not associated with a value
2025-04-22 11:57:13,200 ERROR Traceback (most recent call last):
  File "/home/therealpananon/cscpt/ai/providers/gemini_provider.py", line 733, in complete_json
    logger.debug(f"Raw response type: {type(response)}")
                                            ^^^^^^^^
UnboundLocalError: cannot access local variable 'response' where it is not associated with a value

During handling of the above exception, another exception occurred:

Traceback (most recent call last):
  File "/home/therealpananon/cscpt/ai/agents/base_agent.py", line 474, in make_decision
    response = await self.llm_service.complete_json(
               ^^^^^^^^^^^^^^^^^^^^^^^^^^^^^^^^^^^^^
  File "/home/therealpananon/cscpt/ai/llm_service.py", line 161, in complete_json
    resp = await prov.complete_json(
           ^^^^^^^^^^^^^^^^^^^^^^^^^
  File "/home/therealpananon/cscpt/ai/providers/gemini_provider.py", line 823, in complete_json
    response_text = str(response)
                        ^^^^^^^^
UnboundLocalError: cannot access local variable 'response' where it is not associated with a value

2025-04-22 11:57:13,200 INFO Applying game rules for action: fold, amount: None
2025-04-22 11:57:13,200 INFO Player stack: 998, Current bet: 5, Min raise: 10
2025-04-22 11:57:13,706 INFO Loaded Anthropic configuration from environment variables
2025-04-22 11:57:13,706 INFO Loaded OpenAI configuration from environment variables
2025-04-22 11:57:13,706 INFO Loaded Gemini configuration from environment variables
2025-04-22 11:57:13,706 INFO LLMService initialized with default provider: gemini
2025-04-22 11:57:13,707 DEBUG complete_json() -> provider=gemini, temp=0.7, extended=True
2025-04-22 11:57:13,707 DEBUG Model: gemini-2.5-pro-exp-03-25
2025-04-22 11:57:13,707 DEBUG System prompt:
You are a Beginner poker player. You embody the following characteristics:

Core Identity:
- Inexperienced and learning
- Makes fundamental strategic mistakes
- Plays based on basic "card strength" rather than context
- Inconsistent decision making without coherent strategy

Playing Style:
- Play too many hands based on superficial appeal (25-40%)
- Overvalue suited cards, face cards, and "pretty" starting hands
- Make incorrect assessments of hand strength relative to the board
- Call too often with weak pairs and dominated hands
- Bet with little consideration for board texture or opponent ranges
- Choose incorrect bet sizes (either too small or too large)
- Don't consider position adequately in decisions
- Switch between passive and aggressive play without strategic reason
- Make mathematical errors in calculating odds and probabilities

You have basic intelligence and almost no opponent modeling capabilities. You focus entirely on your own cards and make common beginner mistakes about their value.

Your decisions should reflect the Beginner approach. Provide reasoning that demonstrates why your action aligns with Beginner principles. Make decisions based primarily on the absolute strength of your hand without sophisticated consideration of context.

2025-04-22 11:57:13,707 DEBUG User prompt:


GAME STATE:
Your Hand: 9D 7H
Community Cards: None
Position: 7
Pot Size: 12
Action History: [PREFLOP] → Hector fold → Alice fold → Bob fold → Charlie fold → Dan fold → Ernesto fold → Francis fold
Stack Sizes: You: 995, Alice: 1000, Bob: 1000, Charlie: 1000, Dan: 1000, Ernesto: 1000, Francis: 998, Gemma: 995, Hector: 1000


FULL GAME STATE JSON:
{
  "game_id": "b669890c-f93c-4703-b2f2-d3e819ea5075",
  "players": [
    {
      "player_id": "11b4277b-7d67-48c1-b45b-4557fde7bc5b",
      "name": "You",
      "chips": 995,
      "position": 0,
      "status": "ACTIVE",
      "current_bet": 5,
      "total_bet": 5,
      "cards": null
    },
    {
      "player_id": "02b86902-b81c-49d6-9982-3feab404a6e2",
      "name": "Alice",
      "chips": 1000,
      "position": 1,
      "status": "FOLDED",
      "current_bet": 0,
      "total_bet": 0,
      "cards": null
    },
    {
      "player_id": "d2bb21b2-54c5-49aa-a10b-fda709d67d4f",
      "name": "Bob",
      "chips": 1000,
      "position": 2,
      "status": "FOLDED",
      "current_bet": 0,
      "total_bet": 0,
      "cards": null
    },
    {
      "player_id": "727aa751-b0ec-4e84-9907-6035fe423a98",
      "name": "Charlie",
      "chips": 1000,
      "position": 3,
      "status": "FOLDED",
      "current_bet": 0,
      "total_bet": 0,
      "cards": null
    },
    {
      "player_id": "c7384a8d-f79e-4719-82c4-5ccbd7b8bf21",
      "name": "Dan",
      "chips": 1000,
      "position": 4,
      "status": "FOLDED",
      "current_bet": 0,
      "total_bet": 0,
      "cards": null
    },
    {
      "player_id": "b183fb7a-f3b8-4255-a373-345f3b61b96f",
      "name": "Ernesto",
      "chips": 1000,
      "position": 5,
      "status": "FOLDED",
      "current_bet": 0,
      "total_bet": 0,
      "cards": null
    },
    {
      "player_id": "af269753-8326-437c-8cb3-87d5f0ef4b47",
      "name": "Francis",
      "chips": 998,
      "position": 6,
      "status": "FOLDED",
      "current_bet": 2,
      "total_bet": 2,
      "cards": null
    },
    {
      "player_id": "500a544d-7e72-4a1e-af1d-2451373b5f2a",
      "name": "Gemma",
      "chips": 995,
      "position": 7,
      "status": "ACTIVE",
      "current_bet": 5,
      "total_bet": 5,
      "cards": [
        {
          "rank": "9",
          "suit": "D"
        },
        {
          "rank": "7",
          "suit": "H"
        }
      ]
    },
    {
      "player_id": "a77fa230-f787-4846-a3a1-beb464004fa4",
      "name": "Hector",
      "chips": 1000,
      "position": 8,
      "status": "FOLDED",
      "current_bet": 0,
      "total_bet": 0,
      "cards": null
    }
  ],
  "community_cards": [],
  "pots": [
    {
      "name": "Main Pot",
      "amount": 12,
      "eligible_player_names": [
        "You",
        "Gemma",
        "Francis"
      ]
    }
  ],
  "total_pot": 12,
  "current_round": "PREFLOP",
  "button_position": 5,
  "current_player_idx": 7,
  "small_blind": 2,
  "big_blind": 5,
  "ante": 0,
  "max_buy_in": null,
  "min_buy_in": null,
  "action_history": [
    {
      "action": "fold",
      "amount": null,
      "round": "preflop",
      "timestamp": "2025-04-22T11:56:01.945164",
      "name": "Hector"
    },
    {
      "action": "fold",
      "amount": null,
      "round": "preflop",
      "timestamp": "2025-04-22T11:56:15.857912",
      "name": "Alice"
    },
    {
      "action": "fold",
      "amount": null,
      "round": "preflop",
      "timestamp": "2025-04-22T11:56:29.922070",
      "name": "Bob"
    },
    {
      "action": "fold",
      "amount": null,
      "round": "preflop",
      "timestamp": "2025-04-22T11:56:45.484115",
      "name": "Charlie"
    },
    {
      "action": "fold",
      "amount": null,
      "round": "preflop",
      "timestamp": "2025-04-22T11:56:59.004133",
      "name": "Dan"
    },
    {
      "action": "fold",
      "amount": null,
      "round": "preflop",
      "timestamp": "2025-04-22T11:57:12.194044",
      "name": "Ernesto"
    },
    {
      "action": "fold",
      "amount": null,
      "round": "preflop",
      "timestamp": "2025-04-22T11:57:13.202369",
      "name": "Francis"
    }
  ],
  "to_call": 5
}

OPPONENT PROFILES:
No opponent data available yet.

GAME CONTEXT:
Game Type: cash
Stage: Unknown
Blinds: [2, 5]

Based on the current situation, what action will you take? Analyze the hand, consider pot odds, evaluate opponent tendencies, and make a decision that aligns with your playing style.

2025-04-22 11:57:13,707 DEBUG JSON schema:
{
  "type": "object",
  "required": [
    "thinking",
    "action",
    "amount",
    "reasoning"
  ],
  "properties": {
    "thinking": {
      "type": "string",
      "description": "Your internal thought process analyzing the situation"
    },
    "action": {
      "type": "string",
      "enum": [
        "fold",
        "check",
        "call",
        "bet",
        "raise",
        "all-in"
      ],
      "description": "The poker action to take"
    },
    "amount": {
      "type": [
        "number",
        "null"
      ],
      "description": "The amount to bet or raise relative to the current bet (incremental amount over the current bet), or null for fold/check/call actions"
    },
    "reasoning": {
      "type": "object",
      "required": [
        "hand_assessment",
        "positional_considerations",
        "opponent_reads",
        "archetype_alignment"
      ],
      "properties": {
        "hand_assessment": {
          "type": "string",
          "description": "Assessment of current hand strength and potential"
        },
        "positional_considerations": {
          "type": "string",
          "description": "How position influenced this decision"
        },
        "opponent_reads": {
          "type": "string",
          "description": "What you've observed about opponents' tendencies"
        },
        "archetype_alignment": {
          "type": "string",
          "description": "How this decision aligns with your player archetype"
        }
      }
    },
    "calculations": {
      "type": "object",
      "properties": {
        "pot_odds": {
          "type": "string",
          "description": "Calculated pot odds if relevant"
        },
        "estimated_equity": {
          "type": "string",
          "description": "Estimated equity against opponent ranges"
        }
      }
    }
  }
}
2025-04-22 11:57:13,707 DEBUG Successfully configured Gemini for JSON mode
2025-04-22 11:57:13,707 DEBUG Sending JSON reasoning prompt: 

GAME STATE:
Your Hand: 9D 7H
Community Cards: No...
2025-04-22 11:57:15,131 ERROR Error handling JSON with Gemini API: 429 You exceeded your current quota. Please migrate to Gemini 2.5 Pro Preview (models/gemini-2.5-pro-preview-03-25) for higher quota limits. For more information on this error, head to: https://ai.google.dev/gemini-api/docs/rate-limits. [violations {
  quota_metric: "generativelanguage.googleapis.com/generate_requests_per_model_per_day"
  quota_id: "GenerateRequestsPerDayPerProjectPerModel"
}
, links {
  description: "Learn more about Gemini API quotas"
  url: "https://ai.google.dev/gemini-api/docs/rate-limits"
}
]
2025-04-22 11:57:15,131 ERROR Traceback: Traceback (most recent call last):
  File "/home/therealpananon/cscpt/ai/providers/gemini_provider.py", line 674, in complete_json
    response = chat.send_message(reasoning_prompt)
               ^^^^^^^^^^^^^^^^^^^^^^^^^^^^^^^^^^^
  File "/home/therealpananon/cscpt/backend/venv/lib/python3.12/site-packages/google/generativeai/generative_models.py", line 578, in send_message
    response = self.model.generate_content(
               ^^^^^^^^^^^^^^^^^^^^^^^^^^^^
  File "/home/therealpananon/cscpt/backend/venv/lib/python3.12/site-packages/google/generativeai/generative_models.py", line 331, in generate_content
    response = self._client.generate_content(
               ^^^^^^^^^^^^^^^^^^^^^^^^^^^^^^
  File "/home/therealpananon/cscpt/backend/venv/lib/python3.12/site-packages/google/ai/generativelanguage_v1beta/services/generative_service/client.py", line 835, in generate_content
    response = rpc(
               ^^^^
  File "/home/therealpananon/cscpt/backend/venv/lib/python3.12/site-packages/google/api_core/gapic_v1/method.py", line 131, in __call__
    return wrapped_func(*args, **kwargs)
           ^^^^^^^^^^^^^^^^^^^^^^^^^^^^^
  File "/home/therealpananon/cscpt/backend/venv/lib/python3.12/site-packages/google/api_core/retry/retry_unary.py", line 293, in retry_wrapped_func
    return retry_target(
           ^^^^^^^^^^^^^
  File "/home/therealpananon/cscpt/backend/venv/lib/python3.12/site-packages/google/api_core/retry/retry_unary.py", line 153, in retry_target
    _retry_error_helper(
  File "/home/therealpananon/cscpt/backend/venv/lib/python3.12/site-packages/google/api_core/retry/retry_base.py", line 212, in _retry_error_helper
    raise final_exc from source_exc
  File "/home/therealpananon/cscpt/backend/venv/lib/python3.12/site-packages/google/api_core/retry/retry_unary.py", line 144, in retry_target
    result = target()
             ^^^^^^^^
  File "/home/therealpananon/cscpt/backend/venv/lib/python3.12/site-packages/google/api_core/timeout.py", line 130, in func_with_timeout
    return func(*args, **kwargs)
           ^^^^^^^^^^^^^^^^^^^^^
  File "/home/therealpananon/cscpt/backend/venv/lib/python3.12/site-packages/google/api_core/grpc_helpers.py", line 78, in error_remapped_callable
    raise exceptions.from_grpc_error(exc) from exc
google.api_core.exceptions.ResourceExhausted: 429 You exceeded your current quota. Please migrate to Gemini 2.5 Pro Preview (models/gemini-2.5-pro-preview-03-25) for higher quota limits. For more information on this error, head to: https://ai.google.dev/gemini-api/docs/rate-limits. [violations {
  quota_metric: "generativelanguage.googleapis.com/generate_requests_per_model_per_day"
  quota_id: "GenerateRequestsPerDayPerProjectPerModel"
}
, links {
  description: "Learn more about Gemini API quotas"
  url: "https://ai.google.dev/gemini-api/docs/rate-limits"
}
]

2025-04-22 11:57:15,131 WARNING Error extracting text from Gemini response: cannot access local variable 'response' where it is not associated with a value
2025-04-22 11:57:15,131 WARNING Traceback: Traceback (most recent call last):
  File "/home/therealpananon/cscpt/ai/providers/gemini_provider.py", line 733, in complete_json
    logger.debug(f"Raw response type: {type(response)}")
                                            ^^^^^^^^
UnboundLocalError: cannot access local variable 'response' where it is not associated with a value

2025-04-22 11:57:15,131 ERROR Error generating JSON with Gemini API: cannot access local variable 'response' where it is not associated with a value
2025-04-22 11:57:15,131 ERROR Error making agent decision: cannot access local variable 'response' where it is not associated with a value
2025-04-22 11:57:15,132 ERROR Traceback (most recent call last):
  File "/home/therealpananon/cscpt/ai/providers/gemini_provider.py", line 733, in complete_json
    logger.debug(f"Raw response type: {type(response)}")
                                            ^^^^^^^^
UnboundLocalError: cannot access local variable 'response' where it is not associated with a value

During handling of the above exception, another exception occurred:

Traceback (most recent call last):
  File "/home/therealpananon/cscpt/ai/agents/base_agent.py", line 474, in make_decision
    response = await self.llm_service.complete_json(
               ^^^^^^^^^^^^^^^^^^^^^^^^^^^^^^^^^^^^^
  File "/home/therealpananon/cscpt/ai/llm_service.py", line 161, in complete_json
    resp = await prov.complete_json(
           ^^^^^^^^^^^^^^^^^^^^^^^^^
  File "/home/therealpananon/cscpt/ai/providers/gemini_provider.py", line 823, in complete_json
    response_text = str(response)
                        ^^^^^^^^
UnboundLocalError: cannot access local variable 'response' where it is not associated with a value

2025-04-22 11:57:15,132 INFO Applying game rules for action: fold, amount: None
2025-04-22 11:57:15,132 INFO Player stack: 995, Current bet: 5, Min raise: 10
